Archive member included to satisfy reference by file (symbol)

/opt/devkitpro/portlibs/3ds/lib/libssh2.a(channel.o)
                              main.o (libssh2_channel_open_ex)
/opt/devkitpro/portlibs/3ds/lib/libssh2.a(crypto.o)
                              /opt/devkitpro/portlibs/3ds/lib/libssh2.a(channel.o) (_libssh2_mbedtls_random)
/opt/devkitpro/portlibs/3ds/lib/libssh2.a(global.o)
                              main.o (libssh2_init)
/opt/devkitpro/portlibs/3ds/lib/libssh2.a(misc.o)
                              /opt/devkitpro/portlibs/3ds/lib/libssh2.a(channel.o) (_libssh2_error)
/opt/devkitpro/portlibs/3ds/lib/libssh2.a(packet.o)
                              /opt/devkitpro/portlibs/3ds/lib/libssh2.a(channel.o) (_libssh2_packet_ask)
/opt/devkitpro/portlibs/3ds/lib/libssh2.a(pem.o)
                              /opt/devkitpro/portlibs/3ds/lib/libssh2.a(crypto.o) (_libssh2_openssh_pem_parse_memory)
/opt/devkitpro/portlibs/3ds/lib/libssh2.a(session.o)
                              main.o (libssh2_session_init_ex)
/opt/devkitpro/portlibs/3ds/lib/libssh2.a(transport.o)
                              /opt/devkitpro/portlibs/3ds/lib/libssh2.a(channel.o) (_libssh2_transport_read)
/opt/devkitpro/portlibs/3ds/lib/libssh2.a(userauth.o)
                              main.o (libssh2_userauth_password_ex)
/opt/devkitpro/portlibs/3ds/lib/libssh2.a(userauth_kbd_packet.o)
                              /opt/devkitpro/portlibs/3ds/lib/libssh2.a(userauth.o) (userauth_keyboard_interactive_decode_info_request)
/opt/devkitpro/portlibs/3ds/lib/libssh2.a(bcrypt_pbkdf.o)
                              /opt/devkitpro/portlibs/3ds/lib/libssh2.a(pem.o) (_libssh2_bcrypt_pbkdf)
/opt/devkitpro/portlibs/3ds/lib/libssh2.a(crypt.o)
                              /opt/devkitpro/portlibs/3ds/lib/libssh2.a(pem.o) (libssh2_crypt_methods)
/opt/devkitpro/portlibs/3ds/lib/libssh2.a(hostkey.o)
                              /opt/devkitpro/portlibs/3ds/lib/libssh2.a(userauth.o) (libssh2_hostkey_methods)
/opt/devkitpro/portlibs/3ds/lib/libssh2.a(keepalive.o)
                              /opt/devkitpro/portlibs/3ds/lib/libssh2.a(session.o) (libssh2_keepalive_send)
/opt/devkitpro/portlibs/3ds/lib/libssh2.a(kex.o)
                              /opt/devkitpro/portlibs/3ds/lib/libssh2.a(packet.o) (_libssh2_kex_agree_instr)
/opt/devkitpro/portlibs/3ds/lib/libssh2.a(mac.o)
                              /opt/devkitpro/portlibs/3ds/lib/libssh2.a(kex.o) (_libssh2_mac_methods)
/opt/devkitpro/portlibs/3ds/lib/libssh2.a(comp.o)
                              /opt/devkitpro/portlibs/3ds/lib/libssh2.a(kex.o) (_libssh2_comp_methods)
/opt/devkitpro/portlibs/3ds/lib/libssh2.a(cipher-chachapoly.o)
                              /opt/devkitpro/portlibs/3ds/lib/libssh2.a(crypt.o) (chachapoly_init)
/opt/devkitpro/portlibs/3ds/lib/libssh2.a(poly1305.o)
                              /opt/devkitpro/portlibs/3ds/lib/libssh2.a(cipher-chachapoly.o) (poly1305_auth)
/opt/devkitpro/portlibs/3ds/lib/libssh2.a(chacha.o)
                              /opt/devkitpro/portlibs/3ds/lib/libssh2.a(cipher-chachapoly.o) (chacha_keysetup)
/opt/devkitpro/portlibs/3ds/lib/libmbedcrypto.a(bignum.o)
                              /opt/devkitpro/portlibs/3ds/lib/libssh2.a(crypto.o) (mbedtls_mpi_init)
/opt/devkitpro/portlibs/3ds/lib/libmbedcrypto.a(cipher.o)
                              /opt/devkitpro/portlibs/3ds/lib/libssh2.a(crypto.o) (mbedtls_cipher_info_from_type)
/opt/devkitpro/portlibs/3ds/lib/libmbedcrypto.a(cipher_wrap.o)
                              /opt/devkitpro/portlibs/3ds/lib/libmbedcrypto.a(cipher.o) (mbedtls_cipher_supported)
/opt/devkitpro/portlibs/3ds/lib/libmbedcrypto.a(constant_time.o)
                              /opt/devkitpro/portlibs/3ds/lib/libmbedcrypto.a(cipher.o) (mbedtls_ct_memcmp)
/opt/devkitpro/portlibs/3ds/lib/libmbedcrypto.a(ctr_drbg.o)
                              /opt/devkitpro/portlibs/3ds/lib/libssh2.a(crypto.o) (mbedtls_ctr_drbg_init)
/opt/devkitpro/portlibs/3ds/lib/libmbedcrypto.a(des.o)
                              /opt/devkitpro/portlibs/3ds/lib/libmbedcrypto.a(cipher_wrap.o) (mbedtls_des_init)
/opt/devkitpro/portlibs/3ds/lib/libmbedcrypto.a(ecdh.o)
                              /opt/devkitpro/portlibs/3ds/lib/libssh2.a(crypto.o) (mbedtls_ecdh_compute_shared)
/opt/devkitpro/portlibs/3ds/lib/libmbedcrypto.a(ecdsa.o)
                              /opt/devkitpro/portlibs/3ds/lib/libssh2.a(crypto.o) (mbedtls_ecdsa_sign)
/opt/devkitpro/portlibs/3ds/lib/libmbedcrypto.a(ecp.o)
                              /opt/devkitpro/portlibs/3ds/lib/libmbedcrypto.a(ecdh.o) (mbedtls_ecp_get_type)
/opt/devkitpro/portlibs/3ds/lib/libmbedcrypto.a(ecp_curves.o)
                              /opt/devkitpro/portlibs/3ds/lib/libssh2.a(crypto.o) (mbedtls_ecp_group_load)
/opt/devkitpro/portlibs/3ds/lib/libmbedcrypto.a(entropy.o)
                              /opt/devkitpro/portlibs/3ds/lib/libssh2.a(crypto.o) (mbedtls_entropy_init)
[...]
Memory Configuration

Name             Origin             Length             Attributes
*default*        0x00000000         0xffffffff

Linker script and memory map

                0x00000000                        __sync_synchronize = __sync_synchronize_dmb
                0x00100000                        PROVIDE (__start__ = 0x100000)
                0x00100000                        . = __start__

.text           0x00100000    0x4c1f4
 *(.crt0)
 .crt0          0x00100000       0x94 /opt/devkitpro/devkitARM/bin/../lib/gcc/arm-none-eabi/14.2.0/../../../../arm-none-eabi/lib/armv6k/fpu/3dsx_crt0.o
                0x00100000                _start
                0x00100008                __service_ptr
                0x0010000c                __apt_appid
                0x00100010                __heap_size
                0x00100014                __linear_heap_size
                0x00100018                __system_arglist
                0x0010001c                __system_runflags
 *(.init)
 .init          0x00100094        0xc /opt/devkitpro/devkitARM/bin/../lib/gcc/arm-none-eabi/14.2.0/armv6k/fpu/crti.o
                0x00100094                _init
 .init          0x001000a0        0xc /opt/devkitpro/devkitARM/bin/../lib/gcc/arm-none-eabi/14.2.0/armv6k/fpu/crtn.o
                0x001000ac                        . = ALIGN (0x4)
 *(.text)
 .text          0x001000ac      0x20c /opt/devkitpro/devkitARM/bin/../lib/gcc/arm-none-eabi/14.2.0/armv6k/fpu/libgcc.a(_udivsi3.o)
                0x001000ac                __udivsi3
                0x001000ac                __aeabi_uidiv
                0x00100298                __aeabi_uidivmod
 .text          0x001002b8      0x240 /opt/devkitpro/devkitARM/bin/../lib/gcc/arm-none-eabi/14.2.0/armv6k/fpu/libgcc.a(_divsi3.o)
                0x001002b8                __aeabi_idiv
                0x001002b8                __divsi3
                0x001004d8                __aeabi_idivmod
 .text          0x001004f8        0x4 /opt/devkitpro/devkitARM/bin/../lib/gcc/arm-none-eabi/14.2.0/armv6k/fpu/libgcc.a(_dvmd_tls.o)
                0x001004f8                __aeabi_ldiv0
                0x001004f8                __aeabi_idiv0
 .text          0x001004fc       0xd4 /opt/devkitpro/devkitARM/bin/../lib/gcc/arm-none-eabi/14.2.0/armv6k/fpu/libgcc.a(_aeabi_ldivmod.o)
                0x001004fc                __aeabi_ldivmod
 .text          0x001005d0       0x3c /opt/devkitpro/devkitARM/bin/../lib/gcc/arm-none-eabi/14.2.0/armv6k/fpu/libgcc.a(_aeabi_uldivmod.o)
                0x001005d0                __aeabi_uldivmod
 *fill*         0x0010060c       0x14 
 .text          0x00100620      0x390 /opt/devkitpro/devkitARM/bin/../lib/gcc/arm-none-eabi/14.2.0/../../../../arm-none-eabi/lib/armv6k/fpu/libg.a(libc_a-strcmp.o)
                0x00100628                strcmp
 .text          0x001009b0      0x3c0 /opt/devkitpro/devkitARM/bin/../lib/gcc/arm-none-eabi/14.2.0/armv6k/fpu/libgcc.a(_arm_addsubdf3.o)
                0x001009b0                __aeabi_drsub
                0x001009b8                __aeabi_dsub
                0x001009b8                __subdf3
                0x001009bc                __adddf3
                0x001009bc                __aeabi_dadd
                0x00100c68                __aeabi_ui2d
                0x00100c68                __floatunsidf
                0x00100c8c                __floatsidf
                0x00100c8c                __aeabi_i2d
                0x00100cb4                __extendsfdf2
                0x00100cb4                __aeabi_f2d
                0x00100cfc                __aeabi_ul2d
                0x00100cfc                __floatundidf
                0x00100d10                __floatdidf
                0x00100d10                __aeabi_l2d
 *(.text.*)
 .text.__do_global_dtors_aux
                0x00100d70       0x40 /opt/devkitpro/devkitARM/bin/../lib/gcc/arm-none-eabi/14.2.0/armv6k/fpu/crtbegin.o
 .text.frame_dummy
                0x00100db0       0x2c /opt/devkitpro/devkitARM/bin/../lib/gcc/arm-none-eabi/14.2.0/armv6k/fpu/crtbegin.o
 .text.socShutdown
                0x00100ddc       0x18 main.o
                0x00100ddc                socShutdown
 .text.startup.main
                0x00100df4      0x56c main.o
                0x00100df4                main
 .text.channel_send_eof
                0x00101360       0xa4 /opt/devkitpro/portlibs/3ds/lib/libssh2.a(channel.o)
 .text._libssh2_channel_nextid
                0x00101404       0x44 /opt/devkitpro/portlibs/3ds/lib/libssh2.a(channel.o)
                0x00101404                _libssh2_channel_nextid
 .text._libssh2_channel_locate
                0x00101448       0x84 /opt/devkitpro/portlibs/3ds/lib/libssh2.a(channel.o)
                0x00101448                _libssh2_channel_locate
 *fill*         0x001014cc        0x4 
 .text._libssh2_channel_open
                0x001014d0      0x55c /opt/devkitpro/portlibs/3ds/lib/libssh2.a(channel.o)
                0x001014d0                _libssh2_channel_open
 .text.libssh2_channel_open_ex
                0x00101a2c       0xac /opt/devkitpro/portlibs/3ds/lib/libssh2.a(channel.o)
                0x00101a2c                libssh2_channel_open_ex
 .text.libssh2_channel_request_pty_ex
                0x00101ad8      0x2b8 /opt/devkitpro/portlibs/3ds/lib/libssh2.a(channel.o)
                0x00101ad8                libssh2_channel_request_pty_ex
 .text._libssh2_channel_process_startup
                0x00101d90      0x27c /opt/devkitpro/portlibs/3ds/lib/libssh2.a(channel.o)
                0x00101d90                _libssh2_channel_process_startup
 .text.libssh2_channel_process_startup
                0x0010200c       0x90 /opt/devkitpro/portlibs/3ds/lib/libssh2.a(channel.o)
                0x0010200c                libssh2_channel_process_startup
 .text.libssh2_channel_set_blocking
                0x0010209c       0x10 /opt/devkitpro/portlibs/3ds/lib/libssh2.a(channel.o)
                0x0010209c                libssh2_channel_set_blocking
 .text._libssh2_channel_receive_window_adjust
                0x001020ac      0x114 /opt/devkitpro/portlibs/3ds/lib/libssh2.a(channel.o)
                0x001020ac                _libssh2_channel_receive_window_adjust
 .text._libssh2_channel_read
                0x001021c0      0x2ac /opt/devkitpro/portlibs/3ds/lib/libssh2.a(channel.o)
                0x001021c0                _libssh2_channel_read
 .text.libssh2_channel_read_ex
                0x0010246c       0xe4 /opt/devkitpro/portlibs/3ds/lib/libssh2.a(channel.o)
                0x0010246c                libssh2_channel_read_ex
 .text._libssh2_channel_write
                0x00102550      0x220 /opt/devkitpro/portlibs/3ds/lib/libssh2.a(channel.o)
                0x00102550                _libssh2_channel_write
 .text.libssh2_channel_write_ex
                0x00102770       0x80 /opt/devkitpro/portlibs/3ds/lib/libssh2.a(channel.o)
                0x00102770                libssh2_channel_write_ex
 .text._libssh2_channel_close
                0x001027f0      0x1c4 /opt/devkitpro/portlibs/3ds/lib/libssh2.a(channel.o)
                0x001027f0                _libssh2_channel_close
 .text._libssh2_channel_free
                0x001029b4      0x18c /opt/devkitpro/portlibs/3ds/lib/libssh2.a(channel.o)
                0x001029b4                _libssh2_channel_free
 .text._libssh2_channel_forward_cancel
                0x00102b40      0x1cc /opt/devkitpro/portlibs/3ds/lib/libssh2.a(channel.o)
                0x00102b40                _libssh2_channel_forward_cancel
 .text._libssh2_mbedtls_mpi_write_binary
                0x00102d0c       0x74 /opt/devkitpro/portlibs/3ds/lib/libssh2.a(crypto.o)
 .text._libssh2_mbedtls_parse_eckey
                0x00102d80       0xe4 /opt/devkitpro/portlibs/3ds/lib/libssh2.a(crypto.o)
 .text._libssh2_mbedtls_init
                0x00102e64       0x5c /opt/devkitpro/portlibs/3ds/lib/libssh2.a(crypto.o)
                0x00102e64                _libssh2_mbedtls_init
 .text._libssh2_mbedtls_free
                0x00102ec0       0x20 /opt/devkitpro/portlibs/3ds/lib/libssh2.a(crypto.o)
                0x00102ec0                _libssh2_mbedtls_free
 .text._libssh2_mbedtls_random
                0x00102ee0       0x2c /opt/devkitpro/portlibs/3ds/lib/libssh2.a(crypto.o)
                0x00102ee0                _libssh2_mbedtls_random
 .text._libssh2_mbedtls_cipher_init
                0x00102f0c       0x8c /opt/devkitpro/portlibs/3ds/lib/libssh2.a(crypto.o)
                0x00102f0c                _libssh2_mbedtls_cipher_init
 .text._libssh2_mbedtls_cipher_crypt
                0x00102f98      0x104 /opt/devkitpro/portlibs/3ds/lib/libssh2.a(crypto.o)
                0x00102f98                _libssh2_mbedtls_cipher_crypt
 .text._libssh2_mbedtls_cipher_dtor
                0x0010309c        0x4 /opt/devkitpro/portlibs/3ds/lib/libssh2.a(crypto.o)
                0x0010309c                _libssh2_mbedtls_cipher_dtor
 .text._libssh2_mbedtls_hash_init
                0x001030a0       0x7c /opt/devkitpro/portlibs/3ds/lib/libssh2.a(crypto.o)
                0x001030a0                _libssh2_mbedtls_hash_init
 .text._libssh2_mbedtls_hash_final
                0x0010311c       0x24 /opt/devkitpro/portlibs/3ds/lib/libssh2.a(crypto.o)
                0x0010311c                _libssh2_mbedtls_hash_final
 .text._libssh2_hmac_ctx_init
                0x00103140       0x1c /opt/devkitpro/portlibs/3ds/lib/libssh2.a(crypto.o)
                0x00103140                _libssh2_hmac_ctx_init
 .text._libssh2_hmac_md5_init
                0x0010315c       0x14 /opt/devkitpro/portlibs/3ds/lib/libssh2.a(crypto.o)
                0x0010315c                _libssh2_hmac_md5_init
 .text._libssh2_hmac_ripemd160_init
                0x00103170       0x14 /opt/devkitpro/portlibs/3ds/lib/libssh2.a(crypto.o)
                0x00103170                _libssh2_hmac_ripemd160_init
 .text._libssh2_hmac_sha1_init
                0x00103184       0x14 /opt/devkitpro/portlibs/3ds/lib/libssh2.a(crypto.o)
                0x00103184                _libssh2_hmac_sha1_init
 .text._libssh2_hmac_sha256_init
                0x00103198       0x14 /opt/devkitpro/portlibs/3ds/lib/libssh2.a(crypto.o)
                0x00103198                _libssh2_hmac_sha256_init
 .text._libssh2_hmac_sha512_init
                0x001031ac       0x14 /opt/devkitpro/portlibs/3ds/lib/libssh2.a(crypto.o)
                0x001031ac                _libssh2_hmac_sha512_init
 .text._libssh2_hmac_update
                0x001031c0       0x14 /opt/devkitpro/portlibs/3ds/lib/libssh2.a(crypto.o)
                0x001031c0                _libssh2_hmac_update
 .text._libssh2_hmac_final
                0x001031d4       0x14 /opt/devkitpro/portlibs/3ds/lib/libssh2.a(crypto.o)
                0x001031d4                _libssh2_hmac_final
 .text._libssh2_hmac_cleanup
                0x001031e8        0x4 /opt/devkitpro/portlibs/3ds/lib/libssh2.a(crypto.o)
                0x001031e8                _libssh2_hmac_cleanup
 .text._libssh2_mbedtls_bignum_init
                0x001031ec       0x24 /opt/devkitpro/portlibs/3ds/lib/libssh2.a(crypto.o)
                0x001031ec                _libssh2_mbedtls_bignum_init
 .text._libssh2_mbedtls_bignum_free
                0x00103210       0x1c /opt/devkitpro/portlibs/3ds/lib/libssh2.a(crypto.o)
                0x00103210                _libssh2_mbedtls_bignum_free
 .text._libssh2_mbedtls_rsa_new
                0x0010322c      0x160 /opt/devkitpro/portlibs/3ds/lib/libssh2.a(crypto.o)
                0x0010322c                _libssh2_mbedtls_rsa_new
 .text._libssh2_mbedtls_rsa_new_private
                0x0010338c       0xd8 /opt/devkitpro/portlibs/3ds/lib/libssh2.a(crypto.o)
                0x0010338c                _libssh2_mbedtls_rsa_new_private
 .text._libssh2_mbedtls_rsa_new_private_frommemory
                0x00103464      0x130 /opt/devkitpro/portlibs/3ds/lib/libssh2.a(crypto.o)
                0x00103464                _libssh2_mbedtls_rsa_new_private_frommemory
 .text._libssh2_mbedtls_rsa_sha2_verify
                0x00103594       0xd4 /opt/devkitpro/portlibs/3ds/lib/libssh2.a(crypto.o)
                0x00103594                _libssh2_mbedtls_rsa_sha2_verify
 .text._libssh2_mbedtls_rsa_sha1_verify
                0x00103668       0x38 /opt/devkitpro/portlibs/3ds/lib/libssh2.a(crypto.o)
                0x00103668                _libssh2_mbedtls_rsa_sha1_verify
 .text._libssh2_mbedtls_rsa_sha2_sign
                0x001036a0       0xcc /opt/devkitpro/portlibs/3ds/lib/libssh2.a(crypto.o)
                0x001036a0                _libssh2_mbedtls_rsa_sha2_sign
 .text._libssh2_mbedtls_rsa_sha1_sign
                0x0010376c        0x4 /opt/devkitpro/portlibs/3ds/lib/libssh2.a(crypto.o)
                0x0010376c                _libssh2_mbedtls_rsa_sha1_sign
 .text._libssh2_mbedtls_rsa_free
                0x00103770       0x18 /opt/devkitpro/portlibs/3ds/lib/libssh2.a(crypto.o)
                0x00103770                _libssh2_mbedtls_rsa_free
 .text._libssh2_dh_init
                0x00103788       0x28 /opt/devkitpro/portlibs/3ds/lib/libssh2.a(crypto.o)
                0x00103788                _libssh2_dh_init
 .text._libssh2_dh_key_pair
                0x001037b0       0xdc /opt/devkitpro/portlibs/3ds/lib/libssh2.a(crypto.o)
                0x001037b0                _libssh2_dh_key_pair
 .text._libssh2_dh_secret
                0x0010388c       0x30 /opt/devkitpro/portlibs/3ds/lib/libssh2.a(crypto.o)
                0x0010388c                _libssh2_dh_secret
 .text._libssh2_dh_dtor
                0x001038bc       0x30 /opt/devkitpro/portlibs/3ds/lib/libssh2.a(crypto.o)
                0x001038bc                _libssh2_dh_dtor
 .text._libssh2_mbedtls_ecdsa_create_key
                0x001038ec      0x12c /opt/devkitpro/portlibs/3ds/lib/libssh2.a(crypto.o)
                0x001038ec                _libssh2_mbedtls_ecdsa_create_key
 .text._libssh2_mbedtls_ecdsa_curve_name_with_octal_new
                0x00103a18       0xa0 /opt/devkitpro/portlibs/3ds/lib/libssh2.a(crypto.o)
                0x00103a18                _libssh2_mbedtls_ecdsa_curve_name_with_octal_new
 .text._libssh2_mbedtls_ecdh_gen_k
                0x00103ab8       0xb8 /opt/devkitpro/portlibs/3ds/lib/libssh2.a(crypto.o)
                0x00103ab8                _libssh2_mbedtls_ecdh_gen_k
 .text._libssh2_mbedtls_ecdsa_verify
                0x00103b70      0x1b8 /opt/devkitpro/portlibs/3ds/lib/libssh2.a(crypto.o)
                0x00103b70                _libssh2_mbedtls_ecdsa_verify
 .text._libssh2_mbedtls_ecdsa_sign
                0x00103d28      0x13c /opt/devkitpro/portlibs/3ds/lib/libssh2.a(crypto.o)
                0x00103d28                _libssh2_mbedtls_ecdsa_sign
 .text._libssh2_mbedtls_ecdsa_get_curve_type
                0x00103e64        0x8 /opt/devkitpro/portlibs/3ds/lib/libssh2.a(crypto.o)
                0x00103e64                _libssh2_mbedtls_ecdsa_get_curve_type
 .text._libssh2_mbedtls_ecdsa_curve_type_from_name
                0x00103e6c       0x8c /opt/devkitpro/portlibs/3ds/lib/libssh2.a(crypto.o)
                0x00103e6c                _libssh2_mbedtls_ecdsa_curve_type_from_name
 .text._libssh2_mbedtls_parse_openssh_key.isra.0
                0x00103ef8      0x188 /opt/devkitpro/portlibs/3ds/lib/libssh2.a(crypto.o)
 .text._libssh2_mbedtls_ecdsa_new_private_frommemory
                0x00104080       0xe0 /opt/devkitpro/portlibs/3ds/lib/libssh2.a(crypto.o)
                0x00104080                _libssh2_mbedtls_ecdsa_new_private_frommemory
 .text._libssh2_mbedtls_ecdsa_new_private
                0x00104160       0xd0 /opt/devkitpro/portlibs/3ds/lib/libssh2.a(crypto.o)
                0x00104160                _libssh2_mbedtls_ecdsa_new_private
 .text._libssh2_mbedtls_ecdsa_free
                0x00104230       0x18 /opt/devkitpro/portlibs/3ds/lib/libssh2.a(crypto.o)
                0x00104230                _libssh2_mbedtls_ecdsa_free
 .text.libssh2_init
                0x00104248       0x50 /opt/devkitpro/portlibs/3ds/lib/libssh2.a(global.o)
                0x00104248                libssh2_init
 .text.libssh2_exit
                0x00104298       0x3c /opt/devkitpro/portlibs/3ds/lib/libssh2.a(global.o)
                0x00104298                libssh2_exit
 .text._libssh2_init_if_needed
                0x001042d4       0x2c /opt/devkitpro/portlibs/3ds/lib/libssh2.a(global.o)
                0x001042d4                _libssh2_init_if_needed
 .text._libssh2_error
                0x00104300       0x70 /opt/devkitpro/portlibs/3ds/lib/libssh2.a(misc.o)
                0x00104300                _libssh2_error
 .text._libssh2_recv
                0x00104370       0x2c /opt/devkitpro/portlibs/3ds/lib/libssh2.a(misc.o)
                0x00104370                _libssh2_recv
 .text._libssh2_send
                0x0010439c       0x28 /opt/devkitpro/portlibs/3ds/lib/libssh2.a(misc.o)
                0x0010439c                _libssh2_send
 .text._libssh2_ntohu32
                0x001043c4        0xc /opt/devkitpro/portlibs/3ds/lib/libssh2.a(misc.o)
                0x001043c4                _libssh2_ntohu32
 .text._libssh2_htonu32
                0x001043d0        0xc /opt/devkitpro/portlibs/3ds/lib/libssh2.a(misc.o)
                0x001043d0                _libssh2_htonu32
 .text._libssh2_store_u32
                0x001043dc       0x1c /opt/devkitpro/portlibs/3ds/lib/libssh2.a(misc.o)
                0x001043dc                _libssh2_store_u32
 .text._libssh2_store_u64
                0x001043f8       0x40 /opt/devkitpro/portlibs/3ds/lib/libssh2.a(misc.o)
                0x001043f8                _libssh2_store_u64
 .text._libssh2_store_str
                0x00104438       0x4c /opt/devkitpro/portlibs/3ds/lib/libssh2.a(misc.o)
                0x00104438                _libssh2_store_str
 .text._libssh2_base64_decode
                0x00104484      0x1a0 /opt/devkitpro/portlibs/3ds/lib/libssh2.a(misc.o)
                0x00104484                _libssh2_base64_decode
 .text.libssh2_trace
                0x00104624        0x8 /opt/devkitpro/portlibs/3ds/lib/libssh2.a(misc.o)
                0x00104624                libssh2_trace
 .text._libssh2_list_add
                0x0010462c       0x24 /opt/devkitpro/portlibs/3ds/lib/libssh2.a(misc.o)
                0x0010462c                _libssh2_list_add
 .text._libssh2_list_first
                0x00104650        0x8 /opt/devkitpro/portlibs/3ds/lib/libssh2.a(misc.o)
                0x00104650                _libssh2_list_first
 .text._libssh2_list_next
                0x00104658        0x8 /opt/devkitpro/portlibs/3ds/lib/libssh2.a(misc.o)
                0x00104658                _libssh2_list_next
 .text._libssh2_list_remove
                0x00104660       0x28 /opt/devkitpro/portlibs/3ds/lib/libssh2.a(misc.o)
                0x00104660                _libssh2_list_remove
 .text._libssh2_calloc
                0x00104688       0x38 /opt/devkitpro/portlibs/3ds/lib/libssh2.a(misc.o)
                0x00104688                _libssh2_calloc
 .text._libssh2_string_buf_new
                0x001046c0       0x2c /opt/devkitpro/portlibs/3ds/lib/libssh2.a(misc.o)
                0x001046c0                _libssh2_string_buf_new
 .text._libssh2_string_buf_free
                0x001046ec       0x3c /opt/devkitpro/portlibs/3ds/lib/libssh2.a(misc.o)
                0x001046ec                _libssh2_string_buf_free
 .text._libssh2_get_u32
                0x00104728       0x40 /opt/devkitpro/portlibs/3ds/lib/libssh2.a(misc.o)
                0x00104728                _libssh2_get_u32
 .text._libssh2_get_string
                0x00104768       0x84 /opt/devkitpro/portlibs/3ds/lib/libssh2.a(misc.o)
                0x00104768                _libssh2_get_string
 .text._libssh2_copy_string
                0x001047ec       0xbc /opt/devkitpro/portlibs/3ds/lib/libssh2.a(misc.o)
                0x001047ec                _libssh2_copy_string
 .text._libssh2_get_bignum_bytes
                0x001048a8       0xac /opt/devkitpro/portlibs/3ds/lib/libssh2.a(misc.o)
                0x001048a8                _libssh2_get_bignum_bytes
 .text._libssh2_check_length
                0x00104954       0x28 /opt/devkitpro/portlibs/3ds/lib/libssh2.a(misc.o)
                0x00104954                _libssh2_check_length
 .text._libssh2_eob
                0x0010497c       0x1c /opt/devkitpro/portlibs/3ds/lib/libssh2.a(misc.o)
                0x0010497c                _libssh2_eob
 .text._libssh2_packet_add
                0x00104998     0x17e0 /opt/devkitpro/portlibs/3ds/lib/libssh2.a(packet.o)
                0x00104998                _libssh2_packet_add
 .text._libssh2_packet_ask
                0x00106178      0x114 /opt/devkitpro/portlibs/3ds/lib/libssh2.a(packet.o)
                0x00106178                _libssh2_packet_ask
 .text._libssh2_packet_require
                0x0010628c      0x140 /opt/devkitpro/portlibs/3ds/lib/libssh2.a(packet.o)
                0x0010628c                _libssh2_packet_require
 .text._libssh2_packet_burn
                0x001063cc      0x140 /opt/devkitpro/portlibs/3ds/lib/libssh2.a(packet.o)
                0x001063cc                _libssh2_packet_burn
 .text._libssh2_packet_requirev
                0x0010650c      0x1f8 /opt/devkitpro/portlibs/3ds/lib/libssh2.a(packet.o)
                0x0010650c                _libssh2_packet_requirev
 .text._libssh2_openssh_pem_parse_data
                0x00106704      0x9a8 /opt/devkitpro/portlibs/3ds/lib/libssh2.a(pem.o)
 .text.readline_memory.constprop.0.isra.0
                0x001070ac       0x9c /opt/devkitpro/portlibs/3ds/lib/libssh2.a(pem.o)
 .text._libssh2_openssh_pem_parse_memory
                0x00107148      0x238 /opt/devkitpro/portlibs/3ds/lib/libssh2.a(pem.o)
                0x00107148                _libssh2_openssh_pem_parse_memory
 .text.libssh2_default_realloc
                0x00107380        0x4 /opt/devkitpro/portlibs/3ds/lib/libssh2.a(session.o)
 .text.libssh2_default_free
                0x00107384        0x4 /opt/devkitpro/portlibs/3ds/lib/libssh2.a(session.o)
 .text.libssh2_default_alloc
                0x00107388        0x4 /opt/devkitpro/portlibs/3ds/lib/libssh2.a(session.o)
 .text.libssh2_session_init_ex
                0x0010738c       0xc0 /opt/devkitpro/portlibs/3ds/lib/libssh2.a(session.o)
                0x0010738c                libssh2_session_init_ex
 *fill*         0x0010744c        0x4 
 .text._libssh2_wait_socket
                0x00107450      0x1a4 /opt/devkitpro/portlibs/3ds/lib/libssh2.a(session.o)
                0x00107450                _libssh2_wait_socket
 .text.libssh2_session_handshake
                0x001075f4      0x65c /opt/devkitpro/portlibs/3ds/lib/libssh2.a(session.o)
                0x001075f4                libssh2_session_handshake
 .text.libssh2_session_free
                0x00107c50      0x6b0 /opt/devkitpro/portlibs/3ds/lib/libssh2.a(session.o)
                0x00107c50                libssh2_session_free
 .text.libssh2_session_disconnect_ex
                0x00108300      0x1b8 /opt/devkitpro/portlibs/3ds/lib/libssh2.a(session.o)
                0x00108300                libssh2_session_disconnect_ex
 .text.libssh2_session_last_errno
                0x001084b8        0x8 /opt/devkitpro/portlibs/3ds/lib/libssh2.a(session.o)
                0x001084b8                libssh2_session_last_errno
 .text._libssh2_session_set_blocking
                0x001084c0       0x10 /opt/devkitpro/portlibs/3ds/lib/libssh2.a(session.o)
                0x001084c0                _libssh2_session_set_blocking
 .text.decrypt  0x001084d0      0x1bc /opt/devkitpro/portlibs/3ds/lib/libssh2.a(transport.o)
 .text._libssh2_transport_read
                0x0010868c      0xd3c /opt/devkitpro/portlibs/3ds/lib/libssh2.a(transport.o)
                0x0010868c                _libssh2_transport_read
 .text._libssh2_transport_send
                0x001093c8      0x730 /opt/devkitpro/portlibs/3ds/lib/libssh2.a(transport.o)
                0x001093c8                _libssh2_transport_send
 .text.libssh2_userauth_password_ex
                0x00109af8      0x5a4 /opt/devkitpro/portlibs/3ds/lib/libssh2.a(userauth.o)
                0x00109af8                libssh2_userauth_password_ex
 .text.Blowfish_encipher
                0x0010a09c      0x4ec /opt/devkitpro/portlibs/3ds/lib/libssh2.a(bcrypt_pbkdf.o)
 .text.Blowfish_expand0state.constprop.0
                0x0010a588       0xe0 /opt/devkitpro/portlibs/3ds/lib/libssh2.a(bcrypt_pbkdf.o)
 .text.bcrypt_hash
                0x0010a668      0x310 /opt/devkitpro/portlibs/3ds/lib/libssh2.a(bcrypt_pbkdf.o)
 .text._libssh2_bcrypt_pbkdf
                0x0010a978      0x2bc /opt/devkitpro/portlibs/3ds/lib/libssh2.a(bcrypt_pbkdf.o)
                0x0010a978                _libssh2_bcrypt_pbkdf
 .text.crypt_dtor_chacha20_poly
                0x0010ac34       0x34 /opt/devkitpro/portlibs/3ds/lib/libssh2.a(crypt.o)
 .text.crypt_dtor
                0x0010ac68       0x44 /opt/devkitpro/portlibs/3ds/lib/libssh2.a(crypt.o)
 .text.crypt_encrypt
                0x0010acac       0x30 /opt/devkitpro/portlibs/3ds/lib/libssh2.a(crypt.o)
 .text.crypt_init
                0x0010acdc       0x9c /opt/devkitpro/portlibs/3ds/lib/libssh2.a(crypt.o)
 .text.crypt_encrypt_chacha20_poly_buffer
                0x0010ad78       0xac /opt/devkitpro/portlibs/3ds/lib/libssh2.a(crypt.o)
 .text.crypt_get_length_chacha20_poly
                0x0010ae24       0x34 /opt/devkitpro/portlibs/3ds/lib/libssh2.a(crypt.o)
 .text.crypt_init_chacha20_poly
                0x0010ae58       0x8c /opt/devkitpro/portlibs/3ds/lib/libssh2.a(crypt.o)
 .text.libssh2_crypt_methods
                0x0010aee4        0xc /opt/devkitpro/portlibs/3ds/lib/libssh2.a(crypt.o)
                0x0010aee4                libssh2_crypt_methods
 .text.hostkey_method_ssh_rsa_dtor
                0x0010aef0       0x1c /opt/devkitpro/portlibs/3ds/lib/libssh2.a(hostkey.o)
 .text.hostkey_method_ssh_rsa_signv
                0x0010af0c       0xc8 /opt/devkitpro/portlibs/3ds/lib/libssh2.a(hostkey.o)
 .text.hostkey_method_ssh_rsa_initPEMFromMemory
                0x0010afd4       0x68 /opt/devkitpro/portlibs/3ds/lib/libssh2.a(hostkey.o)
 .text.hostkey_method_ssh_rsa_initPEM
                0x0010b03c       0x5c /opt/devkitpro/portlibs/3ds/lib/libssh2.a(hostkey.o)
 .text.hostkey_method_ssh_rsa_sig_verify
                0x0010b098       0x2c /opt/devkitpro/portlibs/3ds/lib/libssh2.a(hostkey.o)
 .text.hostkey_method_ssh_rsa_init
                0x0010b0c4      0x178 /opt/devkitpro/portlibs/3ds/lib/libssh2.a(hostkey.o)
 .text.hostkey_method_ssh_rsa_sha2_256_signv
                0x0010b23c       0xc8 /opt/devkitpro/portlibs/3ds/lib/libssh2.a(hostkey.o)
 .text.hostkey_method_ssh_rsa_sha2_512_signv
                0x0010b304       0xc8 /opt/devkitpro/portlibs/3ds/lib/libssh2.a(hostkey.o)
 .text.hostkey_method_ssh_rsa_sha2_256_sig_verify
                0x0010b3cc       0x40 /opt/devkitpro/portlibs/3ds/lib/libssh2.a(hostkey.o)
 .text.hostkey_method_ssh_rsa_sha2_512_sig_verify
                0x0010b40c       0x40 /opt/devkitpro/portlibs/3ds/lib/libssh2.a(hostkey.o)
 .text.hostkey_method_ssh_ecdsa_dtor
                0x0010b44c       0x24 /opt/devkitpro/portlibs/3ds/lib/libssh2.a(hostkey.o)
 .text.hostkey_method_ssh_ecdsa_signv
                0x0010b470      0x210 /opt/devkitpro/portlibs/3ds/lib/libssh2.a(hostkey.o)
 .text.hostkey_method_ssh_ecdsa_initPEMFromMemory
                0x0010b680       0x9c /opt/devkitpro/portlibs/3ds/lib/libssh2.a(hostkey.o)
 .text.hostkey_method_ssh_ecdsa_initPEM
                0x0010b71c       0x90 /opt/devkitpro/portlibs/3ds/lib/libssh2.a(hostkey.o)
 .text.hostkey_method_ssh_ecdsa_sig_verify
                0x0010b7ac       0xd0 /opt/devkitpro/portlibs/3ds/lib/libssh2.a(hostkey.o)
 .text.hostkey_method_ssh_ecdsa_init
                0x0010b87c      0x1b4 /opt/devkitpro/portlibs/3ds/lib/libssh2.a(hostkey.o)
 .text.libssh2_hostkey_methods
                0x0010ba30        0xc /opt/devkitpro/portlibs/3ds/lib/libssh2.a(hostkey.o)
                0x0010ba30                libssh2_hostkey_methods
 .text.libssh2_keepalive_send
                0x0010ba3c      0x110 /opt/devkitpro/portlibs/3ds/lib/libssh2.a(keepalive.o)
                0x0010ba3c                libssh2_keepalive_send
 .text.kex_method_list
                0x0010bb4c       0x80 /opt/devkitpro/portlibs/3ds/lib/libssh2.a(kex.o)
 .text.diffie_hellman_state_cleanup
                0x0010bbcc       0xa8 /opt/devkitpro/portlibs/3ds/lib/libssh2.a(kex.o)
 .text.kex_diffie_hellman_cleanup
                0x0010bc74       0x78 /opt/devkitpro/portlibs/3ds/lib/libssh2.a(kex.o)
 .text._libssh2_sha_algo_ctx_update
                0x0010bcec       0x48 /opt/devkitpro/portlibs/3ds/lib/libssh2.a(kex.o)
 .text.kex_session_ecdh_curve_type
                0x0010bd34       0x7c /opt/devkitpro/portlibs/3ds/lib/libssh2.a(kex.o)
 .text.ecdh_sha2_nistp
                0x0010bdb0     0x2380 /opt/devkitpro/portlibs/3ds/lib/libssh2.a(kex.o)
 .text._libssh2_sha_algo_value_hash.constprop.0
                0x0010e130      0x448 /opt/devkitpro/portlibs/3ds/lib/libssh2.a(kex.o)
 .text.diffie_hellman_sha_algo
                0x0010e578     0x10c8 /opt/devkitpro/portlibs/3ds/lib/libssh2.a(kex.o)
 .text.kex_method_diffie_hellman_group_exchange_sha1_key_exchange
                0x0010f640      0x2c4 /opt/devkitpro/portlibs/3ds/lib/libssh2.a(kex.o)
 .text.kex_method_diffie_hellman_group_exchange_sha256_key_exchange
                0x0010f904      0x2c4 /opt/devkitpro/portlibs/3ds/lib/libssh2.a(kex.o)
 .text.kex_method_diffie_hellman_group1_sha1_key_exchange
                0x0010fbc8      0x114 /opt/devkitpro/portlibs/3ds/lib/libssh2.a(kex.o)
 .text.kex_method_diffie_hellman_group18_sha512_key_exchange
                0x0010fcdc      0x114 /opt/devkitpro/portlibs/3ds/lib/libssh2.a(kex.o)
 .text.kex_method_diffie_hellman_group16_sha512_key_exchange
                0x0010fdf0      0x110 /opt/devkitpro/portlibs/3ds/lib/libssh2.a(kex.o)
 .text.kex_method_diffie_hellman_group14_key_exchange.constprop.0
                0x0010ff00      0x118 /opt/devkitpro/portlibs/3ds/lib/libssh2.a(kex.o)
 .text.kex_method_diffie_hellman_group14_sha256_key_exchange
                0x00110018       0x1c /opt/devkitpro/portlibs/3ds/lib/libssh2.a(kex.o)
 .text.kex_method_diffie_hellman_group14_sha1_key_exchange
                0x00110034       0x1c /opt/devkitpro/portlibs/3ds/lib/libssh2.a(kex.o)
 .text.kex_method_ecdh_cleanup
                0x00110050       0xac /opt/devkitpro/portlibs/3ds/lib/libssh2.a(kex.o)
 .text.kex_method_ecdh_key_exchange
                0x001100fc      0x218 /opt/devkitpro/portlibs/3ds/lib/libssh2.a(kex.o)
 .text.kex_method_strlen
                0x00110314       0x5c /opt/devkitpro/portlibs/3ds/lib/libssh2.a(kex.o)
 .text._libssh2_kex_agree_instr
                0x00110370      0x100 /opt/devkitpro/portlibs/3ds/lib/libssh2.a(kex.o)
                0x00110370                _libssh2_kex_agree_instr
 .text.kex_agree_hostkey
                0x00110470      0x1ec /opt/devkitpro/portlibs/3ds/lib/libssh2.a(kex.o)
 .text.kex_agree_comp
                0x0011065c      0x140 /opt/devkitpro/portlibs/3ds/lib/libssh2.a(kex.o)
 .text.kex_agree_mac.isra.0
                0x0011079c      0x154 /opt/devkitpro/portlibs/3ds/lib/libssh2.a(kex.o)
 .text.kex_agree_crypt.isra.0
                0x001108f0      0x140 /opt/devkitpro/portlibs/3ds/lib/libssh2.a(kex.o)
 .text._libssh2_kex_exchange
                0x00110a30      0xc94 /opt/devkitpro/portlibs/3ds/lib/libssh2.a(kex.o)
                0x00110a30                _libssh2_kex_exchange
 .text.mac_method_common_init
                0x001116c4       0x10 /opt/devkitpro/portlibs/3ds/lib/libssh2.a(mac.o)
 .text.mac_method_common_dtor
                0x001116d4       0x2c /opt/devkitpro/portlibs/3ds/lib/libssh2.a(mac.o)
 .text.mac_method_hmac_ripemd160_hash
                0x00111700       0xe8 /opt/devkitpro/portlibs/3ds/lib/libssh2.a(mac.o)
 .text.mac_method_hmac_md5_hash
                0x001117e8       0xe8 /opt/devkitpro/portlibs/3ds/lib/libssh2.a(mac.o)
 .text.mac_method_hmac_md5_96_hash
                0x001118d0       0x58 /opt/devkitpro/portlibs/3ds/lib/libssh2.a(mac.o)
 .text.mac_method_hmac_sha1_hash
                0x00111928       0xe8 /opt/devkitpro/portlibs/3ds/lib/libssh2.a(mac.o)
 .text.mac_method_hmac_sha1_96_hash
                0x00111a10       0x58 /opt/devkitpro/portlibs/3ds/lib/libssh2.a(mac.o)
 .text.mac_method_hmac_sha2_512_hash
                0x00111a68       0xe8 /opt/devkitpro/portlibs/3ds/lib/libssh2.a(mac.o)
 .text.mac_method_hmac_sha2_256_hash
                0x00111b50       0xe8 /opt/devkitpro/portlibs/3ds/lib/libssh2.a(mac.o)
 .text._libssh2_mac_methods
                0x00111c38        0xc /opt/devkitpro/portlibs/3ds/lib/libssh2.a(mac.o)
                0x00111c38                _libssh2_mac_methods
 .text._libssh2_mac_override
                0x00111c44        0x8 /opt/devkitpro/portlibs/3ds/lib/libssh2.a(mac.o)
                0x00111c44                _libssh2_mac_override
 .text.comp_method_none_comp
                0x00111c4c        0x8 /opt/devkitpro/portlibs/3ds/lib/libssh2.a(comp.o)
 .text.comp_method_none_decomp
                0x00111c54       0x18 /opt/devkitpro/portlibs/3ds/lib/libssh2.a(comp.o)
 .text._libssh2_comp_methods
                0x00111c6c       0x20 /opt/devkitpro/portlibs/3ds/lib/libssh2.a(comp.o)
                0x00111c6c                _libssh2_comp_methods
 .text.chachapoly_init
                0x00111c8c       0x3c /opt/devkitpro/portlibs/3ds/lib/libssh2.a(cipher-chachapoly.o)
                0x00111c8c                chachapoly_init
 .text.chachapoly_crypt
                0x00111cc8      0x1ec /opt/devkitpro/portlibs/3ds/lib/libssh2.a(cipher-chachapoly.o)
                0x00111cc8                chachapoly_crypt
 .text.chachapoly_get_length
                0x00111eb4       0x80 /opt/devkitpro/portlibs/3ds/lib/libssh2.a(cipher-chachapoly.o)
                0x00111eb4                chachapoly_get_length
 .text.poly1305_auth
                0x00111f34      0x4ec /opt/devkitpro/portlibs/3ds/lib/libssh2.a(poly1305.o)
                0x00111f34                poly1305_auth
 .text.chacha_keysetup
                0x00112420       0x7c /opt/devkitpro/portlibs/3ds/lib/libssh2.a(chacha.o)
                0x00112420                chacha_keysetup
 .text.chacha_ivsetup
                0x0011249c       0x30 /opt/devkitpro/portlibs/3ds/lib/libssh2.a(chacha.o)
                0x0011249c                chacha_ivsetup
 .text.chacha_encrypt_bytes
                0x001124cc      0x59c /opt/devkitpro/portlibs/3ds/lib/libssh2.a(chacha.o)
                0x001124cc                chacha_encrypt_bytes
 .text.mpi_mul_hlp
                0x00112a68      0x218 /opt/devkitpro/portlibs/3ds/lib/libmbedcrypto.a(bignum.o)
 .text.mpi_fill_random_internal
                0x00112c80       0xc0 /opt/devkitpro/portlibs/3ds/lib/libmbedcrypto.a(bignum.o)
 .text.mbedtls_mpi_init
                0x00112d40       0x14 /opt/devkitpro/portlibs/3ds/lib/libmbedcrypto.a(bignum.o)
                0x00112d40                mbedtls_mpi_init
 .text.mbedtls_mpi_free
                0x00112d54       0x40 /opt/devkitpro/portlibs/3ds/lib/libmbedcrypto.a(bignum.o)
                0x00112d54                mbedtls_mpi_free
 .text.mbedtls_mpi_grow
                0x00112d94       0x90 /opt/devkitpro/portlibs/3ds/lib/libmbedcrypto.a(bignum.o)
                0x00112d94                mbedtls_mpi_grow
 .text.mbedtls_mpi_resize_clear
                0x00112e24       0xb4 /opt/devkitpro/portlibs/3ds/lib/libmbedcrypto.a(bignum.o)
 .text.mbedtls_mpi_shrink
                0x00112ed8       0xcc /opt/devkitpro/portlibs/3ds/lib/libmbedcrypto.a(bignum.o)
                0x00112ed8                mbedtls_mpi_shrink
 .text.mbedtls_mpi_copy
                0x00112fa4       0xf4 /opt/devkitpro/portlibs/3ds/lib/libmbedcrypto.a(bignum.o)
                0x00112fa4                mbedtls_mpi_copy
 .text.mbedtls_mpi_lset
                0x00113098       0x98 /opt/devkitpro/portlibs/3ds/lib/libmbedcrypto.a(bignum.o)
                0x00113098                mbedtls_mpi_lset
 .text.mbedtls_mpi_get_bit
                0x00113130       0x28 /opt/devkitpro/portlibs/3ds/lib/libmbedcrypto.a(bignum.o)
                0x00113130                mbedtls_mpi_get_bit
 .text.mbedtls_mpi_set_bit
                0x00113158       0x74 /opt/devkitpro/portlibs/3ds/lib/libmbedcrypto.a(bignum.o)
                0x00113158                mbedtls_mpi_set_bit
 .text.mbedtls_mpi_lsb
                0x001131cc       0x64 /opt/devkitpro/portlibs/3ds/lib/libmbedcrypto.a(bignum.o)
                0x001131cc                mbedtls_mpi_lsb
 .text.mbedtls_mpi_bitlen
                0x00113230       0x78 /opt/devkitpro/portlibs/3ds/lib/libmbedcrypto.a(bignum.o)
                0x00113230                mbedtls_mpi_bitlen
 .text.mbedtls_mpi_size
                0x001132a8       0x14 /opt/devkitpro/portlibs/3ds/lib/libmbedcrypto.a(bignum.o)
                0x001132a8                mbedtls_mpi_size
 .text.mbedtls_mpi_read_binary_le
                0x001132bc       0x68 /opt/devkitpro/portlibs/3ds/lib/libmbedcrypto.a(bignum.o)
                0x001132bc                mbedtls_mpi_read_binary_le
 .text.mbedtls_mpi_read_binary
                0x00113324       0xa4 /opt/devkitpro/portlibs/3ds/lib/libmbedcrypto.a(bignum.o)
                0x00113324                mbedtls_mpi_read_binary
 .text.mbedtls_mpi_write_binary_le
                0x001133c8      0x104 /opt/devkitpro/portlibs/3ds/lib/libmbedcrypto.a(bignum.o)
                0x001133c8                mbedtls_mpi_write_binary_le
 .text.mbedtls_mpi_write_binary
                0x001134cc       0xb8 /opt/devkitpro/portlibs/3ds/lib/libmbedcrypto.a(bignum.o)
                0x001134cc                mbedtls_mpi_write_binary
 .text.mbedtls_mpi_shift_l
                0x00113584       0xfc /opt/devkitpro/portlibs/3ds/lib/libmbedcrypto.a(bignum.o)
                0x00113584                mbedtls_mpi_shift_l
 .text.mbedtls_mpi_shift_r
                0x00113680      0x124 /opt/devkitpro/portlibs/3ds/lib/libmbedcrypto.a(bignum.o)
                0x00113680                mbedtls_mpi_shift_r
 .text.mbedtls_mpi_cmp_abs
                0x001137a4       0xc8 /opt/devkitpro/portlibs/3ds/lib/libmbedcrypto.a(bignum.o)
                0x001137a4                mbedtls_mpi_cmp_abs
 .text.mbedtls_mpi_cmp_mpi
                0x0011386c      0x104 /opt/devkitpro/portlibs/3ds/lib/libmbedcrypto.a(bignum.o)
                0x0011386c                mbedtls_mpi_cmp_mpi
 .text.mbedtls_mpi_cmp_int
                0x00113970       0x38 /opt/devkitpro/portlibs/3ds/lib/libmbedcrypto.a(bignum.o)
                0x00113970                mbedtls_mpi_cmp_int
 .text.mbedtls_mpi_add_abs
                0x001139a8      0x128 /opt/devkitpro/portlibs/3ds/lib/libmbedcrypto.a(bignum.o)
                0x001139a8                mbedtls_mpi_add_abs
 .text.mbedtls_mpi_sub_abs
                0x00113ad0      0x188 /opt/devkitpro/portlibs/3ds/lib/libmbedcrypto.a(bignum.o)
                0x00113ad0                mbedtls_mpi_sub_abs
 .text.add_sub_mpi
                0x00113c58       0xac /opt/devkitpro/portlibs/3ds/lib/libmbedcrypto.a(bignum.o)
 .text.mbedtls_mpi_add_mpi
                0x00113d04        0x8 /opt/devkitpro/portlibs/3ds/lib/libmbedcrypto.a(bignum.o)
                0x00113d04                mbedtls_mpi_add_mpi
 .text.mbedtls_mpi_sub_mpi
                0x00113d0c        0x8 /opt/devkitpro/portlibs/3ds/lib/libmbedcrypto.a(bignum.o)
                0x00113d0c                mbedtls_mpi_sub_mpi
 .text.mbedtls_mpi_add_int
                0x00113d14       0x38 /opt/devkitpro/portlibs/3ds/lib/libmbedcrypto.a(bignum.o)
                0x00113d14                mbedtls_mpi_add_int
 .text.mbedtls_mpi_sub_int
                0x00113d4c       0x3c /opt/devkitpro/portlibs/3ds/lib/libmbedcrypto.a(bignum.o)
                0x00113d4c                mbedtls_mpi_sub_int
 .text.mbedtls_mpi_mul_mpi
                0x00113d88      0x200 /opt/devkitpro/portlibs/3ds/lib/libmbedcrypto.a(bignum.o)
                0x00113d88                mbedtls_mpi_mul_mpi
 .text.mbedtls_mpi_mul_int
                0x00113f88       0xd0 /opt/devkitpro/portlibs/3ds/lib/libmbedcrypto.a(bignum.o)
                0x00113f88                mbedtls_mpi_mul_int
 .text.mbedtls_mpi_div_mpi
                0x00114058      0x8c4 /opt/devkitpro/portlibs/3ds/lib/libmbedcrypto.a(bignum.o)
                0x00114058                mbedtls_mpi_div_mpi
 .text.mbedtls_mpi_mod_mpi
                0x0011491c       0xfc /opt/devkitpro/portlibs/3ds/lib/libmbedcrypto.a(bignum.o)
                0x0011491c                mbedtls_mpi_mod_mpi
 .text.mbedtls_mpi_mod_int
                0x00114a18       0xb8 /opt/devkitpro/portlibs/3ds/lib/libmbedcrypto.a(bignum.o)
                0x00114a18                mbedtls_mpi_mod_int
 .text.mpi_check_small_factors
                0x00114ad0       0xa8 /opt/devkitpro/portlibs/3ds/lib/libmbedcrypto.a(bignum.o)
 .text.mbedtls_mpi_montmul_init
                0x00114b78       0x3c /opt/devkitpro/portlibs/3ds/lib/libmbedcrypto.a(bignum.o)
                0x00114b78                mbedtls_mpi_montmul_init
 .text.mbedtls_mpi_montmul
                0x00114bb4      0x198 /opt/devkitpro/portlibs/3ds/lib/libmbedcrypto.a(bignum.o)
                0x00114bb4                mbedtls_mpi_montmul
 .text.mbedtls_mpi_get_mont_r2_unsafe
                0x00114d4c       0x8c /opt/devkitpro/portlibs/3ds/lib/libmbedcrypto.a(bignum.o)
                0x00114d4c                mbedtls_mpi_get_mont_r2_unsafe
 .text.mbedtls_mpi_exp_mod
                0x00114dd8      0xa0c /opt/devkitpro/portlibs/3ds/lib/libmbedcrypto.a(bignum.o)
                0x00114dd8                mbedtls_mpi_exp_mod
 .text.mpi_miller_rabin
                0x001157e4      0x6cc /opt/devkitpro/portlibs/3ds/lib/libmbedcrypto.a(bignum.o)
 .text.mbedtls_mpi_gcd
                0x00115eb0      0x46c /opt/devkitpro/portlibs/3ds/lib/libmbedcrypto.a(bignum.o)
                0x00115eb0                mbedtls_mpi_gcd
 .text.mbedtls_mpi_fill_random
                0x0011631c       0x54 /opt/devkitpro/portlibs/3ds/lib/libmbedcrypto.a(bignum.o)
                0x0011631c                mbedtls_mpi_fill_random
 .text.mbedtls_mpi_random
                0x00116370      0x1ac /opt/devkitpro/portlibs/3ds/lib/libmbedcrypto.a(bignum.o)
                0x00116370                mbedtls_mpi_random
 .text.mbedtls_mpi_inv_mod
                0x0011651c      0xcb4 /opt/devkitpro/portlibs/3ds/lib/libmbedcrypto.a(bignum.o)
                0x0011651c                mbedtls_mpi_inv_mod
 .text.mbedtls_mpi_is_prime_ext
                0x001171d0       0xd0 /opt/devkitpro/portlibs/3ds/lib/libmbedcrypto.a(bignum.o)
                0x001171d0                mbedtls_mpi_is_prime_ext
 .text.add_pkcs_padding
                0x001172a0       0x38 /opt/devkitpro/portlibs/3ds/lib/libmbedcrypto.a(cipher.o)
 .text.add_one_and_zeros_padding
                0x001172d8       0x44 /opt/devkitpro/portlibs/3ds/lib/libmbedcrypto.a(cipher.o)
 .text.add_zeros_and_len_padding
                0x0011731c       0x48 /opt/devkitpro/portlibs/3ds/lib/libmbedcrypto.a(cipher.o)
 .text.add_zeros_padding
                0x00117364       0x20 /opt/devkitpro/portlibs/3ds/lib/libmbedcrypto.a(cipher.o)
 .text.get_no_padding
                0x00117384       0x20 /opt/devkitpro/portlibs/3ds/lib/libmbedcrypto.a(cipher.o)
 .text.get_zeros_and_len_padding
                0x001173a4       0xb0 /opt/devkitpro/portlibs/3ds/lib/libmbedcrypto.a(cipher.o)
 .text.get_pkcs_padding
                0x00117454       0xb4 /opt/devkitpro/portlibs/3ds/lib/libmbedcrypto.a(cipher.o)
 .text.get_one_and_zeros_padding
                0x00117508       0xbc /opt/devkitpro/portlibs/3ds/lib/libmbedcrypto.a(cipher.o)
 .text.get_zeros_padding
                0x001175c4       0x84 /opt/devkitpro/portlibs/3ds/lib/libmbedcrypto.a(cipher.o)
 .text.mbedtls_cipher_info_from_type
                0x00117648       0x40 /opt/devkitpro/portlibs/3ds/lib/libmbedcrypto.a(cipher.o)
                0x00117648                mbedtls_cipher_info_from_type
 .text.mbedtls_cipher_info_from_values
                0x00117688       0x64 /opt/devkitpro/portlibs/3ds/lib/libmbedcrypto.a(cipher.o)
                0x00117688                mbedtls_cipher_info_from_values
 .text.mbedtls_cipher_init
                0x001176ec        0xc /opt/devkitpro/portlibs/3ds/lib/libmbedcrypto.a(cipher.o)
                0x001176ec                mbedtls_cipher_init
 .text.mbedtls_cipher_free
                0x001176f8       0x54 /opt/devkitpro/portlibs/3ds/lib/libmbedcrypto.a(cipher.o)
                0x001176f8                mbedtls_cipher_free
 .text.mbedtls_cipher_setup
                0x0011774c       0x74 /opt/devkitpro/portlibs/3ds/lib/libmbedcrypto.a(cipher.o)
                0x0011774c                mbedtls_cipher_setup
 .text.mbedtls_cipher_setkey
                0x001177c0       0x8c /opt/devkitpro/portlibs/3ds/lib/libmbedcrypto.a(cipher.o)
                0x001177c0                mbedtls_cipher_setkey
 .text.mbedtls_cipher_set_iv
                0x0011784c       0xdc /opt/devkitpro/portlibs/3ds/lib/libmbedcrypto.a(cipher.o)
                0x0011784c                mbedtls_cipher_set_iv
 .text.mbedtls_cipher_reset
                0x00117928       0x24 /opt/devkitpro/portlibs/3ds/lib/libmbedcrypto.a(cipher.o)
                0x00117928                mbedtls_cipher_reset
 .text.mbedtls_cipher_update
                0x0011794c      0x3dc /opt/devkitpro/portlibs/3ds/lib/libmbedcrypto.a(cipher.o)
                0x0011794c                mbedtls_cipher_update
 .text.mbedtls_cipher_finish
                0x00117d28      0x164 /opt/devkitpro/portlibs/3ds/lib/libmbedcrypto.a(cipher.o)
                0x00117d28                mbedtls_cipher_finish
 .text.mbedtls_cipher_set_padding_mode
                0x00117e8c       0xd8 /opt/devkitpro/portlibs/3ds/lib/libmbedcrypto.a(cipher.o)
                0x00117e8c                mbedtls_cipher_set_padding_mode
 .text.mbedtls_cipher_crypt
                0x00117f64       0x9c /opt/devkitpro/portlibs/3ds/lib/libmbedcrypto.a(cipher.o)
                0x00117f64                mbedtls_cipher_crypt
 .text.chachapoly_ctx_free
                0x00118000       0x18 /opt/devkitpro/portlibs/3ds/lib/libmbedcrypto.a(cipher_wrap.o)
 .text.chachapoly_ctx_alloc
                0x00118018       0x24 /opt/devkitpro/portlibs/3ds/lib/libmbedcrypto.a(cipher_wrap.o)
 .text.chachapoly_setkey_wrap
                0x0011803c       0x2c /opt/devkitpro/portlibs/3ds/lib/libmbedcrypto.a(cipher_wrap.o)
 .text.chacha20_ctx_free
                0x00118068       0x18 /opt/devkitpro/portlibs/3ds/lib/libmbedcrypto.a(cipher_wrap.o)
 .text.chacha20_ctx_alloc
                0x00118080       0x24 /opt/devkitpro/portlibs/3ds/lib/libmbedcrypto.a(cipher_wrap.o)
 .text.chacha20_setkey_wrap
                0x001180a4       0x2c /opt/devkitpro/portlibs/3ds/lib/libmbedcrypto.a(cipher_wrap.o)
 .text.chacha20_stream_wrap
                0x001180d0       0x1c /opt/devkitpro/portlibs/3ds/lib/libmbedcrypto.a(cipher_wrap.o)
 .text.des3_ctx_free
                0x001180ec       0x18 /opt/devkitpro/portlibs/3ds/lib/libmbedcrypto.a(cipher_wrap.o)
 .text.des3_ctx_alloc
                0x00118104       0x24 /opt/devkitpro/portlibs/3ds/lib/libmbedcrypto.a(cipher_wrap.o)
 .text.des3_set3key_dec_wrap
                0x00118128        0x4 /opt/devkitpro/portlibs/3ds/lib/libmbedcrypto.a(cipher_wrap.o)
 .text.des3_set3key_enc_wrap
                0x0011812c        0x4 /opt/devkitpro/portlibs/3ds/lib/libmbedcrypto.a(cipher_wrap.o)
 .text.des3_crypt_cbc_wrap
                0x00118130        0x4 /opt/devkitpro/portlibs/3ds/lib/libmbedcrypto.a(cipher_wrap.o)
 .text.des3_crypt_ecb_wrap
                0x00118134        0xc /opt/devkitpro/portlibs/3ds/lib/libmbedcrypto.a(cipher_wrap.o)
 .text.des3_set2key_dec_wrap
                0x00118140        0x4 /opt/devkitpro/portlibs/3ds/lib/libmbedcrypto.a(cipher_wrap.o)
 .text.des3_set2key_enc_wrap
                0x00118144        0x4 /opt/devkitpro/portlibs/3ds/lib/libmbedcrypto.a(cipher_wrap.o)
 .text.des_ctx_free
                0x00118148       0x18 /opt/devkitpro/portlibs/3ds/lib/libmbedcrypto.a(cipher_wrap.o)
 .text.des_ctx_alloc
                0x00118160       0x24 /opt/devkitpro/portlibs/3ds/lib/libmbedcrypto.a(cipher_wrap.o)
 .text.des_setkey_dec_wrap
                0x00118184        0x4 /opt/devkitpro/portlibs/3ds/lib/libmbedcrypto.a(cipher_wrap.o)
 .text.des_setkey_enc_wrap
                0x00118188        0x4 /opt/devkitpro/portlibs/3ds/lib/libmbedcrypto.a(cipher_wrap.o)
 .text.des_crypt_cbc_wrap
                0x0011818c        0x4 /opt/devkitpro/portlibs/3ds/lib/libmbedcrypto.a(cipher_wrap.o)
 .text.des_crypt_ecb_wrap
                0x00118190        0xc /opt/devkitpro/portlibs/3ds/lib/libmbedcrypto.a(cipher_wrap.o)
 .text.ccm_ctx_free
                0x0011819c       0x18 /opt/devkitpro/portlibs/3ds/lib/libmbedcrypto.a(cipher_wrap.o)
 .text.ccm_ctx_alloc
                0x001181b4       0x24 /opt/devkitpro/portlibs/3ds/lib/libmbedcrypto.a(cipher_wrap.o)
 .text.ccm_camellia_setkey_wrap
                0x001181d8       0x14 /opt/devkitpro/portlibs/3ds/lib/libmbedcrypto.a(cipher_wrap.o)
 .text.ccm_aes_setkey_wrap
                0x001181ec       0x14 /opt/devkitpro/portlibs/3ds/lib/libmbedcrypto.a(cipher_wrap.o)
 .text.gcm_ctx_free
                0x00118200       0x18 /opt/devkitpro/portlibs/3ds/lib/libmbedcrypto.a(cipher_wrap.o)
 .text.gcm_ctx_alloc
                0x00118218       0x24 /opt/devkitpro/portlibs/3ds/lib/libmbedcrypto.a(cipher_wrap.o)
 .text.gcm_camellia_setkey_wrap
                0x0011823c       0x14 /opt/devkitpro/portlibs/3ds/lib/libmbedcrypto.a(cipher_wrap.o)
 .text.gcm_aes_setkey_wrap
                0x00118250       0x14 /opt/devkitpro/portlibs/3ds/lib/libmbedcrypto.a(cipher_wrap.o)
 .text.camellia_ctx_free
                0x00118264       0x18 /opt/devkitpro/portlibs/3ds/lib/libmbedcrypto.a(cipher_wrap.o)
 .text.camellia_ctx_alloc
                0x0011827c       0x24 /opt/devkitpro/portlibs/3ds/lib/libmbedcrypto.a(cipher_wrap.o)
 .text.camellia_setkey_dec_wrap
                0x001182a0        0x4 /opt/devkitpro/portlibs/3ds/lib/libmbedcrypto.a(cipher_wrap.o)
 .text.camellia_setkey_enc_wrap
                0x001182a4        0x4 /opt/devkitpro/portlibs/3ds/lib/libmbedcrypto.a(cipher_wrap.o)
 .text.camellia_crypt_ctr_wrap
                0x001182a8        0x4 /opt/devkitpro/portlibs/3ds/lib/libmbedcrypto.a(cipher_wrap.o)
 .text.camellia_crypt_cfb128_wrap
                0x001182ac        0x4 /opt/devkitpro/portlibs/3ds/lib/libmbedcrypto.a(cipher_wrap.o)
 .text.camellia_crypt_cbc_wrap
                0x001182b0        0x4 /opt/devkitpro/portlibs/3ds/lib/libmbedcrypto.a(cipher_wrap.o)
 .text.camellia_crypt_ecb_wrap
                0x001182b4        0x4 /opt/devkitpro/portlibs/3ds/lib/libmbedcrypto.a(cipher_wrap.o)
 .text.blowfish_ctx_free
                0x001182b8       0x18 /opt/devkitpro/portlibs/3ds/lib/libmbedcrypto.a(cipher_wrap.o)
 .text.blowfish_ctx_alloc
                0x001182d0       0x28 /opt/devkitpro/portlibs/3ds/lib/libmbedcrypto.a(cipher_wrap.o)
 .text.blowfish_setkey_wrap
                0x001182f8        0x4 /opt/devkitpro/portlibs/3ds/lib/libmbedcrypto.a(cipher_wrap.o)
 .text.blowfish_crypt_ctr_wrap
                0x001182fc        0x4 /opt/devkitpro/portlibs/3ds/lib/libmbedcrypto.a(cipher_wrap.o)
 .text.blowfish_crypt_cfb64_wrap
                0x00118300        0x4 /opt/devkitpro/portlibs/3ds/lib/libmbedcrypto.a(cipher_wrap.o)
 .text.blowfish_crypt_cbc_wrap
                0x00118304        0x4 /opt/devkitpro/portlibs/3ds/lib/libmbedcrypto.a(cipher_wrap.o)
 .text.blowfish_crypt_ecb_wrap
                0x00118308        0x4 /opt/devkitpro/portlibs/3ds/lib/libmbedcrypto.a(cipher_wrap.o)
 .text.arc4_ctx_free
                0x0011830c       0x18 /opt/devkitpro/portlibs/3ds/lib/libmbedcrypto.a(cipher_wrap.o)
 .text.arc4_ctx_alloc
                0x00118324       0x24 /opt/devkitpro/portlibs/3ds/lib/libmbedcrypto.a(cipher_wrap.o)
 .text.arc4_setkey_wrap
                0x00118348       0x28 /opt/devkitpro/portlibs/3ds/lib/libmbedcrypto.a(cipher_wrap.o)
 .text.arc4_crypt_stream_wrap
                0x00118370        0x4 /opt/devkitpro/portlibs/3ds/lib/libmbedcrypto.a(cipher_wrap.o)
 .text.xts_aes_ctx_alloc
                0x00118374       0x24 /opt/devkitpro/portlibs/3ds/lib/libmbedcrypto.a(cipher_wrap.o)
 .text.xts_aes_setkey_dec_wrap
                0x00118398        0x4 /opt/devkitpro/portlibs/3ds/lib/libmbedcrypto.a(cipher_wrap.o)
 .text.xts_aes_setkey_enc_wrap
                0x0011839c        0x4 /opt/devkitpro/portlibs/3ds/lib/libmbedcrypto.a(cipher_wrap.o)
 .text.aes_crypt_xts_wrap
                0x001183a0       0x30 /opt/devkitpro/portlibs/3ds/lib/libmbedcrypto.a(cipher_wrap.o)
 .text.aes_ctx_free
                0x001183d0       0x18 /opt/devkitpro/portlibs/3ds/lib/libmbedcrypto.a(cipher_wrap.o)
 .text.aes_ctx_alloc
                0x001183e8       0x24 /opt/devkitpro/portlibs/3ds/lib/libmbedcrypto.a(cipher_wrap.o)
 .text.aes_setkey_dec_wrap
                0x0011840c        0x4 /opt/devkitpro/portlibs/3ds/lib/libmbedcrypto.a(cipher_wrap.o)
 .text.aes_setkey_enc_wrap
                0x00118410        0x4 /opt/devkitpro/portlibs/3ds/lib/libmbedcrypto.a(cipher_wrap.o)
 .text.aes_crypt_ctr_wrap
                0x00118414        0x4 /opt/devkitpro/portlibs/3ds/lib/libmbedcrypto.a(cipher_wrap.o)
 .text.aes_crypt_ofb_wrap
                0x00118418        0x4 /opt/devkitpro/portlibs/3ds/lib/libmbedcrypto.a(cipher_wrap.o)
 .text.aes_crypt_cfb128_wrap
                0x0011841c        0x4 /opt/devkitpro/portlibs/3ds/lib/libmbedcrypto.a(cipher_wrap.o)
 .text.aes_crypt_cbc_wrap
                0x00118420        0x4 /opt/devkitpro/portlibs/3ds/lib/libmbedcrypto.a(cipher_wrap.o)
 .text.aes_crypt_ecb_wrap
                0x00118424        0x4 /opt/devkitpro/portlibs/3ds/lib/libmbedcrypto.a(cipher_wrap.o)
 .text.xts_aes_ctx_free
                0x00118428       0x1c /opt/devkitpro/portlibs/3ds/lib/libmbedcrypto.a(cipher_wrap.o)
 .text.mbedtls_ct_memcmp
                0x00118444       0x48 /opt/devkitpro/portlibs/3ds/lib/libmbedcrypto.a(constant_time.o)
                0x00118444                mbedtls_ct_memcmp
 .text.mbedtls_ct_uint_mask
                0x0011848c       0x10 /opt/devkitpro/portlibs/3ds/lib/libmbedcrypto.a(constant_time.o)
                0x0011848c                mbedtls_ct_uint_mask
 .text.mbedtls_ct_size_mask
                0x0011849c       0x10 /opt/devkitpro/portlibs/3ds/lib/libmbedcrypto.a(constant_time.o)
                0x0011849c                mbedtls_ct_size_mask
 .text.mbedtls_ct_size_mask_ge
                0x001184ac       0x14 /opt/devkitpro/portlibs/3ds/lib/libmbedcrypto.a(constant_time.o)
                0x001184ac                mbedtls_ct_size_mask_ge
 .text.mbedtls_ct_size_bool_eq
                0x001184c0       0x18 /opt/devkitpro/portlibs/3ds/lib/libmbedcrypto.a(constant_time.o)
                0x001184c0                mbedtls_ct_size_bool_eq
 .text.mbedtls_ct_uint_if
                0x001184d8       0x18 /opt/devkitpro/portlibs/3ds/lib/libmbedcrypto.a(constant_time.o)
                0x001184d8                mbedtls_ct_uint_if
 .text.mbedtls_ct_mpi_uint_cond_assign
                0x001184f0       0x44 /opt/devkitpro/portlibs/3ds/lib/libmbedcrypto.a(constant_time.o)
                0x001184f0                mbedtls_ct_mpi_uint_cond_assign
 .text.mbedtls_ct_base64_dec_value
                0x00118534       0xc0 /opt/devkitpro/portlibs/3ds/lib/libmbedcrypto.a(constant_time.o)
                0x00118534                mbedtls_ct_base64_dec_value
 .text.mbedtls_mpi_safe_cond_assign
                0x001185f4       0xc0 /opt/devkitpro/portlibs/3ds/lib/libmbedcrypto.a(constant_time.o)
                0x001185f4                mbedtls_mpi_safe_cond_assign
 .text.mbedtls_mpi_safe_cond_swap
                0x001186b4       0xdc /opt/devkitpro/portlibs/3ds/lib/libmbedcrypto.a(constant_time.o)
                0x001186b4                mbedtls_mpi_safe_cond_swap
 .text.mbedtls_mpi_lt_mpi_ct
                0x00118790       0xc4 /opt/devkitpro/portlibs/3ds/lib/libmbedcrypto.a(constant_time.o)
                0x00118790                mbedtls_mpi_lt_mpi_ct
 .text.mbedtls_ct_rsaes_pkcs1_v15_unpadding
                0x00118854      0x254 /opt/devkitpro/portlibs/3ds/lib/libmbedcrypto.a(constant_time.o)
                0x00118854                mbedtls_ct_rsaes_pkcs1_v15_unpadding
 .text.block_cipher_df
                0x00118aa8      0x274 /opt/devkitpro/portlibs/3ds/lib/libmbedcrypto.a(ctr_drbg.o)
 .text.ctr_drbg_update_internal
                0x00118d1c       0xec /opt/devkitpro/portlibs/3ds/lib/libmbedcrypto.a(ctr_drbg.o)
 .text.mbedtls_ctr_drbg_reseed_internal
                0x00118e08      0x118 /opt/devkitpro/portlibs/3ds/lib/libmbedcrypto.a(ctr_drbg.o)
 .text.mbedtls_ctr_drbg_init
                0x00118f20       0x2c /opt/devkitpro/portlibs/3ds/lib/libmbedcrypto.a(ctr_drbg.o)
                0x00118f20                mbedtls_ctr_drbg_init
 .text.mbedtls_ctr_drbg_free
                0x00118f4c       0x38 /opt/devkitpro/portlibs/3ds/lib/libmbedcrypto.a(ctr_drbg.o)
                0x00118f4c                mbedtls_ctr_drbg_free
 .text.mbedtls_ctr_drbg_seed
                0x00118f84       0xb4 /opt/devkitpro/portlibs/3ds/lib/libmbedcrypto.a(ctr_drbg.o)
                0x00118f84                mbedtls_ctr_drbg_seed
 .text.mbedtls_ctr_drbg_random_with_add
                0x00119038      0x17c /opt/devkitpro/portlibs/3ds/lib/libmbedcrypto.a(ctr_drbg.o)
                0x00119038                mbedtls_ctr_drbg_random_with_add
 .text.mbedtls_ctr_drbg_random
                0x001191b4       0x1c /opt/devkitpro/portlibs/3ds/lib/libmbedcrypto.a(ctr_drbg.o)
                0x001191b4                mbedtls_ctr_drbg_random
 .text.mbedtls_des_init
                0x001191d0        0xc /opt/devkitpro/portlibs/3ds/lib/libmbedcrypto.a(des.o)
                0x001191d0                mbedtls_des_init
 .text.mbedtls_des_free
                0x001191dc       0x10 /opt/devkitpro/portlibs/3ds/lib/libmbedcrypto.a(des.o)
                0x001191dc                mbedtls_des_free
 .text.mbedtls_des3_init
                0x001191ec        0xc /opt/devkitpro/portlibs/3ds/lib/libmbedcrypto.a(des.o)
                0x001191ec                mbedtls_des3_init
 .text.mbedtls_des3_free
                0x001191f8       0x10 /opt/devkitpro/portlibs/3ds/lib/libmbedcrypto.a(des.o)
                0x001191f8                mbedtls_des3_free
 .text.mbedtls_des_setkey
                0x00119208      0x3b0 /opt/devkitpro/portlibs/3ds/lib/libmbedcrypto.a(des.o)
                0x00119208                mbedtls_des_setkey
 .text.des3_set2key
                0x001195b8       0x90 /opt/devkitpro/portlibs/3ds/lib/libmbedcrypto.a(des.o)
 .text.des3_set3key
                0x00119648       0x90 /opt/devkitpro/portlibs/3ds/lib/libmbedcrypto.a(des.o)
 .text.mbedtls_des_setkey_enc
                0x001196d8       0x10 /opt/devkitpro/portlibs/3ds/lib/libmbedcrypto.a(des.o)
                0x001196d8                mbedtls_des_setkey_enc
 .text.mbedtls_des_setkey_dec
                0x001196e8       0x40 /opt/devkitpro/portlibs/3ds/lib/libmbedcrypto.a(des.o)
                0x001196e8                mbedtls_des_setkey_dec
 .text.mbedtls_des3_set2key_enc
                0x00119728       0x2c /opt/devkitpro/portlibs/3ds/lib/libmbedcrypto.a(des.o)
                0x00119728                mbedtls_des3_set2key_enc
 .text.mbedtls_des3_set2key_dec
                0x00119754       0x34 /opt/devkitpro/portlibs/3ds/lib/libmbedcrypto.a(des.o)
                0x00119754                mbedtls_des3_set2key_dec
 .text.mbedtls_des3_set3key_enc
                0x00119788       0x2c /opt/devkitpro/portlibs/3ds/lib/libmbedcrypto.a(des.o)
                0x00119788                mbedtls_des3_set3key_enc
 .text.mbedtls_des3_set3key_dec
                0x001197b4       0x34 /opt/devkitpro/portlibs/3ds/lib/libmbedcrypto.a(des.o)
                0x001197b4                mbedtls_des3_set3key_dec
 .text.mbedtls_des_crypt_ecb
                0x001197e8      0x290 /opt/devkitpro/portlibs/3ds/lib/libmbedcrypto.a(des.o)
                0x001197e8                mbedtls_des_crypt_ecb
 .text.mbedtls_des_crypt_cbc
                0x00119a78      0x12c /opt/devkitpro/portlibs/3ds/lib/libmbedcrypto.a(des.o)
                0x00119a78                mbedtls_des_crypt_cbc
 .text.mbedtls_des3_crypt_ecb
                0x00119ba4      0x504 /opt/devkitpro/portlibs/3ds/lib/libmbedcrypto.a(des.o)
                0x00119ba4                mbedtls_des3_crypt_ecb
 .text.mbedtls_des3_crypt_cbc
                0x0011a0a8      0x12c /opt/devkitpro/portlibs/3ds/lib/libmbedcrypto.a(des.o)
                0x0011a0a8                mbedtls_des3_crypt_cbc
 .text.ecdh_compute_shared_restartable.constprop.0
                0x0011a1d4       0x98 /opt/devkitpro/portlibs/3ds/lib/libmbedcrypto.a(ecdh.o)
 .text.mbedtls_ecdh_compute_shared
                0x0011a26c        0x4 /opt/devkitpro/portlibs/3ds/lib/libmbedcrypto.a(ecdh.o)
                0x0011a26c                mbedtls_ecdh_compute_shared
 .text.derive_mpi
                0x0011a270       0x9c /opt/devkitpro/portlibs/3ds/lib/libmbedcrypto.a(ecdsa.o)
 .text.ecdsa_sign_restartable.part.0
                0x0011a30c      0x258 /opt/devkitpro/portlibs/3ds/lib/libmbedcrypto.a(ecdsa.o)
 .text.ecdsa_verify_restartable.isra.0
                0x0011a564      0x200 /opt/devkitpro/portlibs/3ds/lib/libmbedcrypto.a(ecdsa.o)
 .text.ecdsa_sign_det_restartable.isra.0
                0x0011a764      0x208 /opt/devkitpro/portlibs/3ds/lib/libmbedcrypto.a(ecdsa.o)
 .text.mbedtls_ecdsa_sign
                0x0011a96c       0x70 /opt/devkitpro/portlibs/3ds/lib/libmbedcrypto.a(ecdsa.o)
                0x0011a96c                mbedtls_ecdsa_sign
 .text.mbedtls_ecdsa_verify
                0x0011a9dc        0x4 /opt/devkitpro/portlibs/3ds/lib/libmbedcrypto.a(ecdsa.o)
                0x0011a9dc                mbedtls_ecdsa_verify
 .text.mbedtls_ecdsa_write_signature_restartable
                0x0011a9e0      0x128 /opt/devkitpro/portlibs/3ds/lib/libmbedcrypto.a(ecdsa.o)
                0x0011a9e0                mbedtls_ecdsa_write_signature_restartable
 .text.mbedtls_ecdsa_write_signature
                0x0011ab08       0x3c /opt/devkitpro/portlibs/3ds/lib/libmbedcrypto.a(ecdsa.o)
                0x0011ab08                mbedtls_ecdsa_write_signature
 .text.mbedtls_ecdsa_read_signature_restartable
                0x0011ab44      0x100 /opt/devkitpro/portlibs/3ds/lib/libmbedcrypto.a(ecdsa.o)
                0x0011ab44                mbedtls_ecdsa_read_signature_restartable
 .text.mbedtls_ecdsa_read_signature
                0x0011ac44       0x24 /opt/devkitpro/portlibs/3ds/lib/libmbedcrypto.a(ecdsa.o)
                0x0011ac44                mbedtls_ecdsa_read_signature
 .text.mbedtls_ecdsa_genkey
                0x0011ac68       0x40 /opt/devkitpro/portlibs/3ds/lib/libmbedcrypto.a(ecdsa.o)
                0x0011ac68                mbedtls_ecdsa_genkey
 .text.mbedtls_ecdsa_from_keypair
                0x0011aca8       0x5c /opt/devkitpro/portlibs/3ds/lib/libmbedcrypto.a(ecdsa.o)
                0x0011aca8                mbedtls_ecdsa_from_keypair
 .text.mbedtls_ecdsa_init
                0x0011ad04        0x4 /opt/devkitpro/portlibs/3ds/lib/libmbedcrypto.a(ecdsa.o)
                0x0011ad04                mbedtls_ecdsa_init
 .text.mbedtls_ecdsa_free
                0x0011ad08        0xc /opt/devkitpro/portlibs/3ds/lib/libmbedcrypto.a(ecdsa.o)
                0x0011ad08                mbedtls_ecdsa_free
 .text.ecp_drbg_random
                0x0011ad14        0x4 /opt/devkitpro/portlibs/3ds/lib/libmbedcrypto.a(ecp.o)
 .text.ecp_drbg_seed
                0x0011ad18       0x88 /opt/devkitpro/portlibs/3ds/lib/libmbedcrypto.a(ecp.o)
 .text.ecp_modp
                0x0011ada0       0xfc /opt/devkitpro/portlibs/3ds/lib/libmbedcrypto.a(ecp.o)
 .text.mbedtls_mpi_mul_mod
                0x0011ae9c       0x34 /opt/devkitpro/portlibs/3ds/lib/libmbedcrypto.a(ecp.o)
 .text.ecp_safe_invert_jac
                0x0011aed0       0x74 /opt/devkitpro/portlibs/3ds/lib/libmbedcrypto.a(ecp.o)
 .text.ecp_select_comb
                0x0011af44       0x9c /opt/devkitpro/portlibs/3ds/lib/libmbedcrypto.a(ecp.o)
 .text.mbedtls_mpi_sub_mod
                0x0011afe0       0x78 /opt/devkitpro/portlibs/3ds/lib/libmbedcrypto.a(ecp.o)
 .text.mbedtls_mpi_shift_l_mod.constprop.0
                0x0011b058       0x68 /opt/devkitpro/portlibs/3ds/lib/libmbedcrypto.a(ecp.o)
 .text.ecp_randomize_mxz
                0x0011b0c0       0xbc /opt/devkitpro/portlibs/3ds/lib/libmbedcrypto.a(ecp.o)
 .text.ecp_normalize_jac
                0x0011b17c      0x140 /opt/devkitpro/portlibs/3ds/lib/libmbedcrypto.a(ecp.o)
 .text.ecp_normalize_jac_many
                0x0011b2bc      0x304 /opt/devkitpro/portlibs/3ds/lib/libmbedcrypto.a(ecp.o)
 .text.ecp_randomize_jac
                0x0011b5c0      0x154 /opt/devkitpro/portlibs/3ds/lib/libmbedcrypto.a(ecp.o)
 .text.ecp_double_jac
                0x0011b714      0x580 /opt/devkitpro/portlibs/3ds/lib/libmbedcrypto.a(ecp.o)
 .text.ecp_add_mixed
                0x0011bc94      0x50c /opt/devkitpro/portlibs/3ds/lib/libmbedcrypto.a(ecp.o)
 .text.ecp_mul_comb.isra.0
                0x0011c1a0      0x7a8 /opt/devkitpro/portlibs/3ds/lib/libmbedcrypto.a(ecp.o)
 .text.mbedtls_ecp_grp_id_list
                0x0011c948       0x58 /opt/devkitpro/portlibs/3ds/lib/libmbedcrypto.a(ecp.o)
                0x0011c948                mbedtls_ecp_grp_id_list
 .text.mbedtls_ecp_point_init
                0x0011c9a0       0x20 /opt/devkitpro/portlibs/3ds/lib/libmbedcrypto.a(ecp.o)
                0x0011c9a0                mbedtls_ecp_point_init
 .text.mbedtls_ecp_group_init
                0x0011c9c0       0x6c /opt/devkitpro/portlibs/3ds/lib/libmbedcrypto.a(ecp.o)
                0x0011c9c0                mbedtls_ecp_group_init
 .text.mbedtls_ecp_keypair_init
                0x0011ca2c       0x30 /opt/devkitpro/portlibs/3ds/lib/libmbedcrypto.a(ecp.o)
                0x0011ca2c                mbedtls_ecp_keypair_init
 .text.mbedtls_ecp_point_free
                0x0011ca5c       0x24 /opt/devkitpro/portlibs/3ds/lib/libmbedcrypto.a(ecp.o)
                0x0011ca5c                mbedtls_ecp_point_free
 .text.mbedtls_ecp_group_free
                0x0011ca80       0xbc /opt/devkitpro/portlibs/3ds/lib/libmbedcrypto.a(ecp.o)
                0x0011ca80                mbedtls_ecp_group_free
 .text.mbedtls_ecp_keypair_free
                0x0011cb3c       0x34 /opt/devkitpro/portlibs/3ds/lib/libmbedcrypto.a(ecp.o)
                0x0011cb3c                mbedtls_ecp_keypair_free
 .text.mbedtls_ecp_copy
                0x0011cb70       0x3c /opt/devkitpro/portlibs/3ds/lib/libmbedcrypto.a(ecp.o)
                0x0011cb70                mbedtls_ecp_copy
 .text.mbedtls_ecp_group_copy
                0x0011cbac        0x8 /opt/devkitpro/portlibs/3ds/lib/libmbedcrypto.a(ecp.o)
                0x0011cbac                mbedtls_ecp_group_copy
 .text.mbedtls_ecp_is_zero
                0x0011cbb4       0x1c /opt/devkitpro/portlibs/3ds/lib/libmbedcrypto.a(ecp.o)
                0x0011cbb4                mbedtls_ecp_is_zero
 .text.mbedtls_ecp_point_write_binary
                0x0011cbd0      0x164 /opt/devkitpro/portlibs/3ds/lib/libmbedcrypto.a(ecp.o)
                0x0011cbd0                mbedtls_ecp_point_write_binary
 .text.mbedtls_ecp_point_read_binary
                0x0011cd34      0x18c /opt/devkitpro/portlibs/3ds/lib/libmbedcrypto.a(ecp.o)
                0x0011cd34                mbedtls_ecp_point_read_binary
 .text.mbedtls_ecp_check_pubkey
                0x0011cec0      0x380 /opt/devkitpro/portlibs/3ds/lib/libmbedcrypto.a(ecp.o)
                0x0011cec0                mbedtls_ecp_check_pubkey
 .text.mbedtls_ecp_check_privkey
                0x0011d240       0xc4 /opt/devkitpro/portlibs/3ds/lib/libmbedcrypto.a(ecp.o)
                0x0011d240                mbedtls_ecp_check_privkey
 .text.mbedtls_ecp_mul_restartable
                0x0011d304      0x7a4 /opt/devkitpro/portlibs/3ds/lib/libmbedcrypto.a(ecp.o)
                0x0011d304                mbedtls_ecp_mul_restartable
 .text.mbedtls_ecp_mul
                0x0011daa8       0x2c /opt/devkitpro/portlibs/3ds/lib/libmbedcrypto.a(ecp.o)
                0x0011daa8                mbedtls_ecp_mul
 .text.mbedtls_ecp_mul_shortcuts
                0x0011dad4      0x1ac /opt/devkitpro/portlibs/3ds/lib/libmbedcrypto.a(ecp.o)
 .text.mbedtls_ecp_muladd_restartable
                0x0011dc80       0xf4 /opt/devkitpro/portlibs/3ds/lib/libmbedcrypto.a(ecp.o)
                0x0011dc80                mbedtls_ecp_muladd_restartable
 .text.mbedtls_ecp_gen_privkey
                0x0011dd74      0x10c /opt/devkitpro/portlibs/3ds/lib/libmbedcrypto.a(ecp.o)
                0x0011dd74                mbedtls_ecp_gen_privkey
 .text.mbedtls_ecp_gen_keypair
                0x0011de80       0x58 /opt/devkitpro/portlibs/3ds/lib/libmbedcrypto.a(ecp.o)
                0x0011de80                mbedtls_ecp_gen_keypair
 .text.mbedtls_ecp_check_pub_priv
                0x0011ded8      0x1a8 /opt/devkitpro/portlibs/3ds/lib/libmbedcrypto.a(ecp.o)
                0x0011ded8                mbedtls_ecp_check_pub_priv
 .text.ecp_mod_p448
                0x0011e080      0x178 /opt/devkitpro/portlibs/3ds/lib/libmbedcrypto.a(ecp_curves.o)
 .text.ecp_mod_p255
                0x0011e1f8       0xfc /opt/devkitpro/portlibs/3ds/lib/libmbedcrypto.a(ecp_curves.o)
 .text.ecp_mod_p521
                0x0011e2f4       0xb0 /opt/devkitpro/portlibs/3ds/lib/libmbedcrypto.a(ecp_curves.o)
 .text.ecp_mod_p384
                0x0011e3a4      0x63c /opt/devkitpro/portlibs/3ds/lib/libmbedcrypto.a(ecp_curves.o)
 .text.ecp_mod_koblitz.constprop.0
                0x0011e9e0      0x178 /opt/devkitpro/portlibs/3ds/lib/libmbedcrypto.a(ecp_curves.o)
 .text.ecp_mod_p192k1
                0x0011eb58       0x10 /opt/devkitpro/portlibs/3ds/lib/libmbedcrypto.a(ecp_curves.o)
 .text.ecp_mod_p224k1
                0x0011eb68       0x10 /opt/devkitpro/portlibs/3ds/lib/libmbedcrypto.a(ecp_curves.o)
 .text.ecp_mod_p256k1
                0x0011eb78       0x10 /opt/devkitpro/portlibs/3ds/lib/libmbedcrypto.a(ecp_curves.o)
 .text.ecp_mod_p224
                0x0011eb88      0x334 /opt/devkitpro/portlibs/3ds/lib/libmbedcrypto.a(ecp_curves.o)
 .text.ecp_mod_p192
                0x0011eebc      0x1d4 /opt/devkitpro/portlibs/3ds/lib/libmbedcrypto.a(ecp_curves.o)
 .text.ecp_mod_p256
                0x0011f090      0x4fc /opt/devkitpro/portlibs/3ds/lib/libmbedcrypto.a(ecp_curves.o)
 .text.mbedtls_ecp_group_load
                0x0011f58c      0x760 /opt/devkitpro/portlibs/3ds/lib/libmbedcrypto.a(ecp_curves.o)
                0x0011f58c                mbedtls_ecp_group_load
 .text.mbedtls_hardware_poll
                0x0011fcec       0x28 /opt/devkitpro/portlibs/3ds/lib/libmbedcrypto.a(entropy.o)
                0x0011fcec                mbedtls_hardware_poll
 .text.entropy_update
                0x0011fd14       0xd0 /opt/devkitpro/portlibs/3ds/lib/libmbedcrypto.a(entropy.o)
 .text.entropy_gather_internal.part.0
                0x0011fde4       0xe4 /opt/devkitpro/portlibs/3ds/lib/libmbedcrypto.a(entropy.o)
 .text.mbedtls_entropy_func.part.0
                0x0011fec8      0x198 /opt/devkitpro/portlibs/3ds/lib/libmbedcrypto.a(entropy.o)
 .text.mbedtls_entropy_init
                0x00120060       0x68 /opt/devkitpro/portlibs/3ds/lib/libmbedcrypto.a(entropy.o)
                0x00120060                mbedtls_entropy_init
 .text.mbedtls_entropy_free
                0x001200c8       0x3c /opt/devkitpro/portlibs/3ds/lib/libmbedcrypto.a(entropy.o)
                0x001200c8                mbedtls_entropy_free
 .text.mbedtls_entropy_func
                0x00120104       0x14 /opt/devkitpro/portlibs/3ds/lib/libmbedcrypto.a(entropy.o)
                0x00120104                mbedtls_entropy_func
 .text.gcm_mult
                0x00120118      0x198 /opt/devkitpro/portlibs/3ds/lib/libmbedcrypto.a(gcm.o)
 .text.mbedtls_gcm_init
                0x001202b0        0xc /opt/devkitpro/portlibs/3ds/lib/libmbedcrypto.a(gcm.o)
                0x001202b0                mbedtls_gcm_init
 .text.mbedtls_gcm_setkey
                0x001202bc      0x1e0 /opt/devkitpro/portlibs/3ds/lib/libmbedcrypto.a(gcm.o)
                0x001202bc                mbedtls_gcm_setkey
 .text.mbedtls_gcm_update
                0x0012049c      0x180 /opt/devkitpro/portlibs/3ds/lib/libmbedcrypto.a(gcm.o)
                0x0012049c                mbedtls_gcm_update
 .text.mbedtls_gcm_free
                0x0012061c       0x20 /opt/devkitpro/portlibs/3ds/lib/libmbedcrypto.a(gcm.o)
                0x0012061c                mbedtls_gcm_free
 .text.mbedtls_hmac_drbg_init
                0x0012063c       0x24 /opt/devkitpro/portlibs/3ds/lib/libmbedcrypto.a(hmac_drbg.o)
                0x0012063c                mbedtls_hmac_drbg_init
 .text.mbedtls_hmac_drbg_update_ret
                0x00120660      0x12c /opt/devkitpro/portlibs/3ds/lib/libmbedcrypto.a(hmac_drbg.o)
                0x00120660                mbedtls_hmac_drbg_update_ret
 .text.hmac_drbg_reseed_core
                0x0012078c      0x10c /opt/devkitpro/portlibs/3ds/lib/libmbedcrypto.a(hmac_drbg.o)
 .text.mbedtls_hmac_drbg_seed_buf
                0x00120898       0x74 /opt/devkitpro/portlibs/3ds/lib/libmbedcrypto.a(hmac_drbg.o)
                0x00120898                mbedtls_hmac_drbg_seed_buf
 .text.mbedtls_hmac_drbg_random_with_add
                0x0012090c      0x148 /opt/devkitpro/portlibs/3ds/lib/libmbedcrypto.a(hmac_drbg.o)
                0x0012090c                mbedtls_hmac_drbg_random_with_add
 .text.mbedtls_hmac_drbg_random
                0x00120a54       0x1c /opt/devkitpro/portlibs/3ds/lib/libmbedcrypto.a(hmac_drbg.o)
                0x00120a54                mbedtls_hmac_drbg_random
 .text.mbedtls_hmac_drbg_free
                0x00120a70       0x2c /opt/devkitpro/portlibs/3ds/lib/libmbedcrypto.a(hmac_drbg.o)
                0x00120a70                mbedtls_hmac_drbg_free
 .text.mbedtls_md_list
                0x00120a9c        0xc /opt/devkitpro/portlibs/3ds/lib/libmbedcrypto.a(md.o)
                0x00120a9c                mbedtls_md_list
 .text.mbedtls_md_info_from_type
                0x00120aa8       0x20 /opt/devkitpro/portlibs/3ds/lib/libmbedcrypto.a(md.o)
                0x00120aa8                mbedtls_md_info_from_type
 .text.mbedtls_md_init
                0x00120ac8       0x14 /opt/devkitpro/portlibs/3ds/lib/libmbedcrypto.a(md.o)
                0x00120ac8                mbedtls_md_init
 .text.mbedtls_md_free
                0x00120adc       0xb8 /opt/devkitpro/portlibs/3ds/lib/libmbedcrypto.a(md.o)
                0x00120adc                mbedtls_md_free
 .text.mbedtls_md_setup
                0x00120b94      0x144 /opt/devkitpro/portlibs/3ds/lib/libmbedcrypto.a(md.o)
                0x00120b94                mbedtls_md_setup
 .text.mbedtls_md_starts
                0x00120cd8       0x8c /opt/devkitpro/portlibs/3ds/lib/libmbedcrypto.a(md.o)
                0x00120cd8                mbedtls_md_starts
 .text.mbedtls_md_update
                0x00120d64       0x6c /opt/devkitpro/portlibs/3ds/lib/libmbedcrypto.a(md.o)
                0x00120d64                mbedtls_md_update
 .text.mbedtls_md_finish
                0x00120dd0       0x6c /opt/devkitpro/portlibs/3ds/lib/libmbedcrypto.a(md.o)
                0x00120dd0                mbedtls_md_finish
 .text.mbedtls_md
                0x00120e3c       0x70 /opt/devkitpro/portlibs/3ds/lib/libmbedcrypto.a(md.o)
                0x00120e3c                mbedtls_md
 .text.mbedtls_md_hmac_starts
                0x00120eac      0x150 /opt/devkitpro/portlibs/3ds/lib/libmbedcrypto.a(md.o)
                0x00120eac                mbedtls_md_hmac_starts
 .text.mbedtls_md_hmac_update
                0x00120ffc       0x30 /opt/devkitpro/portlibs/3ds/lib/libmbedcrypto.a(md.o)
                0x00120ffc                mbedtls_md_hmac_update
 .text.mbedtls_md_hmac_finish
                0x0012102c       0xac /opt/devkitpro/portlibs/3ds/lib/libmbedcrypto.a(md.o)
                0x0012102c                mbedtls_md_hmac_finish
 .text.mbedtls_md_hmac_reset
                0x001210d8       0x54 /opt/devkitpro/portlibs/3ds/lib/libmbedcrypto.a(md.o)
                0x001210d8                mbedtls_md_hmac_reset
 .text.mbedtls_md_get_size
                0x0012112c        0xc /opt/devkitpro/portlibs/3ds/lib/libmbedcrypto.a(md.o)
                0x0012112c                mbedtls_md_get_size
 .text.mbedtls_md5_init
                0x00121138        0xc /opt/devkitpro/portlibs/3ds/lib/libmbedcrypto.a(md5.o)
                0x00121138                mbedtls_md5_init
 .text.mbedtls_md5_free
                0x00121144       0x10 /opt/devkitpro/portlibs/3ds/lib/libmbedcrypto.a(md5.o)
                0x00121144                mbedtls_md5_free
 .text.mbedtls_md5_starts_ret
                0x00121154       0x44 /opt/devkitpro/portlibs/3ds/lib/libmbedcrypto.a(md5.o)
                0x00121154                mbedtls_md5_starts_ret
 .text.mbedtls_internal_md5_process
                0x00121198      0xb28 /opt/devkitpro/portlibs/3ds/lib/libmbedcrypto.a(md5.o)
                0x00121198                mbedtls_internal_md5_process
 .text.mbedtls_md5_update_ret.part.0
                0x00121cc0      0x104 /opt/devkitpro/portlibs/3ds/lib/libmbedcrypto.a(md5.o)
 .text.mbedtls_md5_update_ret
                0x00121dc4       0x20 /opt/devkitpro/portlibs/3ds/lib/libmbedcrypto.a(md5.o)
                0x00121dc4                mbedtls_md5_update_ret
 .text.mbedtls_md5_finish_ret
                0x00121de4      0x130 /opt/devkitpro/portlibs/3ds/lib/libmbedcrypto.a(md5.o)
                0x00121de4                mbedtls_md5_finish_ret
 *fill*         0x00121f14        0x4 
 .text.mbedtls_md5_ret
                0x00121f18       0x88 /opt/devkitpro/portlibs/3ds/lib/libmbedcrypto.a(md5.o)
                0x00121f18                mbedtls_md5_ret
 .text.mbedtls_pk_init
                0x00121fa0       0x10 /opt/devkitpro/portlibs/3ds/lib/libmbedcrypto.a(pk.o)
                0x00121fa0                mbedtls_pk_init
 .text.mbedtls_pk_free
                0x00121fb0       0x34 /opt/devkitpro/portlibs/3ds/lib/libmbedcrypto.a(pk.o)
                0x00121fb0                mbedtls_pk_free
 .text.mbedtls_pk_info_from_type
                0x00121fe4       0x20 /opt/devkitpro/portlibs/3ds/lib/libmbedcrypto.a(pk.o)
                0x00121fe4                mbedtls_pk_info_from_type
 .text.mbedtls_pk_setup
                0x00122004       0x54 /opt/devkitpro/portlibs/3ds/lib/libmbedcrypto.a(pk.o)
                0x00122004                mbedtls_pk_setup
 .text.mbedtls_pk_get_type
                0x00122058       0x18 /opt/devkitpro/portlibs/3ds/lib/libmbedcrypto.a(pk.o)
                0x00122058                mbedtls_pk_get_type
 .text.rsa_can_do
                0x00122070       0x14 /opt/devkitpro/portlibs/3ds/lib/libmbedcrypto.a(pk_wrap.o)
 .text.rsa_debug
                0x00122084       0x3c /opt/devkitpro/portlibs/3ds/lib/libmbedcrypto.a(pk_wrap.o)
 .text.eckey_can_do
                0x001220c0       0x14 /opt/devkitpro/portlibs/3ds/lib/libmbedcrypto.a(pk_wrap.o)
 .text.eckey_get_bitlen
                0x001220d4        0x8 /opt/devkitpro/portlibs/3ds/lib/libmbedcrypto.a(pk_wrap.o)
 .text.eckey_debug
                0x001220dc       0x20 /opt/devkitpro/portlibs/3ds/lib/libmbedcrypto.a(pk_wrap.o)
 .text.eckeydh_can_do
                0x001220fc       0x14 /opt/devkitpro/portlibs/3ds/lib/libmbedcrypto.a(pk_wrap.o)
 .text.ecdsa_can_do
                0x00122110       0x10 /opt/devkitpro/portlibs/3ds/lib/libmbedcrypto.a(pk_wrap.o)
 .text.rsa_free_wrap
                0x00122120       0x18 /opt/devkitpro/portlibs/3ds/lib/libmbedcrypto.a(pk_wrap.o)
 .text.rsa_alloc_wrap
                0x00122138       0x2c /opt/devkitpro/portlibs/3ds/lib/libmbedcrypto.a(pk_wrap.o)
 .text.rsa_check_pair_wrap
                0x00122164        0x4 /opt/devkitpro/portlibs/3ds/lib/libmbedcrypto.a(pk_wrap.o)
 .text.rsa_encrypt_wrap
                0x00122168       0x70 /opt/devkitpro/portlibs/3ds/lib/libmbedcrypto.a(pk_wrap.o)
 .text.rsa_decrypt_wrap
                0x001221d8       0x70 /opt/devkitpro/portlibs/3ds/lib/libmbedcrypto.a(pk_wrap.o)
 .text.rsa_sign_wrap
                0x00122248       0x54 /opt/devkitpro/portlibs/3ds/lib/libmbedcrypto.a(pk_wrap.o)
 .text.rsa_verify_wrap
                0x0012229c       0x80 /opt/devkitpro/portlibs/3ds/lib/libmbedcrypto.a(pk_wrap.o)
 .text.rsa_get_bitlen
                0x0012231c       0x68 /opt/devkitpro/portlibs/3ds/lib/libmbedcrypto.a(pk_wrap.o)
 .text.eckey_free_wrap
                0x00122384       0x18 /opt/devkitpro/portlibs/3ds/lib/libmbedcrypto.a(pk_wrap.o)
 .text.eckey_alloc_wrap
                0x0012239c       0x24 /opt/devkitpro/portlibs/3ds/lib/libmbedcrypto.a(pk_wrap.o)
 .text.eckey_check_pair
                0x001223c0        0x4 /opt/devkitpro/portlibs/3ds/lib/libmbedcrypto.a(pk_wrap.o)
 .text.ecdsa_alloc_wrap
                0x001223c4       0x24 /opt/devkitpro/portlibs/3ds/lib/libmbedcrypto.a(pk_wrap.o)
 .text.ecdsa_free_wrap
                0x001223e8       0x18 /opt/devkitpro/portlibs/3ds/lib/libmbedcrypto.a(pk_wrap.o)
 .text.ecdsa_sign_wrap
                0x00122400        0x4 /opt/devkitpro/portlibs/3ds/lib/libmbedcrypto.a(pk_wrap.o)
 .text.eckey_sign_wrap
                0x00122404       0x84 /opt/devkitpro/portlibs/3ds/lib/libmbedcrypto.a(pk_wrap.o)
 .text.ecdsa_verify_wrap
                0x00122488       0x38 /opt/devkitpro/portlibs/3ds/lib/libmbedcrypto.a(pk_wrap.o)
 .text.eckey_verify_wrap
                0x001224c0       0x7c /opt/devkitpro/portlibs/3ds/lib/libmbedcrypto.a(pk_wrap.o)
 .text.asn1_get_nonzero_mpi
                0x0012253c       0x38 /opt/devkitpro/portlibs/3ds/lib/libmbedcrypto.a(pkparse.o)
 .text.pk_get_pk_alg
                0x00122574       0x9c /opt/devkitpro/portlibs/3ds/lib/libmbedcrypto.a(pkparse.o)
 .text.pk_use_ecparams
                0x00122610      0x4ac /opt/devkitpro/portlibs/3ds/lib/libmbedcrypto.a(pkparse.o)
 .text.pk_parse_key_sec1_der
                0x00122abc      0x2b8 /opt/devkitpro/portlibs/3ds/lib/libmbedcrypto.a(pkparse.o)
 .text.pk_parse_key_pkcs1_der
                0x00122d74      0x324 /opt/devkitpro/portlibs/3ds/lib/libmbedcrypto.a(pkparse.o)
 .text.pk_parse_key_pkcs8_unencrypted_der
                0x00123098      0x1cc /opt/devkitpro/portlibs/3ds/lib/libmbedcrypto.a(pkparse.o)
 .text.pk_parse_key_pkcs8_encrypted_der
                0x00123264      0x1d4 /opt/devkitpro/portlibs/3ds/lib/libmbedcrypto.a(pkparse.o)
 .text.mbedtls_pk_load_file
                0x00123438      0x10c /opt/devkitpro/portlibs/3ds/lib/libmbedcrypto.a(pkparse.o)
                0x00123438                mbedtls_pk_load_file
 .text.mbedtls_pk_parse_key
                0x00123544      0x408 /opt/devkitpro/portlibs/3ds/lib/libmbedcrypto.a(pkparse.o)
                0x00123544                mbedtls_pk_parse_key
 .text.mbedtls_pk_parse_keyfile
                0x0012394c       0xa4 /opt/devkitpro/portlibs/3ds/lib/libmbedcrypto.a(pkparse.o)
                0x0012394c                mbedtls_pk_parse_keyfile
 .text.mbedtls_platform_zeroize
                0x001239f0       0x1c /opt/devkitpro/portlibs/3ds/lib/libmbedcrypto.a(platform_util.o)
                0x001239f0                mbedtls_platform_zeroize
 .text.mbedtls_ripemd160_init
                0x00123a0c        0xc /opt/devkitpro/portlibs/3ds/lib/libmbedcrypto.a(ripemd160.o)
                0x00123a0c                mbedtls_ripemd160_init
 .text.mbedtls_ripemd160_free
                0x00123a18       0x10 /opt/devkitpro/portlibs/3ds/lib/libmbedcrypto.a(ripemd160.o)
                0x00123a18                mbedtls_ripemd160_free
 .text.mbedtls_ripemd160_starts_ret
                0x00123a28       0x50 /opt/devkitpro/portlibs/3ds/lib/libmbedcrypto.a(ripemd160.o)
                0x00123a28                mbedtls_ripemd160_starts_ret
 .text.mbedtls_internal_ripemd160_process
                0x00123a78     0x1e5c /opt/devkitpro/portlibs/3ds/lib/libmbedcrypto.a(ripemd160.o)
                0x00123a78                mbedtls_internal_ripemd160_process
 .text.mbedtls_ripemd160_update_ret.part.0
                0x001258d4      0x104 /opt/devkitpro/portlibs/3ds/lib/libmbedcrypto.a(ripemd160.o)
 .text.mbedtls_ripemd160_update_ret
                0x001259d8       0x20 /opt/devkitpro/portlibs/3ds/lib/libmbedcrypto.a(ripemd160.o)
                0x001259d8                mbedtls_ripemd160_update_ret
 .text.mbedtls_ripemd160_finish_ret
                0x001259f8      0x114 /opt/devkitpro/portlibs/3ds/lib/libmbedcrypto.a(ripemd160.o)
                0x001259f8                mbedtls_ripemd160_finish_ret
 *fill*         0x00125b0c        0x4 
 .text.mbedtls_ripemd160_ret
                0x00125b10       0x94 /opt/devkitpro/portlibs/3ds/lib/libmbedcrypto.a(ripemd160.o)
                0x00125b10                mbedtls_ripemd160_ret
 .text.mgf_mask
                0x00125ba4      0x118 /opt/devkitpro/portlibs/3ds/lib/libmbedcrypto.a(rsa.o)
 .text.rsa_rsassa_pkcs1_v15_encode
                0x00125cbc      0x1cc /opt/devkitpro/portlibs/3ds/lib/libmbedcrypto.a(rsa.o)
 .text.mbedtls_rsa_free.part.0
                0x00125e88       0x74 /opt/devkitpro/portlibs/3ds/lib/libmbedcrypto.a(rsa.o)
 .text.rsa_check_context.isra.0
                0x00125efc      0x130 /opt/devkitpro/portlibs/3ds/lib/libmbedcrypto.a(rsa.o)
 .text.mbedtls_rsa_import
                0x0012602c       0xc8 /opt/devkitpro/portlibs/3ds/lib/libmbedcrypto.a(rsa.o)
                0x0012602c                mbedtls_rsa_import
 .text.mbedtls_rsa_complete
                0x001260f4      0x28c /opt/devkitpro/portlibs/3ds/lib/libmbedcrypto.a(rsa.o)
                0x001260f4                mbedtls_rsa_complete
 .text.mbedtls_rsa_export
                0x00126380      0x160 /opt/devkitpro/portlibs/3ds/lib/libmbedcrypto.a(rsa.o)
                0x00126380                mbedtls_rsa_export
 .text.mbedtls_rsa_init
                0x001264e0       0x28 /opt/devkitpro/portlibs/3ds/lib/libmbedcrypto.a(rsa.o)
                0x001264e0                mbedtls_rsa_init
 .text.mbedtls_rsa_get_len
                0x00126508        0x8 /opt/devkitpro/portlibs/3ds/lib/libmbedcrypto.a(rsa.o)
                0x00126508                mbedtls_rsa_get_len
 .text.mbedtls_rsa_check_pubkey
                0x00126510       0x7c /opt/devkitpro/portlibs/3ds/lib/libmbedcrypto.a(rsa.o)
                0x00126510                mbedtls_rsa_check_pubkey
 .text.mbedtls_rsa_check_privkey
                0x0012658c       0xa4 /opt/devkitpro/portlibs/3ds/lib/libmbedcrypto.a(rsa.o)
                0x0012658c                mbedtls_rsa_check_privkey
 .text.mbedtls_rsa_check_pub_priv
                0x00126630       0x5c /opt/devkitpro/portlibs/3ds/lib/libmbedcrypto.a(rsa.o)
                0x00126630                mbedtls_rsa_check_pub_priv
 .text.mbedtls_rsa_public
                0x0012668c       0xf4 /opt/devkitpro/portlibs/3ds/lib/libmbedcrypto.a(rsa.o)
                0x0012668c                mbedtls_rsa_public
 .text.mbedtls_rsa_private
                0x00126780      0x8e0 /opt/devkitpro/portlibs/3ds/lib/libmbedcrypto.a(rsa.o)
                0x00126780                mbedtls_rsa_private
 .text.rsa_rsassa_pss_sign
                0x00127060      0x2b4 /opt/devkitpro/portlibs/3ds/lib/libmbedcrypto.a(rsa.o)
 .text.mbedtls_rsa_rsaes_oaep_encrypt
                0x00127314      0x238 /opt/devkitpro/portlibs/3ds/lib/libmbedcrypto.a(rsa.o)
                0x00127314                mbedtls_rsa_rsaes_oaep_encrypt
 .text.mbedtls_rsa_rsaes_pkcs1_v15_encrypt
                0x0012754c      0x1c8 /opt/devkitpro/portlibs/3ds/lib/libmbedcrypto.a(rsa.o)
                0x0012754c                mbedtls_rsa_rsaes_pkcs1_v15_encrypt
 .text.mbedtls_rsa_pkcs1_encrypt
                0x00127714       0x60 /opt/devkitpro/portlibs/3ds/lib/libmbedcrypto.a(rsa.o)
                0x00127714                mbedtls_rsa_pkcs1_encrypt
 .text.mbedtls_rsa_rsaes_oaep_decrypt
                0x00127774      0x260 /opt/devkitpro/portlibs/3ds/lib/libmbedcrypto.a(rsa.o)
                0x00127774                mbedtls_rsa_rsaes_oaep_decrypt
 .text.mbedtls_rsa_rsaes_pkcs1_v15_decrypt
                0x001279d4       0xd4 /opt/devkitpro/portlibs/3ds/lib/libmbedcrypto.a(rsa.o)
                0x001279d4                mbedtls_rsa_rsaes_pkcs1_v15_decrypt
 .text.mbedtls_rsa_pkcs1_decrypt
                0x00127aa8       0x6c /opt/devkitpro/portlibs/3ds/lib/libmbedcrypto.a(rsa.o)
                0x00127aa8                mbedtls_rsa_pkcs1_decrypt
 .text.mbedtls_rsa_rsassa_pkcs1_v15_sign
                0x00127b14      0x1b4 /opt/devkitpro/portlibs/3ds/lib/libmbedcrypto.a(rsa.o)
                0x00127b14                mbedtls_rsa_rsassa_pkcs1_v15_sign
 .text.mbedtls_rsa_pkcs1_sign
                0x00127cc8       0x68 /opt/devkitpro/portlibs/3ds/lib/libmbedcrypto.a(rsa.o)
                0x00127cc8                mbedtls_rsa_pkcs1_sign
 .text.mbedtls_rsa_rsassa_pss_verify_ext
                0x00127d30      0x2a8 /opt/devkitpro/portlibs/3ds/lib/libmbedcrypto.a(rsa.o)
                0x00127d30                mbedtls_rsa_rsassa_pss_verify_ext
 .text.mbedtls_rsa_rsassa_pkcs1_v15_verify
                0x00127fd8      0x170 /opt/devkitpro/portlibs/3ds/lib/libmbedcrypto.a(rsa.o)
                0x00127fd8                mbedtls_rsa_rsassa_pkcs1_v15_verify
 .text.mbedtls_rsa_pkcs1_verify
                0x00128148       0x80 /opt/devkitpro/portlibs/3ds/lib/libmbedcrypto.a(rsa.o)
                0x00128148                mbedtls_rsa_pkcs1_verify
 .text.mbedtls_rsa_copy
                0x001281c8      0x134 /opt/devkitpro/portlibs/3ds/lib/libmbedcrypto.a(rsa.o)
                0x001281c8                mbedtls_rsa_copy
 .text.mbedtls_rsa_free
                0x001282fc        0xc /opt/devkitpro/portlibs/3ds/lib/libmbedcrypto.a(rsa.o)
                0x001282fc                mbedtls_rsa_free
 .text.mbedtls_rsa_deduce_primes
                0x00128308      0x308 /opt/devkitpro/portlibs/3ds/lib/libmbedcrypto.a(rsa_internal.o)
                0x00128308                mbedtls_rsa_deduce_primes
 .text.mbedtls_rsa_deduce_private_exponent
                0x00128610      0x134 /opt/devkitpro/portlibs/3ds/lib/libmbedcrypto.a(rsa_internal.o)
                0x00128610                mbedtls_rsa_deduce_private_exponent
 .text.mbedtls_rsa_validate_crt
                0x00128744      0x1c0 /opt/devkitpro/portlibs/3ds/lib/libmbedcrypto.a(rsa_internal.o)
                0x00128744                mbedtls_rsa_validate_crt
 .text.mbedtls_rsa_validate_params
                0x00128904      0x2f4 /opt/devkitpro/portlibs/3ds/lib/libmbedcrypto.a(rsa_internal.o)
                0x00128904                mbedtls_rsa_validate_params
 .text.mbedtls_rsa_deduce_crt
                0x00128bf8       0xd0 /opt/devkitpro/portlibs/3ds/lib/libmbedcrypto.a(rsa_internal.o)
                0x00128bf8                mbedtls_rsa_deduce_crt
 .text.mbedtls_sha1_init
                0x00128cc8        0xc /opt/devkitpro/portlibs/3ds/lib/libmbedcrypto.a(sha1.o)
                0x00128cc8                mbedtls_sha1_init
 .text.mbedtls_sha1_free
                0x00128cd4       0x10 /opt/devkitpro/portlibs/3ds/lib/libmbedcrypto.a(sha1.o)
                0x00128cd4                mbedtls_sha1_free
 .text.mbedtls_sha1_starts_ret
                0x00128ce4       0x50 /opt/devkitpro/portlibs/3ds/lib/libmbedcrypto.a(sha1.o)
                0x00128ce4                mbedtls_sha1_starts_ret
 .text.mbedtls_internal_sha1_process
                0x00128d34     0x1368 /opt/devkitpro/portlibs/3ds/lib/libmbedcrypto.a(sha1.o)
                0x00128d34                mbedtls_internal_sha1_process
 .text.mbedtls_sha1_update_ret.part.0
                0x0012a09c      0x104 /opt/devkitpro/portlibs/3ds/lib/libmbedcrypto.a(sha1.o)
 .text.mbedtls_sha1_update_ret
                0x0012a1a0       0x20 /opt/devkitpro/portlibs/3ds/lib/libmbedcrypto.a(sha1.o)
                0x0012a1a0                mbedtls_sha1_update_ret
 .text.mbedtls_sha1_finish_ret
                0x0012a1c0      0x15c /opt/devkitpro/portlibs/3ds/lib/libmbedcrypto.a(sha1.o)
                0x0012a1c0                mbedtls_sha1_finish_ret
 *fill*         0x0012a31c        0x4 
 .text.mbedtls_sha1_ret
                0x0012a320       0x94 /opt/devkitpro/portlibs/3ds/lib/libmbedcrypto.a(sha1.o)
                0x0012a320                mbedtls_sha1_ret
 .text.mbedtls_sha256_init
                0x0012a3b4        0xc /opt/devkitpro/portlibs/3ds/lib/libmbedcrypto.a(sha256.o)
                0x0012a3b4                mbedtls_sha256_init
 .text.mbedtls_sha256_free
                0x0012a3c0       0x10 /opt/devkitpro/portlibs/3ds/lib/libmbedcrypto.a(sha256.o)
                0x0012a3c0                mbedtls_sha256_free
 .text.mbedtls_sha256_starts_ret
                0x0012a3d0       0xc8 /opt/devkitpro/portlibs/3ds/lib/libmbedcrypto.a(sha256.o)
                0x0012a3d0                mbedtls_sha256_starts_ret
 .text.mbedtls_internal_sha256_process
                0x0012a498      0x9c0 /opt/devkitpro/portlibs/3ds/lib/libmbedcrypto.a(sha256.o)
                0x0012a498                mbedtls_internal_sha256_process
 .text.mbedtls_sha256_update_ret.part.0
                0x0012ae58      0x104 /opt/devkitpro/portlibs/3ds/lib/libmbedcrypto.a(sha256.o)
 .text.mbedtls_sha256_update_ret
                0x0012af5c       0x20 /opt/devkitpro/portlibs/3ds/lib/libmbedcrypto.a(sha256.o)
                0x0012af5c                mbedtls_sha256_update_ret
 .text.mbedtls_sha256_finish_ret
                0x0012af7c      0x1d4 /opt/devkitpro/portlibs/3ds/lib/libmbedcrypto.a(sha256.o)
                0x0012af7c                mbedtls_sha256_finish_ret
 .text.mbedtls_sha256_ret
                0x0012b150      0x120 /opt/devkitpro/portlibs/3ds/lib/libmbedcrypto.a(sha256.o)
                0x0012b150                mbedtls_sha256_ret
 .text.mbedtls_sha512_init
                0x0012b270        0xc /opt/devkitpro/portlibs/3ds/lib/libmbedcrypto.a(sha512.o)
                0x0012b270                mbedtls_sha512_init
 .text.mbedtls_sha512_free
                0x0012b27c       0x10 /opt/devkitpro/portlibs/3ds/lib/libmbedcrypto.a(sha512.o)
                0x0012b27c                mbedtls_sha512_free