Archive member included to satisfy reference by file (symbol)

/opt/devkitpro/portlibs/3ds/lib/libssh2.a(channel.o)
                              main.o (libssh2_channel_open_ex)
/opt/devkitpro/portlibs/3ds/lib/libssh2.a(crypto.o)
                              /opt/devkitpro/portlibs/3ds/lib/libssh2.a(channel.o) (_libssh2_mbedtls_random)
/opt/devkitpro/portlibs/3ds/lib/libssh2.a(global.o)
                              main.o (libssh2_init)
/opt/devkitpro/portlibs/3ds/lib/libssh2.a(misc.o)
                              /opt/devkitpro/portlibs/3ds/lib/libssh2.a(channel.o) (_libssh2_error)
/opt/devkitpro/portlibs/3ds/lib/libssh2.a(packet.o)
                              /opt/devkitpro/portlibs/3ds/lib/libssh2.a(channel.o) (_libssh2_packet_ask)
/opt/devkitpro/portlibs/3ds/lib/libssh2.a(pem.o)
                              /opt/devkitpro/portlibs/3ds/lib/libssh2.a(crypto.o) (_libssh2_openssh_pem_parse_memory)
/opt/devkitpro/portlibs/3ds/lib/libssh2.a(session.o)
                              main.o (libssh2_session_init_ex)
/opt/devkitpro/portlibs/3ds/lib/libssh2.a(transport.o)
                              /opt/devkitpro/portlibs/3ds/lib/libssh2.a(channel.o) (_libssh2_transport_read)
/opt/devkitpro/portlibs/3ds/lib/libssh2.a(userauth.o)
                              main.o (libssh2_userauth_password_ex)
/opt/devkitpro/portlibs/3ds/lib/libssh2.a(userauth_kbd_packet.o)
                              /opt/devkitpro/portlibs/3ds/lib/libssh2.a(userauth.o) (userauth_keyboard_interactive_decode_info_request)
/opt/devkitpro/portlibs/3ds/lib/libssh2.a(bcrypt_pbkdf.o)
                              /opt/devkitpro/portlibs/3ds/lib/libssh2.a(pem.o) (_libssh2_bcrypt_pbkdf)
/opt/devkitpro/portlibs/3ds/lib/libssh2.a(crypt.o)
                              /opt/devkitpro/portlibs/3ds/lib/libssh2.a(pem.o) (libssh2_crypt_methods)
/opt/devkitpro/portlibs/3ds/lib/libssh2.a(hostkey.o)
                              /opt/devkitpro/portlibs/3ds/lib/libssh2.a(userauth.o) (libssh2_hostkey_methods)
/opt/devkitpro/portlibs/3ds/lib/libssh2.a(keepalive.o)
                              /opt/devkitpro/portlibs/3ds/lib/libssh2.a(session.o) (libssh2_keepalive_send)
/opt/devkitpro/portlibs/3ds/lib/libssh2.a(kex.o)
                              /opt/devkitpro/portlibs/3ds/lib/libssh2.a(packet.o) (_libssh2_kex_agree_instr)
/opt/devkitpro/portlibs/3ds/lib/libssh2.a(mac.o)
                              /opt/devkitpro/portlibs/3ds/lib/libssh2.a(kex.o) (_libssh2_mac_methods)
/opt/devkitpro/portlibs/3ds/lib/libssh2.a(comp.o)
                              /opt/devkitpro/portlibs/3ds/lib/libssh2.a(kex.o) (_libssh2_comp_methods)
/opt/devkitpro/portlibs/3ds/lib/libssh2.a(cipher-chachapoly.o)
                              /opt/devkitpro/portlibs/3ds/lib/libssh2.a(crypt.o) (chachapoly_init)
/opt/devkitpro/portlibs/3ds/lib/libssh2.a(poly1305.o)
                              /opt/devkitpro/portlibs/3ds/lib/libssh2.a(cipher-chachapoly.o) (poly1305_auth)
/opt/devkitpro/portlibs/3ds/lib/libssh2.a(chacha.o)
                              /opt/devkitpro/portlibs/3ds/lib/libssh2.a(cipher-chachapoly.o) (chacha_keysetup)
/opt/devkitpro/portlibs/3ds/lib/libmbedcrypto.a(bignum.o)
                              /opt/devkitpro/portlibs/3ds/lib/libssh2.a(crypto.o) (mbedtls_mpi_init)
/opt/devkitpro/portlibs/3ds/lib/libmbedcrypto.a(cipher.o)
                              /opt/devkitpro/portlibs/3ds/lib/libssh2.a(crypto.o) (mbedtls_cipher_info_from_type)
/opt/devkitpro/portlibs/3ds/lib/libmbedcrypto.a(cipher_wrap.o)
                              /opt/devkitpro/portlibs/3ds/lib/libmbedcrypto.a(cipher.o) (mbedtls_cipher_supported)
/opt/devkitpro/portlibs/3ds/lib/libmbedcrypto.a(constant_time.o)
                              /opt/devkitpro/portlibs/3ds/lib/libmbedcrypto.a(cipher.o) (mbedtls_ct_memcmp)
/opt/devkitpro/portlibs/3ds/lib/libmbedcrypto.a(ctr_drbg.o)
                              /opt/devkitpro/portlibs/3ds/lib/libssh2.a(crypto.o) (mbedtls_ctr_drbg_init)
/opt/devkitpro/portlibs/3ds/lib/libmbedcrypto.a(des.o)
                              /opt/devkitpro/portlibs/3ds/lib/libmbedcrypto.a(cipher_wrap.o) (mbedtls_des_init)
/opt/devkitpro/portlibs/3ds/lib/libmbedcrypto.a(ecdh.o)
                              /opt/devkitpro/portlibs/3ds/lib/libssh2.a(crypto.o) (mbedtls_ecdh_compute_shared)
/opt/devkitpro/portlibs/3ds/lib/libmbedcrypto.a(ecdsa.o)
                              /opt/devkitpro/portlibs/3ds/lib/libssh2.a(crypto.o) (mbedtls_ecdsa_sign)
/opt/devkitpro/portlibs/3ds/lib/libmbedcrypto.a(ecp.o)
                              /opt/devkitpro/portlibs/3ds/lib/libmbedcrypto.a(ecdh.o) (mbedtls_ecp_get_type)
/opt/devkitpro/portlibs/3ds/lib/libmbedcrypto.a(ecp_curves.o)
                              /opt/devkitpro/portlibs/3ds/lib/libssh2.a(crypto.o) (mbedtls_ecp_group_load)
/opt/devkitpro/portlibs/3ds/lib/libmbedcrypto.a(entropy.o)
                              /opt/devkitpro/portlibs/3ds/lib/libssh2.a(crypto.o) (mbedtls_entropy_init)
[...]
Memory Configuration

Name             Origin             Length             Attributes
*default*        0x00000000         0xffffffff

Linker script and memory map

                0x00000000                        __sync_synchronize = __sync_synchronize_dmb
                0x00100000                        PROVIDE (__start__ = 0x100000)
                0x00100000                        . = __start__

.text           0x00100000    0x4c0c4
 *(.crt0)
 .crt0          0x00100000       0x94 /opt/devkitpro/devkitARM/bin/../lib/gcc/arm-none-eabi/14.2.0/../../../../arm-none-eabi/lib/armv6k/fpu/3dsx_crt0.o
                0x00100000                _start
                0x00100008                __service_ptr
                0x0010000c                __apt_appid
                0x00100010                __heap_size
                0x00100014                __linear_heap_size
                0x00100018                __system_arglist
                0x0010001c                __system_runflags
 *(.init)
 .init          0x00100094        0xc /opt/devkitpro/devkitARM/bin/../lib/gcc/arm-none-eabi/14.2.0/armv6k/fpu/crti.o
                0x00100094                _init
 .init          0x001000a0        0xc /opt/devkitpro/devkitARM/bin/../lib/gcc/arm-none-eabi/14.2.0/armv6k/fpu/crtn.o
                0x001000ac                        . = ALIGN (0x4)
 *(.text)
 .text          0x001000ac      0x20c /opt/devkitpro/devkitARM/bin/../lib/gcc/arm-none-eabi/14.2.0/armv6k/fpu/libgcc.a(_udivsi3.o)
                0x001000ac                __udivsi3
                0x001000ac                __aeabi_uidiv
                0x00100298                __aeabi_uidivmod
 .text          0x001002b8      0x240 /opt/devkitpro/devkitARM/bin/../lib/gcc/arm-none-eabi/14.2.0/armv6k/fpu/libgcc.a(_divsi3.o)
                0x001002b8                __aeabi_idiv
                0x001002b8                __divsi3
                0x001004d8                __aeabi_idivmod
 .text          0x001004f8        0x4 /opt/devkitpro/devkitARM/bin/../lib/gcc/arm-none-eabi/14.2.0/armv6k/fpu/libgcc.a(_dvmd_tls.o)
                0x001004f8                __aeabi_ldiv0
                0x001004f8                __aeabi_idiv0
 .text          0x001004fc       0xd4 /opt/devkitpro/devkitARM/bin/../lib/gcc/arm-none-eabi/14.2.0/armv6k/fpu/libgcc.a(_aeabi_ldivmod.o)
                0x001004fc                __aeabi_ldivmod
 .text          0x001005d0       0x3c /opt/devkitpro/devkitARM/bin/../lib/gcc/arm-none-eabi/14.2.0/armv6k/fpu/libgcc.a(_aeabi_uldivmod.o)
                0x001005d0                __aeabi_uldivmod
 *fill*         0x0010060c       0x14 
 .text          0x00100620      0x390 /opt/devkitpro/devkitARM/bin/../lib/gcc/arm-none-eabi/14.2.0/../../../../arm-none-eabi/lib/armv6k/fpu/libg.a(libc_a-strcmp.o)
                0x00100628                strcmp
 .text          0x001009b0      0x3c0 /opt/devkitpro/devkitARM/bin/../lib/gcc/arm-none-eabi/14.2.0/armv6k/fpu/libgcc.a(_arm_addsubdf3.o)
                0x001009b0                __aeabi_drsub
                0x001009b8                __aeabi_dsub
                0x001009b8                __subdf3
                0x001009bc                __adddf3
                0x001009bc                __aeabi_dadd
                0x00100c68                __aeabi_ui2d
                0x00100c68                __floatunsidf
                0x00100c8c                __floatsidf
                0x00100c8c                __aeabi_i2d
                0x00100cb4                __extendsfdf2
                0x00100cb4                __aeabi_f2d
                0x00100cfc                __aeabi_ul2d
                0x00100cfc                __floatundidf
                0x00100d10                __floatdidf
                0x00100d10                __aeabi_l2d
 *(.text.*)
 .text.__do_global_dtors_aux
                0x00100d70       0x40 /opt/devkitpro/devkitARM/bin/../lib/gcc/arm-none-eabi/14.2.0/armv6k/fpu/crtbegin.o
 .text.frame_dummy
                0x00100db0       0x2c /opt/devkitpro/devkitARM/bin/../lib/gcc/arm-none-eabi/14.2.0/armv6k/fpu/crtbegin.o
 .text.socShutdown
                0x00100ddc       0x18 main.o
                0x00100ddc                socShutdown
 .text.startup.main
                0x00100df4      0x4fc main.o
                0x00100df4                main
 .text.channel_send_eof
                0x001012f0       0xa4 /opt/devkitpro/portlibs/3ds/lib/libssh2.a(channel.o)
 .text._libssh2_channel_nextid
                0x00101394       0x44 /opt/devkitpro/portlibs/3ds/lib/libssh2.a(channel.o)
                0x00101394                _libssh2_channel_nextid
 .text._libssh2_channel_locate
                0x001013d8       0x84 /opt/devkitpro/portlibs/3ds/lib/libssh2.a(channel.o)
                0x001013d8                _libssh2_channel_locate
 *fill*         0x0010145c        0x4 
 .text._libssh2_channel_open
                0x00101460      0x55c /opt/devkitpro/portlibs/3ds/lib/libssh2.a(channel.o)
                0x00101460                _libssh2_channel_open
 .text.libssh2_channel_open_ex
                0x001019bc       0xac /opt/devkitpro/portlibs/3ds/lib/libssh2.a(channel.o)
                0x001019bc                libssh2_channel_open_ex
 .text.libssh2_channel_request_pty_ex
                0x00101a68      0x2b8 /opt/devkitpro/portlibs/3ds/lib/libssh2.a(channel.o)
                0x00101a68                libssh2_channel_request_pty_ex
 .text._libssh2_channel_process_startup
                0x00101d20      0x27c /opt/devkitpro/portlibs/3ds/lib/libssh2.a(channel.o)
                0x00101d20                _libssh2_channel_process_startup
 .text.libssh2_channel_process_startup
                0x00101f9c       0x90 /opt/devkitpro/portlibs/3ds/lib/libssh2.a(channel.o)
                0x00101f9c                libssh2_channel_process_startup
 .text._libssh2_channel_receive_window_adjust
                0x0010202c      0x114 /opt/devkitpro/portlibs/3ds/lib/libssh2.a(channel.o)
                0x0010202c                _libssh2_channel_receive_window_adjust
 .text._libssh2_channel_read
                0x00102140      0x2ac /opt/devkitpro/portlibs/3ds/lib/libssh2.a(channel.o)
                0x00102140                _libssh2_channel_read
 .text.libssh2_channel_read_ex
                0x001023ec       0xe4 /opt/devkitpro/portlibs/3ds/lib/libssh2.a(channel.o)
                0x001023ec                libssh2_channel_read_ex
 .text._libssh2_channel_write
                0x001024d0      0x220 /opt/devkitpro/portlibs/3ds/lib/libssh2.a(channel.o)
                0x001024d0                _libssh2_channel_write
 .text.libssh2_channel_write_ex
                0x001026f0       0x80 /opt/devkitpro/portlibs/3ds/lib/libssh2.a(channel.o)
                0x001026f0                libssh2_channel_write_ex
 .text._libssh2_channel_close
                0x00102770      0x1c4 /opt/devkitpro/portlibs/3ds/lib/libssh2.a(channel.o)
                0x00102770                _libssh2_channel_close
 .text._libssh2_channel_free
                0x00102934      0x18c /opt/devkitpro/portlibs/3ds/lib/libssh2.a(channel.o)
                0x00102934                _libssh2_channel_free
 .text._libssh2_channel_forward_cancel
                0x00102ac0      0x1cc /opt/devkitpro/portlibs/3ds/lib/libssh2.a(channel.o)
                0x00102ac0                _libssh2_channel_forward_cancel
 .text._libssh2_mbedtls_mpi_write_binary
                0x00102c8c       0x74 /opt/devkitpro/portlibs/3ds/lib/libssh2.a(crypto.o)
 .text._libssh2_mbedtls_parse_eckey
                0x00102d00       0xe4 /opt/devkitpro/portlibs/3ds/lib/libssh2.a(crypto.o)
 .text._libssh2_mbedtls_init
                0x00102de4       0x5c /opt/devkitpro/portlibs/3ds/lib/libssh2.a(crypto.o)
                0x00102de4                _libssh2_mbedtls_init
 .text._libssh2_mbedtls_free
                0x00102e40       0x20 /opt/devkitpro/portlibs/3ds/lib/libssh2.a(crypto.o)
                0x00102e40                _libssh2_mbedtls_free
 .text._libssh2_mbedtls_random
                0x00102e60       0x2c /opt/devkitpro/portlibs/3ds/lib/libssh2.a(crypto.o)
                0x00102e60                _libssh2_mbedtls_random
 .text._libssh2_mbedtls_cipher_init
                0x00102e8c       0x8c /opt/devkitpro/portlibs/3ds/lib/libssh2.a(crypto.o)
                0x00102e8c                _libssh2_mbedtls_cipher_init
 .text._libssh2_mbedtls_cipher_crypt
                0x00102f18      0x104 /opt/devkitpro/portlibs/3ds/lib/libssh2.a(crypto.o)
                0x00102f18                _libssh2_mbedtls_cipher_crypt
 .text._libssh2_mbedtls_cipher_dtor
                0x0010301c        0x4 /opt/devkitpro/portlibs/3ds/lib/libssh2.a(crypto.o)
                0x0010301c                _libssh2_mbedtls_cipher_dtor
 .text._libssh2_mbedtls_hash_init
                0x00103020       0x7c /opt/devkitpro/portlibs/3ds/lib/libssh2.a(crypto.o)
                0x00103020                _libssh2_mbedtls_hash_init
 .text._libssh2_mbedtls_hash_final
                0x0010309c       0x24 /opt/devkitpro/portlibs/3ds/lib/libssh2.a(crypto.o)
                0x0010309c                _libssh2_mbedtls_hash_final
 .text._libssh2_hmac_ctx_init
                0x001030c0       0x1c /opt/devkitpro/portlibs/3ds/lib/libssh2.a(crypto.o)
                0x001030c0                _libssh2_hmac_ctx_init
 .text._libssh2_hmac_md5_init
                0x001030dc       0x14 /opt/devkitpro/portlibs/3ds/lib/libssh2.a(crypto.o)
                0x001030dc                _libssh2_hmac_md5_init
 .text._libssh2_hmac_ripemd160_init
                0x001030f0       0x14 /opt/devkitpro/portlibs/3ds/lib/libssh2.a(crypto.o)
                0x001030f0                _libssh2_hmac_ripemd160_init
 .text._libssh2_hmac_sha1_init
                0x00103104       0x14 /opt/devkitpro/portlibs/3ds/lib/libssh2.a(crypto.o)
                0x00103104                _libssh2_hmac_sha1_init
 .text._libssh2_hmac_sha256_init
                0x00103118       0x14 /opt/devkitpro/portlibs/3ds/lib/libssh2.a(crypto.o)
                0x00103118                _libssh2_hmac_sha256_init
 .text._libssh2_hmac_sha512_init
                0x0010312c       0x14 /opt/devkitpro/portlibs/3ds/lib/libssh2.a(crypto.o)
                0x0010312c                _libssh2_hmac_sha512_init
 .text._libssh2_hmac_update
                0x00103140       0x14 /opt/devkitpro/portlibs/3ds/lib/libssh2.a(crypto.o)
                0x00103140                _libssh2_hmac_update
 .text._libssh2_hmac_final
                0x00103154       0x14 /opt/devkitpro/portlibs/3ds/lib/libssh2.a(crypto.o)
                0x00103154                _libssh2_hmac_final
 .text._libssh2_hmac_cleanup
                0x00103168        0x4 /opt/devkitpro/portlibs/3ds/lib/libssh2.a(crypto.o)
                0x00103168                _libssh2_hmac_cleanup
 .text._libssh2_mbedtls_bignum_init
                0x0010316c       0x24 /opt/devkitpro/portlibs/3ds/lib/libssh2.a(crypto.o)
                0x0010316c                _libssh2_mbedtls_bignum_init
 .text._libssh2_mbedtls_bignum_free
                0x00103190       0x1c /opt/devkitpro/portlibs/3ds/lib/libssh2.a(crypto.o)
                0x00103190                _libssh2_mbedtls_bignum_free
 .text._libssh2_mbedtls_rsa_new
                0x001031ac      0x160 /opt/devkitpro/portlibs/3ds/lib/libssh2.a(crypto.o)
                0x001031ac                _libssh2_mbedtls_rsa_new
 .text._libssh2_mbedtls_rsa_new_private
                0x0010330c       0xd8 /opt/devkitpro/portlibs/3ds/lib/libssh2.a(crypto.o)
                0x0010330c                _libssh2_mbedtls_rsa_new_private
 .text._libssh2_mbedtls_rsa_new_private_frommemory
                0x001033e4      0x130 /opt/devkitpro/portlibs/3ds/lib/libssh2.a(crypto.o)
                0x001033e4                _libssh2_mbedtls_rsa_new_private_frommemory
 .text._libssh2_mbedtls_rsa_sha2_verify
                0x00103514       0xd4 /opt/devkitpro/portlibs/3ds/lib/libssh2.a(crypto.o)
                0x00103514                _libssh2_mbedtls_rsa_sha2_verify
 .text._libssh2_mbedtls_rsa_sha1_verify
                0x001035e8       0x38 /opt/devkitpro/portlibs/3ds/lib/libssh2.a(crypto.o)
                0x001035e8                _libssh2_mbedtls_rsa_sha1_verify
 .text._libssh2_mbedtls_rsa_sha2_sign
                0x00103620       0xcc /opt/devkitpro/portlibs/3ds/lib/libssh2.a(crypto.o)
                0x00103620                _libssh2_mbedtls_rsa_sha2_sign
 .text._libssh2_mbedtls_rsa_sha1_sign
                0x001036ec        0x4 /opt/devkitpro/portlibs/3ds/lib/libssh2.a(crypto.o)
                0x001036ec                _libssh2_mbedtls_rsa_sha1_sign
 .text._libssh2_mbedtls_rsa_free
                0x001036f0       0x18 /opt/devkitpro/portlibs/3ds/lib/libssh2.a(crypto.o)
                0x001036f0                _libssh2_mbedtls_rsa_free
 .text._libssh2_dh_init
                0x00103708       0x28 /opt/devkitpro/portlibs/3ds/lib/libssh2.a(crypto.o)
                0x00103708                _libssh2_dh_init
 .text._libssh2_dh_key_pair
                0x00103730       0xdc /opt/devkitpro/portlibs/3ds/lib/libssh2.a(crypto.o)
                0x00103730                _libssh2_dh_key_pair
 .text._libssh2_dh_secret
                0x0010380c       0x30 /opt/devkitpro/portlibs/3ds/lib/libssh2.a(crypto.o)
                0x0010380c                _libssh2_dh_secret
 .text._libssh2_dh_dtor
                0x0010383c       0x30 /opt/devkitpro/portlibs/3ds/lib/libssh2.a(crypto.o)
                0x0010383c                _libssh2_dh_dtor
 .text._libssh2_mbedtls_ecdsa_create_key
                0x0010386c      0x12c /opt/devkitpro/portlibs/3ds/lib/libssh2.a(crypto.o)
                0x0010386c                _libssh2_mbedtls_ecdsa_create_key
 .text._libssh2_mbedtls_ecdsa_curve_name_with_octal_new
                0x00103998       0xa0 /opt/devkitpro/portlibs/3ds/lib/libssh2.a(crypto.o)
                0x00103998                _libssh2_mbedtls_ecdsa_curve_name_with_octal_new
 .text._libssh2_mbedtls_ecdh_gen_k
                0x00103a38       0xb8 /opt/devkitpro/portlibs/3ds/lib/libssh2.a(crypto.o)
                0x00103a38                _libssh2_mbedtls_ecdh_gen_k
 .text._libssh2_mbedtls_ecdsa_verify
                0x00103af0      0x1b8 /opt/devkitpro/portlibs/3ds/lib/libssh2.a(crypto.o)
                0x00103af0                _libssh2_mbedtls_ecdsa_verify
 .text._libssh2_mbedtls_ecdsa_sign
                0x00103ca8      0x13c /opt/devkitpro/portlibs/3ds/lib/libssh2.a(crypto.o)
                0x00103ca8                _libssh2_mbedtls_ecdsa_sign
 .text._libssh2_mbedtls_ecdsa_get_curve_type
                0x00103de4        0x8 /opt/devkitpro/portlibs/3ds/lib/libssh2.a(crypto.o)
                0x00103de4                _libssh2_mbedtls_ecdsa_get_curve_type
 .text._libssh2_mbedtls_ecdsa_curve_type_from_name
                0x00103dec       0x8c /opt/devkitpro/portlibs/3ds/lib/libssh2.a(crypto.o)
                0x00103dec                _libssh2_mbedtls_ecdsa_curve_type_from_name
 .text._libssh2_mbedtls_parse_openssh_key.isra.0
                0x00103e78      0x188 /opt/devkitpro/portlibs/3ds/lib/libssh2.a(crypto.o)
 .text._libssh2_mbedtls_ecdsa_new_private_frommemory
                0x00104000       0xe0 /opt/devkitpro/portlibs/3ds/lib/libssh2.a(crypto.o)
                0x00104000                _libssh2_mbedtls_ecdsa_new_private_frommemory
 .text._libssh2_mbedtls_ecdsa_new_private
                0x001040e0       0xd0 /opt/devkitpro/portlibs/3ds/lib/libssh2.a(crypto.o)
                0x001040e0                _libssh2_mbedtls_ecdsa_new_private
 .text._libssh2_mbedtls_ecdsa_free
                0x001041b0       0x18 /opt/devkitpro/portlibs/3ds/lib/libssh2.a(crypto.o)
                0x001041b0                _libssh2_mbedtls_ecdsa_free
 .text.libssh2_init
                0x001041c8       0x50 /opt/devkitpro/portlibs/3ds/lib/libssh2.a(global.o)
                0x001041c8                libssh2_init
 .text.libssh2_exit
                0x00104218       0x3c /opt/devkitpro/portlibs/3ds/lib/libssh2.a(global.o)
                0x00104218                libssh2_exit
 .text._libssh2_init_if_needed
                0x00104254       0x2c /opt/devkitpro/portlibs/3ds/lib/libssh2.a(global.o)
                0x00104254                _libssh2_init_if_needed
 .text._libssh2_error
                0x00104280       0x70 /opt/devkitpro/portlibs/3ds/lib/libssh2.a(misc.o)
                0x00104280                _libssh2_error
 .text._libssh2_recv
                0x001042f0       0x2c /opt/devkitpro/portlibs/3ds/lib/libssh2.a(misc.o)
                0x001042f0                _libssh2_recv
 .text._libssh2_send
                0x0010431c       0x28 /opt/devkitpro/portlibs/3ds/lib/libssh2.a(misc.o)
                0x0010431c                _libssh2_send
 .text._libssh2_ntohu32
                0x00104344        0xc /opt/devkitpro/portlibs/3ds/lib/libssh2.a(misc.o)
                0x00104344                _libssh2_ntohu32
 .text._libssh2_htonu32
                0x00104350        0xc /opt/devkitpro/portlibs/3ds/lib/libssh2.a(misc.o)
                0x00104350                _libssh2_htonu32
 .text._libssh2_store_u32
                0x0010435c       0x1c /opt/devkitpro/portlibs/3ds/lib/libssh2.a(misc.o)
                0x0010435c                _libssh2_store_u32
 .text._libssh2_store_u64
                0x00104378       0x40 /opt/devkitpro/portlibs/3ds/lib/libssh2.a(misc.o)
                0x00104378                _libssh2_store_u64
 .text._libssh2_store_str
                0x001043b8       0x4c /opt/devkitpro/portlibs/3ds/lib/libssh2.a(misc.o)
                0x001043b8                _libssh2_store_str
 .text._libssh2_base64_decode
                0x00104404      0x1a0 /opt/devkitpro/portlibs/3ds/lib/libssh2.a(misc.o)
                0x00104404                _libssh2_base64_decode
 .text._libssh2_list_add
                0x001045a4       0x24 /opt/devkitpro/portlibs/3ds/lib/libssh2.a(misc.o)
                0x001045a4                _libssh2_list_add
 .text._libssh2_list_first
                0x001045c8        0x8 /opt/devkitpro/portlibs/3ds/lib/libssh2.a(misc.o)
                0x001045c8                _libssh2_list_first
 .text._libssh2_list_next
                0x001045d0        0x8 /opt/devkitpro/portlibs/3ds/lib/libssh2.a(misc.o)
                0x001045d0                _libssh2_list_next
 .text._libssh2_list_remove
                0x001045d8       0x28 /opt/devkitpro/portlibs/3ds/lib/libssh2.a(misc.o)
                0x001045d8                _libssh2_list_remove
 .text._libssh2_calloc
                0x00104600       0x38 /opt/devkitpro/portlibs/3ds/lib/libssh2.a(misc.o)
                0x00104600                _libssh2_calloc
 .text._libssh2_string_buf_new
                0x00104638       0x2c /opt/devkitpro/portlibs/3ds/lib/libssh2.a(misc.o)
                0x00104638                _libssh2_string_buf_new
 .text._libssh2_string_buf_free
                0x00104664       0x3c /opt/devkitpro/portlibs/3ds/lib/libssh2.a(misc.o)
                0x00104664                _libssh2_string_buf_free
 .text._libssh2_get_u32
                0x001046a0       0x40 /opt/devkitpro/portlibs/3ds/lib/libssh2.a(misc.o)
                0x001046a0                _libssh2_get_u32
 .text._libssh2_get_string
                0x001046e0       0x84 /opt/devkitpro/portlibs/3ds/lib/libssh2.a(misc.o)
                0x001046e0                _libssh2_get_string
 .text._libssh2_copy_string
                0x00104764       0xbc /opt/devkitpro/portlibs/3ds/lib/libssh2.a(misc.o)
                0x00104764                _libssh2_copy_string
 .text._libssh2_get_bignum_bytes
                0x00104820       0xac /opt/devkitpro/portlibs/3ds/lib/libssh2.a(misc.o)
                0x00104820                _libssh2_get_bignum_bytes
 .text._libssh2_check_length
                0x001048cc       0x28 /opt/devkitpro/portlibs/3ds/lib/libssh2.a(misc.o)
                0x001048cc                _libssh2_check_length
 .text._libssh2_eob
                0x001048f4       0x1c /opt/devkitpro/portlibs/3ds/lib/libssh2.a(misc.o)
                0x001048f4                _libssh2_eob
 .text._libssh2_packet_add
                0x00104910     0x17e0 /opt/devkitpro/portlibs/3ds/lib/libssh2.a(packet.o)
                0x00104910                _libssh2_packet_add
 .text._libssh2_packet_ask
                0x001060f0      0x114 /opt/devkitpro/portlibs/3ds/lib/libssh2.a(packet.o)
                0x001060f0                _libssh2_packet_ask
 .text._libssh2_packet_require
                0x00106204      0x140 /opt/devkitpro/portlibs/3ds/lib/libssh2.a(packet.o)
                0x00106204                _libssh2_packet_require
 .text._libssh2_packet_burn
                0x00106344      0x140 /opt/devkitpro/portlibs/3ds/lib/libssh2.a(packet.o)
                0x00106344                _libssh2_packet_burn
 .text._libssh2_packet_requirev
                0x00106484      0x1f8 /opt/devkitpro/portlibs/3ds/lib/libssh2.a(packet.o)
                0x00106484                _libssh2_packet_requirev
 .text._libssh2_openssh_pem_parse_data
                0x0010667c      0x9a8 /opt/devkitpro/portlibs/3ds/lib/libssh2.a(pem.o)
 .text.readline_memory.constprop.0.isra.0
                0x00107024       0x9c /opt/devkitpro/portlibs/3ds/lib/libssh2.a(pem.o)
 .text._libssh2_openssh_pem_parse_memory
                0x001070c0      0x238 /opt/devkitpro/portlibs/3ds/lib/libssh2.a(pem.o)
                0x001070c0                _libssh2_openssh_pem_parse_memory
 .text.libssh2_default_realloc
                0x001072f8        0x4 /opt/devkitpro/portlibs/3ds/lib/libssh2.a(session.o)
 .text.libssh2_default_free
                0x001072fc        0x4 /opt/devkitpro/portlibs/3ds/lib/libssh2.a(session.o)
 .text.libssh2_default_alloc
                0x00107300        0x4 /opt/devkitpro/portlibs/3ds/lib/libssh2.a(session.o)
 .text.libssh2_session_init_ex
                0x00107304       0xc0 /opt/devkitpro/portlibs/3ds/lib/libssh2.a(session.o)
                0x00107304                libssh2_session_init_ex
 *fill*         0x001073c4        0x4 
 .text._libssh2_wait_socket
                0x001073c8      0x1a4 /opt/devkitpro/portlibs/3ds/lib/libssh2.a(session.o)
                0x001073c8                _libssh2_wait_socket
 .text.libssh2_session_handshake
                0x0010756c      0x65c /opt/devkitpro/portlibs/3ds/lib/libssh2.a(session.o)
                0x0010756c                libssh2_session_handshake
 .text.libssh2_session_free
                0x00107bc8      0x6b0 /opt/devkitpro/portlibs/3ds/lib/libssh2.a(session.o)
                0x00107bc8                libssh2_session_free
 .text.libssh2_session_disconnect_ex
                0x00108278      0x1b8 /opt/devkitpro/portlibs/3ds/lib/libssh2.a(session.o)
                0x00108278                libssh2_session_disconnect_ex
 .text.libssh2_session_last_errno
                0x00108430        0x8 /opt/devkitpro/portlibs/3ds/lib/libssh2.a(session.o)
                0x00108430                libssh2_session_last_errno
 .text.decrypt  0x00108438      0x1bc /opt/devkitpro/portlibs/3ds/lib/libssh2.a(transport.o)
 .text._libssh2_transport_read
                0x001085f4      0xd3c /opt/devkitpro/portlibs/3ds/lib/libssh2.a(transport.o)
                0x001085f4                _libssh2_transport_read
 .text._libssh2_transport_send
                0x00109330      0x730 /opt/devkitpro/portlibs/3ds/lib/libssh2.a(transport.o)
                0x00109330                _libssh2_transport_send
 .text.libssh2_userauth_password_ex
                0x00109a60      0x5a4 /opt/devkitpro/portlibs/3ds/lib/libssh2.a(userauth.o)
                0x00109a60                libssh2_userauth_password_ex
 .text.Blowfish_encipher
                0x0010a004      0x4ec /opt/devkitpro/portlibs/3ds/lib/libssh2.a(bcrypt_pbkdf.o)
 .text.Blowfish_expand0state.constprop.0
                0x0010a4f0       0xe0 /opt/devkitpro/portlibs/3ds/lib/libssh2.a(bcrypt_pbkdf.o)
 .text.bcrypt_hash
                0x0010a5d0      0x310 /opt/devkitpro/portlibs/3ds/lib/libssh2.a(bcrypt_pbkdf.o)
 .text._libssh2_bcrypt_pbkdf
                0x0010a8e0      0x2bc /opt/devkitpro/portlibs/3ds/lib/libssh2.a(bcrypt_pbkdf.o)
                0x0010a8e0                _libssh2_bcrypt_pbkdf
 .text.crypt_dtor_chacha20_poly
                0x0010ab9c       0x34 /opt/devkitpro/portlibs/3ds/lib/libssh2.a(crypt.o)
 .text.crypt_dtor
                0x0010abd0       0x44 /opt/devkitpro/portlibs/3ds/lib/libssh2.a(crypt.o)
 .text.crypt_encrypt
                0x0010ac14       0x30 /opt/devkitpro/portlibs/3ds/lib/libssh2.a(crypt.o)
 .text.crypt_init
                0x0010ac44       0x9c /opt/devkitpro/portlibs/3ds/lib/libssh2.a(crypt.o)
 .text.crypt_encrypt_chacha20_poly_buffer
                0x0010ace0       0xac /opt/devkitpro/portlibs/3ds/lib/libssh2.a(crypt.o)
 .text.crypt_get_length_chacha20_poly
                0x0010ad8c       0x34 /opt/devkitpro/portlibs/3ds/lib/libssh2.a(crypt.o)
 .text.crypt_init_chacha20_poly
                0x0010adc0       0x8c /opt/devkitpro/portlibs/3ds/lib/libssh2.a(crypt.o)
 .text.libssh2_crypt_methods
                0x0010ae4c        0xc /opt/devkitpro/portlibs/3ds/lib/libssh2.a(crypt.o)
                0x0010ae4c                libssh2_crypt_methods
 .text.hostkey_method_ssh_rsa_dtor
                0x0010ae58       0x1c /opt/devkitpro/portlibs/3ds/lib/libssh2.a(hostkey.o)
 .text.hostkey_method_ssh_rsa_signv
                0x0010ae74       0xc8 /opt/devkitpro/portlibs/3ds/lib/libssh2.a(hostkey.o)
 .text.hostkey_method_ssh_rsa_initPEMFromMemory
                0x0010af3c       0x68 /opt/devkitpro/portlibs/3ds/lib/libssh2.a(hostkey.o)
 .text.hostkey_method_ssh_rsa_initPEM
                0x0010afa4       0x5c /opt/devkitpro/portlibs/3ds/lib/libssh2.a(hostkey.o)
 .text.hostkey_method_ssh_rsa_sig_verify
                0x0010b000       0x2c /opt/devkitpro/portlibs/3ds/lib/libssh2.a(hostkey.o)
 .text.hostkey_method_ssh_rsa_init
                0x0010b02c      0x178 /opt/devkitpro/portlibs/3ds/lib/libssh2.a(hostkey.o)
 .text.hostkey_method_ssh_rsa_sha2_256_signv
                0x0010b1a4       0xc8 /opt/devkitpro/portlibs/3ds/lib/libssh2.a(hostkey.o)
 .text.hostkey_method_ssh_rsa_sha2_512_signv
                0x0010b26c       0xc8 /opt/devkitpro/portlibs/3ds/lib/libssh2.a(hostkey.o)
 .text.hostkey_method_ssh_rsa_sha2_256_sig_verify
                0x0010b334       0x40 /opt/devkitpro/portlibs/3ds/lib/libssh2.a(hostkey.o)
 .text.hostkey_method_ssh_rsa_sha2_512_sig_verify
                0x0010b374       0x40 /opt/devkitpro/portlibs/3ds/lib/libssh2.a(hostkey.o)
 .text.hostkey_method_ssh_ecdsa_dtor
                0x0010b3b4       0x24 /opt/devkitpro/portlibs/3ds/lib/libssh2.a(hostkey.o)
 .text.hostkey_method_ssh_ecdsa_signv
                0x0010b3d8      0x210 /opt/devkitpro/portlibs/3ds/lib/libssh2.a(hostkey.o)
 .text.hostkey_method_ssh_ecdsa_initPEMFromMemory
                0x0010b5e8       0x9c /opt/devkitpro/portlibs/3ds/lib/libssh2.a(hostkey.o)
 .text.hostkey_method_ssh_ecdsa_initPEM
                0x0010b684       0x90 /opt/devkitpro/portlibs/3ds/lib/libssh2.a(hostkey.o)
 .text.hostkey_method_ssh_ecdsa_sig_verify
                0x0010b714       0xd0 /opt/devkitpro/portlibs/3ds/lib/libssh2.a(hostkey.o)
 .text.hostkey_method_ssh_ecdsa_init
                0x0010b7e4      0x1b4 /opt/devkitpro/portlibs/3ds/lib/libssh2.a(hostkey.o)
 .text.libssh2_hostkey_methods
                0x0010b998        0xc /opt/devkitpro/portlibs/3ds/lib/libssh2.a(hostkey.o)
                0x0010b998                libssh2_hostkey_methods
 .text.libssh2_keepalive_send
                0x0010b9a4      0x110 /opt/devkitpro/portlibs/3ds/lib/libssh2.a(keepalive.o)
                0x0010b9a4                libssh2_keepalive_send
 .text.kex_method_list
                0x0010bab4       0x80 /opt/devkitpro/portlibs/3ds/lib/libssh2.a(kex.o)
 .text.diffie_hellman_state_cleanup
                0x0010bb34       0xa8 /opt/devkitpro/portlibs/3ds/lib/libssh2.a(kex.o)
 .text.kex_diffie_hellman_cleanup
                0x0010bbdc       0x78 /opt/devkitpro/portlibs/3ds/lib/libssh2.a(kex.o)
 .text._libssh2_sha_algo_ctx_update
                0x0010bc54       0x48 /opt/devkitpro/portlibs/3ds/lib/libssh2.a(kex.o)
 .text.kex_session_ecdh_curve_type
                0x0010bc9c       0x7c /opt/devkitpro/portlibs/3ds/lib/libssh2.a(kex.o)
 .text.ecdh_sha2_nistp
                0x0010bd18     0x2380 /opt/devkitpro/portlibs/3ds/lib/libssh2.a(kex.o)
 .text._libssh2_sha_algo_value_hash.constprop.0
                0x0010e098      0x448 /opt/devkitpro/portlibs/3ds/lib/libssh2.a(kex.o)
 .text.diffie_hellman_sha_algo
                0x0010e4e0     0x10c8 /opt/devkitpro/portlibs/3ds/lib/libssh2.a(kex.o)
 .text.kex_method_diffie_hellman_group_exchange_sha1_key_exchange
                0x0010f5a8      0x2c4 /opt/devkitpro/portlibs/3ds/lib/libssh2.a(kex.o)
 .text.kex_method_diffie_hellman_group_exchange_sha256_key_exchange
                0x0010f86c      0x2c4 /opt/devkitpro/portlibs/3ds/lib/libssh2.a(kex.o)
 .text.kex_method_diffie_hellman_group1_sha1_key_exchange
                0x0010fb30      0x114 /opt/devkitpro/portlibs/3ds/lib/libssh2.a(kex.o)
 .text.kex_method_diffie_hellman_group18_sha512_key_exchange
                0x0010fc44      0x114 /opt/devkitpro/portlibs/3ds/lib/libssh2.a(kex.o)
 .text.kex_method_diffie_hellman_group16_sha512_key_exchange
                0x0010fd58      0x110 /opt/devkitpro/portlibs/3ds/lib/libssh2.a(kex.o)
 .text.kex_method_diffie_hellman_group14_key_exchange.constprop.0
                0x0010fe68      0x118 /opt/devkitpro/portlibs/3ds/lib/libssh2.a(kex.o)
 .text.kex_method_diffie_hellman_group14_sha256_key_exchange
                0x0010ff80       0x1c /opt/devkitpro/portlibs/3ds/lib/libssh2.a(kex.o)
 .text.kex_method_diffie_hellman_group14_sha1_key_exchange
                0x0010ff9c       0x1c /opt/devkitpro/portlibs/3ds/lib/libssh2.a(kex.o)
 .text.kex_method_ecdh_cleanup
                0x0010ffb8       0xac /opt/devkitpro/portlibs/3ds/lib/libssh2.a(kex.o)
 .text.kex_method_ecdh_key_exchange
                0x00110064      0x218 /opt/devkitpro/portlibs/3ds/lib/libssh2.a(kex.o)
 .text.kex_method_strlen
                0x0011027c       0x5c /opt/devkitpro/portlibs/3ds/lib/libssh2.a(kex.o)
 .text._libssh2_kex_agree_instr
                0x001102d8      0x100 /opt/devkitpro/portlibs/3ds/lib/libssh2.a(kex.o)
                0x001102d8                _libssh2_kex_agree_instr
 .text.kex_agree_hostkey
                0x001103d8      0x1ec /opt/devkitpro/portlibs/3ds/lib/libssh2.a(kex.o)
 .text.kex_agree_comp
                0x001105c4      0x140 /opt/devkitpro/portlibs/3ds/lib/libssh2.a(kex.o)
 .text.kex_agree_mac.isra.0
                0x00110704      0x154 /opt/devkitpro/portlibs/3ds/lib/libssh2.a(kex.o)
 .text.kex_agree_crypt.isra.0
                0x00110858      0x140 /opt/devkitpro/portlibs/3ds/lib/libssh2.a(kex.o)
 .text._libssh2_kex_exchange
                0x00110998      0xc94 /opt/devkitpro/portlibs/3ds/lib/libssh2.a(kex.o)
                0x00110998                _libssh2_kex_exchange
 .text.mac_method_common_init
                0x0011162c       0x10 /opt/devkitpro/portlibs/3ds/lib/libssh2.a(mac.o)
 .text.mac_method_common_dtor
                0x0011163c       0x2c /opt/devkitpro/portlibs/3ds/lib/libssh2.a(mac.o)
 .text.mac_method_hmac_ripemd160_hash
                0x00111668       0xe8 /opt/devkitpro/portlibs/3ds/lib/libssh2.a(mac.o)
 .text.mac_method_hmac_md5_hash
                0x00111750       0xe8 /opt/devkitpro/portlibs/3ds/lib/libssh2.a(mac.o)
 .text.mac_method_hmac_md5_96_hash
                0x00111838       0x58 /opt/devkitpro/portlibs/3ds/lib/libssh2.a(mac.o)
 .text.mac_method_hmac_sha1_hash
                0x00111890       0xe8 /opt/devkitpro/portlibs/3ds/lib/libssh2.a(mac.o)
 .text.mac_method_hmac_sha1_96_hash
                0x00111978       0x58 /opt/devkitpro/portlibs/3ds/lib/libssh2.a(mac.o)
 .text.mac_method_hmac_sha2_512_hash
                0x001119d0       0xe8 /opt/devkitpro/portlibs/3ds/lib/libssh2.a(mac.o)
 .text.mac_method_hmac_sha2_256_hash
                0x00111ab8       0xe8 /opt/devkitpro/portlibs/3ds/lib/libssh2.a(mac.o)
 .text._libssh2_mac_methods
                0x00111ba0        0xc /opt/devkitpro/portlibs/3ds/lib/libssh2.a(mac.o)
                0x00111ba0                _libssh2_mac_methods
 .text._libssh2_mac_override
                0x00111bac        0x8 /opt/devkitpro/portlibs/3ds/lib/libssh2.a(mac.o)
                0x00111bac                _libssh2_mac_override
 .text.comp_method_none_comp
                0x00111bb4        0x8 /opt/devkitpro/portlibs/3ds/lib/libssh2.a(comp.o)
 .text.comp_method_none_decomp
                0x00111bbc       0x18 /opt/devkitpro/portlibs/3ds/lib/libssh2.a(comp.o)
 .text._libssh2_comp_methods
                0x00111bd4       0x20 /opt/devkitpro/portlibs/3ds/lib/libssh2.a(comp.o)
                0x00111bd4                _libssh2_comp_methods
 .text.chachapoly_init
                0x00111bf4       0x3c /opt/devkitpro/portlibs/3ds/lib/libssh2.a(cipher-chachapoly.o)
                0x00111bf4                chachapoly_init
 .text.chachapoly_crypt
                0x00111c30      0x1ec /opt/devkitpro/portlibs/3ds/lib/libssh2.a(cipher-chachapoly.o)
                0x00111c30                chachapoly_crypt
 .text.chachapoly_get_length
                0x00111e1c       0x80 /opt/devkitpro/portlibs/3ds/lib/libssh2.a(cipher-chachapoly.o)
                0x00111e1c                chachapoly_get_length
 .text.poly1305_auth
                0x00111e9c      0x4ec /opt/devkitpro/portlibs/3ds/lib/libssh2.a(poly1305.o)
                0x00111e9c                poly1305_auth
 .text.chacha_keysetup
                0x00112388       0x7c /opt/devkitpro/portlibs/3ds/lib/libssh2.a(chacha.o)
                0x00112388                chacha_keysetup
 .text.chacha_ivsetup
                0x00112404       0x30 /opt/devkitpro/portlibs/3ds/lib/libssh2.a(chacha.o)
                0x00112404                chacha_ivsetup
 .text.chacha_encrypt_bytes
                0x00112434      0x59c /opt/devkitpro/portlibs/3ds/lib/libssh2.a(chacha.o)
                0x00112434                chacha_encrypt_bytes
 .text.mpi_mul_hlp
                0x001129d0      0x218 /opt/devkitpro/portlibs/3ds/lib/libmbedcrypto.a(bignum.o)
 .text.mpi_fill_random_internal
                0x00112be8       0xc0 /opt/devkitpro/portlibs/3ds/lib/libmbedcrypto.a(bignum.o)
 .text.mbedtls_mpi_init
                0x00112ca8       0x14 /opt/devkitpro/portlibs/3ds/lib/libmbedcrypto.a(bignum.o)
                0x00112ca8                mbedtls_mpi_init
 .text.mbedtls_mpi_free
                0x00112cbc       0x40 /opt/devkitpro/portlibs/3ds/lib/libmbedcrypto.a(bignum.o)
                0x00112cbc                mbedtls_mpi_free
 .text.mbedtls_mpi_grow
                0x00112cfc       0x90 /opt/devkitpro/portlibs/3ds/lib/libmbedcrypto.a(bignum.o)
                0x00112cfc                mbedtls_mpi_grow
 .text.mbedtls_mpi_resize_clear
                0x00112d8c       0xb4 /opt/devkitpro/portlibs/3ds/lib/libmbedcrypto.a(bignum.o)
 .text.mbedtls_mpi_shrink
                0x00112e40       0xcc /opt/devkitpro/portlibs/3ds/lib/libmbedcrypto.a(bignum.o)
                0x00112e40                mbedtls_mpi_shrink
 .text.mbedtls_mpi_copy
                0x00112f0c       0xf4 /opt/devkitpro/portlibs/3ds/lib/libmbedcrypto.a(bignum.o)
                0x00112f0c                mbedtls_mpi_copy
 .text.mbedtls_mpi_lset
                0x00113000       0x98 /opt/devkitpro/portlibs/3ds/lib/libmbedcrypto.a(bignum.o)
                0x00113000                mbedtls_mpi_lset
 .text.mbedtls_mpi_get_bit
                0x00113098       0x28 /opt/devkitpro/portlibs/3ds/lib/libmbedcrypto.a(bignum.o)
                0x00113098                mbedtls_mpi_get_bit
 .text.mbedtls_mpi_set_bit
                0x001130c0       0x74 /opt/devkitpro/portlibs/3ds/lib/libmbedcrypto.a(bignum.o)
                0x001130c0                mbedtls_mpi_set_bit
 .text.mbedtls_mpi_lsb
                0x00113134       0x64 /opt/devkitpro/portlibs/3ds/lib/libmbedcrypto.a(bignum.o)
                0x00113134                mbedtls_mpi_lsb
 .text.mbedtls_mpi_bitlen
                0x00113198       0x78 /opt/devkitpro/portlibs/3ds/lib/libmbedcrypto.a(bignum.o)
                0x00113198                mbedtls_mpi_bitlen
 .text.mbedtls_mpi_size
                0x00113210       0x14 /opt/devkitpro/portlibs/3ds/lib/libmbedcrypto.a(bignum.o)
                0x00113210                mbedtls_mpi_size
 .text.mbedtls_mpi_read_binary_le
                0x00113224       0x68 /opt/devkitpro/portlibs/3ds/lib/libmbedcrypto.a(bignum.o)
                0x00113224                mbedtls_mpi_read_binary_le
 .text.mbedtls_mpi_read_binary
                0x0011328c       0xa4 /opt/devkitpro/portlibs/3ds/lib/libmbedcrypto.a(bignum.o)
                0x0011328c                mbedtls_mpi_read_binary
 .text.mbedtls_mpi_write_binary_le
                0x00113330      0x104 /opt/devkitpro/portlibs/3ds/lib/libmbedcrypto.a(bignum.o)
                0x00113330                mbedtls_mpi_write_binary_le
 .text.mbedtls_mpi_write_binary
                0x00113434       0xb8 /opt/devkitpro/portlibs/3ds/lib/libmbedcrypto.a(bignum.o)
                0x00113434                mbedtls_mpi_write_binary
 .text.mbedtls_mpi_shift_l
                0x001134ec       0xfc /opt/devkitpro/portlibs/3ds/lib/libmbedcrypto.a(bignum.o)
                0x001134ec                mbedtls_mpi_shift_l
 .text.mbedtls_mpi_shift_r
                0x001135e8      0x124 /opt/devkitpro/portlibs/3ds/lib/libmbedcrypto.a(bignum.o)
                0x001135e8                mbedtls_mpi_shift_r
 .text.mbedtls_mpi_cmp_abs
                0x0011370c       0xc8 /opt/devkitpro/portlibs/3ds/lib/libmbedcrypto.a(bignum.o)
                0x0011370c                mbedtls_mpi_cmp_abs
 .text.mbedtls_mpi_cmp_mpi
                0x001137d4      0x104 /opt/devkitpro/portlibs/3ds/lib/libmbedcrypto.a(bignum.o)
                0x001137d4                mbedtls_mpi_cmp_mpi
 .text.mbedtls_mpi_cmp_int
                0x001138d8       0x38 /opt/devkitpro/portlibs/3ds/lib/libmbedcrypto.a(bignum.o)
                0x001138d8                mbedtls_mpi_cmp_int
 .text.mbedtls_mpi_add_abs
                0x00113910      0x128 /opt/devkitpro/portlibs/3ds/lib/libmbedcrypto.a(bignum.o)
                0x00113910                mbedtls_mpi_add_abs
 .text.mbedtls_mpi_sub_abs
                0x00113a38      0x188 /opt/devkitpro/portlibs/3ds/lib/libmbedcrypto.a(bignum.o)
                0x00113a38                mbedtls_mpi_sub_abs
 .text.add_sub_mpi
                0x00113bc0       0xac /opt/devkitpro/portlibs/3ds/lib/libmbedcrypto.a(bignum.o)
 .text.mbedtls_mpi_add_mpi
                0x00113c6c        0x8 /opt/devkitpro/portlibs/3ds/lib/libmbedcrypto.a(bignum.o)
                0x00113c6c                mbedtls_mpi_add_mpi
 .text.mbedtls_mpi_sub_mpi
                0x00113c74        0x8 /opt/devkitpro/portlibs/3ds/lib/libmbedcrypto.a(bignum.o)
                0x00113c74                mbedtls_mpi_sub_mpi
 .text.mbedtls_mpi_add_int
                0x00113c7c       0x38 /opt/devkitpro/portlibs/3ds/lib/libmbedcrypto.a(bignum.o)
                0x00113c7c                mbedtls_mpi_add_int
 .text.mbedtls_mpi_sub_int
                0x00113cb4       0x3c /opt/devkitpro/portlibs/3ds/lib/libmbedcrypto.a(bignum.o)
                0x00113cb4                mbedtls_mpi_sub_int
 .text.mbedtls_mpi_mul_mpi
                0x00113cf0      0x200 /opt/devkitpro/portlibs/3ds/lib/libmbedcrypto.a(bignum.o)
                0x00113cf0                mbedtls_mpi_mul_mpi
 .text.mbedtls_mpi_mul_int
                0x00113ef0       0xd0 /opt/devkitpro/portlibs/3ds/lib/libmbedcrypto.a(bignum.o)
                0x00113ef0                mbedtls_mpi_mul_int
 .text.mbedtls_mpi_div_mpi
                0x00113fc0      0x8c4 /opt/devkitpro/portlibs/3ds/lib/libmbedcrypto.a(bignum.o)
                0x00113fc0                mbedtls_mpi_div_mpi
 .text.mbedtls_mpi_mod_mpi
                0x00114884       0xfc /opt/devkitpro/portlibs/3ds/lib/libmbedcrypto.a(bignum.o)
                0x00114884                mbedtls_mpi_mod_mpi
 .text.mbedtls_mpi_mod_int
                0x00114980       0xb8 /opt/devkitpro/portlibs/3ds/lib/libmbedcrypto.a(bignum.o)
                0x00114980                mbedtls_mpi_mod_int
 .text.mpi_check_small_factors
                0x00114a38       0xa8 /opt/devkitpro/portlibs/3ds/lib/libmbedcrypto.a(bignum.o)
 .text.mbedtls_mpi_montmul_init
                0x00114ae0       0x3c /opt/devkitpro/portlibs/3ds/lib/libmbedcrypto.a(bignum.o)
                0x00114ae0                mbedtls_mpi_montmul_init
 .text.mbedtls_mpi_montmul
                0x00114b1c      0x198 /opt/devkitpro/portlibs/3ds/lib/libmbedcrypto.a(bignum.o)
                0x00114b1c                mbedtls_mpi_montmul
 .text.mbedtls_mpi_get_mont_r2_unsafe
                0x00114cb4       0x8c /opt/devkitpro/portlibs/3ds/lib/libmbedcrypto.a(bignum.o)
                0x00114cb4                mbedtls_mpi_get_mont_r2_unsafe
 .text.mbedtls_mpi_exp_mod
                0x00114d40      0xa0c /opt/devkitpro/portlibs/3ds/lib/libmbedcrypto.a(bignum.o)
                0x00114d40                mbedtls_mpi_exp_mod
 .text.mpi_miller_rabin
                0x0011574c      0x6cc /opt/devkitpro/portlibs/3ds/lib/libmbedcrypto.a(bignum.o)
 .text.mbedtls_mpi_gcd
                0x00115e18      0x46c /opt/devkitpro/portlibs/3ds/lib/libmbedcrypto.a(bignum.o)
                0x00115e18                mbedtls_mpi_gcd
 .text.mbedtls_mpi_fill_random
                0x00116284       0x54 /opt/devkitpro/portlibs/3ds/lib/libmbedcrypto.a(bignum.o)
                0x00116284                mbedtls_mpi_fill_random
 .text.mbedtls_mpi_random
                0x001162d8      0x1ac /opt/devkitpro/portlibs/3ds/lib/libmbedcrypto.a(bignum.o)
                0x001162d8                mbedtls_mpi_random
 .text.mbedtls_mpi_inv_mod
                0x00116484      0xcb4 /opt/devkitpro/portlibs/3ds/lib/libmbedcrypto.a(bignum.o)
                0x00116484                mbedtls_mpi_inv_mod
 .text.mbedtls_mpi_is_prime_ext
                0x00117138       0xd0 /opt/devkitpro/portlibs/3ds/lib/libmbedcrypto.a(bignum.o)
                0x00117138                mbedtls_mpi_is_prime_ext
 .text.add_pkcs_padding
                0x00117208       0x38 /opt/devkitpro/portlibs/3ds/lib/libmbedcrypto.a(cipher.o)
 .text.add_one_and_zeros_padding
                0x00117240       0x44 /opt/devkitpro/portlibs/3ds/lib/libmbedcrypto.a(cipher.o)
 .text.add_zeros_and_len_padding
                0x00117284       0x48 /opt/devkitpro/portlibs/3ds/lib/libmbedcrypto.a(cipher.o)
 .text.add_zeros_padding
                0x001172cc       0x20 /opt/devkitpro/portlibs/3ds/lib/libmbedcrypto.a(cipher.o)
 .text.get_no_padding
                0x001172ec       0x20 /opt/devkitpro/portlibs/3ds/lib/libmbedcrypto.a(cipher.o)
 .text.get_zeros_and_len_padding
                0x0011730c       0xb0 /opt/devkitpro/portlibs/3ds/lib/libmbedcrypto.a(cipher.o)
 .text.get_pkcs_padding
                0x001173bc       0xb4 /opt/devkitpro/portlibs/3ds/lib/libmbedcrypto.a(cipher.o)
 .text.get_one_and_zeros_padding
                0x00117470       0xbc /opt/devkitpro/portlibs/3ds/lib/libmbedcrypto.a(cipher.o)
 .text.get_zeros_padding
                0x0011752c       0x84 /opt/devkitpro/portlibs/3ds/lib/libmbedcrypto.a(cipher.o)
 .text.mbedtls_cipher_info_from_type
                0x001175b0       0x40 /opt/devkitpro/portlibs/3ds/lib/libmbedcrypto.a(cipher.o)
                0x001175b0                mbedtls_cipher_info_from_type
 .text.mbedtls_cipher_info_from_values
                0x001175f0       0x64 /opt/devkitpro/portlibs/3ds/lib/libmbedcrypto.a(cipher.o)
                0x001175f0                mbedtls_cipher_info_from_values
 .text.mbedtls_cipher_init
                0x00117654        0xc /opt/devkitpro/portlibs/3ds/lib/libmbedcrypto.a(cipher.o)
                0x00117654                mbedtls_cipher_init
 .text.mbedtls_cipher_free
                0x00117660       0x54 /opt/devkitpro/portlibs/3ds/lib/libmbedcrypto.a(cipher.o)
                0x00117660                mbedtls_cipher_free
 .text.mbedtls_cipher_setup
                0x001176b4       0x74 /opt/devkitpro/portlibs/3ds/lib/libmbedcrypto.a(cipher.o)
                0x001176b4                mbedtls_cipher_setup
 .text.mbedtls_cipher_setkey
                0x00117728       0x8c /opt/devkitpro/portlibs/3ds/lib/libmbedcrypto.a(cipher.o)
                0x00117728                mbedtls_cipher_setkey
 .text.mbedtls_cipher_set_iv
                0x001177b4       0xdc /opt/devkitpro/portlibs/3ds/lib/libmbedcrypto.a(cipher.o)
                0x001177b4                mbedtls_cipher_set_iv
 .text.mbedtls_cipher_reset
                0x00117890       0x24 /opt/devkitpro/portlibs/3ds/lib/libmbedcrypto.a(cipher.o)
                0x00117890                mbedtls_cipher_reset
 .text.mbedtls_cipher_update
                0x001178b4      0x3dc /opt/devkitpro/portlibs/3ds/lib/libmbedcrypto.a(cipher.o)
                0x001178b4                mbedtls_cipher_update
 .text.mbedtls_cipher_finish
                0x00117c90      0x164 /opt/devkitpro/portlibs/3ds/lib/libmbedcrypto.a(cipher.o)
                0x00117c90                mbedtls_cipher_finish
 .text.mbedtls_cipher_set_padding_mode
                0x00117df4       0xd8 /opt/devkitpro/portlibs/3ds/lib/libmbedcrypto.a(cipher.o)
                0x00117df4                mbedtls_cipher_set_padding_mode
 .text.mbedtls_cipher_crypt
                0x00117ecc       0x9c /opt/devkitpro/portlibs/3ds/lib/libmbedcrypto.a(cipher.o)
                0x00117ecc                mbedtls_cipher_crypt
 .text.chachapoly_ctx_free
                0x00117f68       0x18 /opt/devkitpro/portlibs/3ds/lib/libmbedcrypto.a(cipher_wrap.o)
 .text.chachapoly_ctx_alloc
                0x00117f80       0x24 /opt/devkitpro/portlibs/3ds/lib/libmbedcrypto.a(cipher_wrap.o)
 .text.chachapoly_setkey_wrap
                0x00117fa4       0x2c /opt/devkitpro/portlibs/3ds/lib/libmbedcrypto.a(cipher_wrap.o)
 .text.chacha20_ctx_free
                0x00117fd0       0x18 /opt/devkitpro/portlibs/3ds/lib/libmbedcrypto.a(cipher_wrap.o)
 .text.chacha20_ctx_alloc
                0x00117fe8       0x24 /opt/devkitpro/portlibs/3ds/lib/libmbedcrypto.a(cipher_wrap.o)
 .text.chacha20_setkey_wrap
                0x0011800c       0x2c /opt/devkitpro/portlibs/3ds/lib/libmbedcrypto.a(cipher_wrap.o)
 .text.chacha20_stream_wrap
                0x00118038       0x1c /opt/devkitpro/portlibs/3ds/lib/libmbedcrypto.a(cipher_wrap.o)
 .text.des3_ctx_free
                0x00118054       0x18 /opt/devkitpro/portlibs/3ds/lib/libmbedcrypto.a(cipher_wrap.o)
 .text.des3_ctx_alloc
                0x0011806c       0x24 /opt/devkitpro/portlibs/3ds/lib/libmbedcrypto.a(cipher_wrap.o)
 .text.des3_set3key_dec_wrap
                0x00118090        0x4 /opt/devkitpro/portlibs/3ds/lib/libmbedcrypto.a(cipher_wrap.o)
 .text.des3_set3key_enc_wrap
                0x00118094        0x4 /opt/devkitpro/portlibs/3ds/lib/libmbedcrypto.a(cipher_wrap.o)
 .text.des3_crypt_cbc_wrap
                0x00118098        0x4 /opt/devkitpro/portlibs/3ds/lib/libmbedcrypto.a(cipher_wrap.o)
 .text.des3_crypt_ecb_wrap
                0x0011809c        0xc /opt/devkitpro/portlibs/3ds/lib/libmbedcrypto.a(cipher_wrap.o)
 .text.des3_set2key_dec_wrap
                0x001180a8        0x4 /opt/devkitpro/portlibs/3ds/lib/libmbedcrypto.a(cipher_wrap.o)
 .text.des3_set2key_enc_wrap
                0x001180ac        0x4 /opt/devkitpro/portlibs/3ds/lib/libmbedcrypto.a(cipher_wrap.o)
 .text.des_ctx_free
                0x001180b0       0x18 /opt/devkitpro/portlibs/3ds/lib/libmbedcrypto.a(cipher_wrap.o)
 .text.des_ctx_alloc
                0x001180c8       0x24 /opt/devkitpro/portlibs/3ds/lib/libmbedcrypto.a(cipher_wrap.o)
 .text.des_setkey_dec_wrap
                0x001180ec        0x4 /opt/devkitpro/portlibs/3ds/lib/libmbedcrypto.a(cipher_wrap.o)
 .text.des_setkey_enc_wrap
                0x001180f0        0x4 /opt/devkitpro/portlibs/3ds/lib/libmbedcrypto.a(cipher_wrap.o)
 .text.des_crypt_cbc_wrap
                0x001180f4        0x4 /opt/devkitpro/portlibs/3ds/lib/libmbedcrypto.a(cipher_wrap.o)
 .text.des_crypt_ecb_wrap
                0x001180f8        0xc /opt/devkitpro/portlibs/3ds/lib/libmbedcrypto.a(cipher_wrap.o)
 .text.ccm_ctx_free
                0x00118104       0x18 /opt/devkitpro/portlibs/3ds/lib/libmbedcrypto.a(cipher_wrap.o)
 .text.ccm_ctx_alloc
                0x0011811c       0x24 /opt/devkitpro/portlibs/3ds/lib/libmbedcrypto.a(cipher_wrap.o)
 .text.ccm_camellia_setkey_wrap
                0x00118140       0x14 /opt/devkitpro/portlibs/3ds/lib/libmbedcrypto.a(cipher_wrap.o)
 .text.ccm_aes_setkey_wrap
                0x00118154       0x14 /opt/devkitpro/portlibs/3ds/lib/libmbedcrypto.a(cipher_wrap.o)
 .text.gcm_ctx_free
                0x00118168       0x18 /opt/devkitpro/portlibs/3ds/lib/libmbedcrypto.a(cipher_wrap.o)
 .text.gcm_ctx_alloc
                0x00118180       0x24 /opt/devkitpro/portlibs/3ds/lib/libmbedcrypto.a(cipher_wrap.o)
 .text.gcm_camellia_setkey_wrap
                0x001181a4       0x14 /opt/devkitpro/portlibs/3ds/lib/libmbedcrypto.a(cipher_wrap.o)
 .text.gcm_aes_setkey_wrap
                0x001181b8       0x14 /opt/devkitpro/portlibs/3ds/lib/libmbedcrypto.a(cipher_wrap.o)
 .text.camellia_ctx_free
                0x001181cc       0x18 /opt/devkitpro/portlibs/3ds/lib/libmbedcrypto.a(cipher_wrap.o)
 .text.camellia_ctx_alloc
                0x001181e4       0x24 /opt/devkitpro/portlibs/3ds/lib/libmbedcrypto.a(cipher_wrap.o)
 .text.camellia_setkey_dec_wrap
                0x00118208        0x4 /opt/devkitpro/portlibs/3ds/lib/libmbedcrypto.a(cipher_wrap.o)
 .text.camellia_setkey_enc_wrap
                0x0011820c        0x4 /opt/devkitpro/portlibs/3ds/lib/libmbedcrypto.a(cipher_wrap.o)
 .text.camellia_crypt_ctr_wrap
                0x00118210        0x4 /opt/devkitpro/portlibs/3ds/lib/libmbedcrypto.a(cipher_wrap.o)
 .text.camellia_crypt_cfb128_wrap
                0x00118214        0x4 /opt/devkitpro/portlibs/3ds/lib/libmbedcrypto.a(cipher_wrap.o)
 .text.camellia_crypt_cbc_wrap
                0x00118218        0x4 /opt/devkitpro/portlibs/3ds/lib/libmbedcrypto.a(cipher_wrap.o)
 .text.camellia_crypt_ecb_wrap
                0x0011821c        0x4 /opt/devkitpro/portlibs/3ds/lib/libmbedcrypto.a(cipher_wrap.o)
 .text.blowfish_ctx_free
                0x00118220       0x18 /opt/devkitpro/portlibs/3ds/lib/libmbedcrypto.a(cipher_wrap.o)
 .text.blowfish_ctx_alloc
                0x00118238       0x28 /opt/devkitpro/portlibs/3ds/lib/libmbedcrypto.a(cipher_wrap.o)
 .text.blowfish_setkey_wrap
                0x00118260        0x4 /opt/devkitpro/portlibs/3ds/lib/libmbedcrypto.a(cipher_wrap.o)
 .text.blowfish_crypt_ctr_wrap
                0x00118264        0x4 /opt/devkitpro/portlibs/3ds/lib/libmbedcrypto.a(cipher_wrap.o)
 .text.blowfish_crypt_cfb64_wrap
                0x00118268        0x4 /opt/devkitpro/portlibs/3ds/lib/libmbedcrypto.a(cipher_wrap.o)
 .text.blowfish_crypt_cbc_wrap
                0x0011826c        0x4 /opt/devkitpro/portlibs/3ds/lib/libmbedcrypto.a(cipher_wrap.o)
 .text.blowfish_crypt_ecb_wrap
                0x00118270        0x4 /opt/devkitpro/portlibs/3ds/lib/libmbedcrypto.a(cipher_wrap.o)
 .text.arc4_ctx_free
                0x00118274       0x18 /opt/devkitpro/portlibs/3ds/lib/libmbedcrypto.a(cipher_wrap.o)
 .text.arc4_ctx_alloc
                0x0011828c       0x24 /opt/devkitpro/portlibs/3ds/lib/libmbedcrypto.a(cipher_wrap.o)
 .text.arc4_setkey_wrap
                0x001182b0       0x28 /opt/devkitpro/portlibs/3ds/lib/libmbedcrypto.a(cipher_wrap.o)
 .text.arc4_crypt_stream_wrap
                0x001182d8        0x4 /opt/devkitpro/portlibs/3ds/lib/libmbedcrypto.a(cipher_wrap.o)
 .text.xts_aes_ctx_alloc
                0x001182dc       0x24 /opt/devkitpro/portlibs/3ds/lib/libmbedcrypto.a(cipher_wrap.o)
 .text.xts_aes_setkey_dec_wrap
                0x00118300        0x4 /opt/devkitpro/portlibs/3ds/lib/libmbedcrypto.a(cipher_wrap.o)
 .text.xts_aes_setkey_enc_wrap
                0x00118304        0x4 /opt/devkitpro/portlibs/3ds/lib/libmbedcrypto.a(cipher_wrap.o)
 .text.aes_crypt_xts_wrap
                0x00118308       0x30 /opt/devkitpro/portlibs/3ds/lib/libmbedcrypto.a(cipher_wrap.o)
 .text.aes_ctx_free
                0x00118338       0x18 /opt/devkitpro/portlibs/3ds/lib/libmbedcrypto.a(cipher_wrap.o)
 .text.aes_ctx_alloc
                0x00118350       0x24 /opt/devkitpro/portlibs/3ds/lib/libmbedcrypto.a(cipher_wrap.o)
 .text.aes_setkey_dec_wrap
                0x00118374        0x4 /opt/devkitpro/portlibs/3ds/lib/libmbedcrypto.a(cipher_wrap.o)
 .text.aes_setkey_enc_wrap
                0x00118378        0x4 /opt/devkitpro/portlibs/3ds/lib/libmbedcrypto.a(cipher_wrap.o)
 .text.aes_crypt_ctr_wrap
                0x0011837c        0x4 /opt/devkitpro/portlibs/3ds/lib/libmbedcrypto.a(cipher_wrap.o)
 .text.aes_crypt_ofb_wrap
                0x00118380        0x4 /opt/devkitpro/portlibs/3ds/lib/libmbedcrypto.a(cipher_wrap.o)
 .text.aes_crypt_cfb128_wrap
                0x00118384        0x4 /opt/devkitpro/portlibs/3ds/lib/libmbedcrypto.a(cipher_wrap.o)
 .text.aes_crypt_cbc_wrap
                0x00118388        0x4 /opt/devkitpro/portlibs/3ds/lib/libmbedcrypto.a(cipher_wrap.o)
 .text.aes_crypt_ecb_wrap
                0x0011838c        0x4 /opt/devkitpro/portlibs/3ds/lib/libmbedcrypto.a(cipher_wrap.o)
 .text.xts_aes_ctx_free
                0x00118390       0x1c /opt/devkitpro/portlibs/3ds/lib/libmbedcrypto.a(cipher_wrap.o)
 .text.mbedtls_ct_memcmp
                0x001183ac       0x48 /opt/devkitpro/portlibs/3ds/lib/libmbedcrypto.a(constant_time.o)
                0x001183ac                mbedtls_ct_memcmp
 .text.mbedtls_ct_uint_mask
                0x001183f4       0x10 /opt/devkitpro/portlibs/3ds/lib/libmbedcrypto.a(constant_time.o)
                0x001183f4                mbedtls_ct_uint_mask
 .text.mbedtls_ct_size_mask
                0x00118404       0x10 /opt/devkitpro/portlibs/3ds/lib/libmbedcrypto.a(constant_time.o)
                0x00118404                mbedtls_ct_size_mask
 .text.mbedtls_ct_size_mask_ge
                0x00118414       0x14 /opt/devkitpro/portlibs/3ds/lib/libmbedcrypto.a(constant_time.o)
                0x00118414                mbedtls_ct_size_mask_ge
 .text.mbedtls_ct_size_bool_eq
                0x00118428       0x18 /opt/devkitpro/portlibs/3ds/lib/libmbedcrypto.a(constant_time.o)
                0x00118428                mbedtls_ct_size_bool_eq
 .text.mbedtls_ct_uint_if
                0x00118440       0x18 /opt/devkitpro/portlibs/3ds/lib/libmbedcrypto.a(constant_time.o)
                0x00118440                mbedtls_ct_uint_if
 .text.mbedtls_ct_mpi_uint_cond_assign
                0x00118458       0x44 /opt/devkitpro/portlibs/3ds/lib/libmbedcrypto.a(constant_time.o)
                0x00118458                mbedtls_ct_mpi_uint_cond_assign
 .text.mbedtls_ct_base64_dec_value
                0x0011849c       0xc0 /opt/devkitpro/portlibs/3ds/lib/libmbedcrypto.a(constant_time.o)
                0x0011849c                mbedtls_ct_base64_dec_value
 .text.mbedtls_mpi_safe_cond_assign
                0x0011855c       0xc0 /opt/devkitpro/portlibs/3ds/lib/libmbedcrypto.a(constant_time.o)
                0x0011855c                mbedtls_mpi_safe_cond_assign
 .text.mbedtls_mpi_safe_cond_swap
                0x0011861c       0xdc /opt/devkitpro/portlibs/3ds/lib/libmbedcrypto.a(constant_time.o)
                0x0011861c                mbedtls_mpi_safe_cond_swap
 .text.mbedtls_mpi_lt_mpi_ct
                0x001186f8       0xc4 /opt/devkitpro/portlibs/3ds/lib/libmbedcrypto.a(constant_time.o)
                0x001186f8                mbedtls_mpi_lt_mpi_ct
 .text.mbedtls_ct_rsaes_pkcs1_v15_unpadding
                0x001187bc      0x254 /opt/devkitpro/portlibs/3ds/lib/libmbedcrypto.a(constant_time.o)
                0x001187bc                mbedtls_ct_rsaes_pkcs1_v15_unpadding
 .text.block_cipher_df
                0x00118a10      0x274 /opt/devkitpro/portlibs/3ds/lib/libmbedcrypto.a(ctr_drbg.o)
 .text.ctr_drbg_update_internal
                0x00118c84       0xec /opt/devkitpro/portlibs/3ds/lib/libmbedcrypto.a(ctr_drbg.o)
 .text.mbedtls_ctr_drbg_reseed_internal
                0x00118d70      0x118 /opt/devkitpro/portlibs/3ds/lib/libmbedcrypto.a(ctr_drbg.o)
 .text.mbedtls_ctr_drbg_init
                0x00118e88       0x2c /opt/devkitpro/portlibs/3ds/lib/libmbedcrypto.a(ctr_drbg.o)
                0x00118e88                mbedtls_ctr_drbg_init
 .text.mbedtls_ctr_drbg_free
                0x00118eb4       0x38 /opt/devkitpro/portlibs/3ds/lib/libmbedcrypto.a(ctr_drbg.o)
                0x00118eb4                mbedtls_ctr_drbg_free
 .text.mbedtls_ctr_drbg_seed
                0x00118eec       0xb4 /opt/devkitpro/portlibs/3ds/lib/libmbedcrypto.a(ctr_drbg.o)
                0x00118eec                mbedtls_ctr_drbg_seed
 .text.mbedtls_ctr_drbg_random_with_add
                0x00118fa0      0x17c /opt/devkitpro/portlibs/3ds/lib/libmbedcrypto.a(ctr_drbg.o)
                0x00118fa0                mbedtls_ctr_drbg_random_with_add
 .text.mbedtls_ctr_drbg_random
                0x0011911c       0x1c /opt/devkitpro/portlibs/3ds/lib/libmbedcrypto.a(ctr_drbg.o)
                0x0011911c                mbedtls_ctr_drbg_random
 .text.mbedtls_des_init
                0x00119138        0xc /opt/devkitpro/portlibs/3ds/lib/libmbedcrypto.a(des.o)
                0x00119138                mbedtls_des_init
 .text.mbedtls_des_free
                0x00119144       0x10 /opt/devkitpro/portlibs/3ds/lib/libmbedcrypto.a(des.o)
                0x00119144                mbedtls_des_free
 .text.mbedtls_des3_init
                0x00119154        0xc /opt/devkitpro/portlibs/3ds/lib/libmbedcrypto.a(des.o)
                0x00119154                mbedtls_des3_init
 .text.mbedtls_des3_free
                0x00119160       0x10 /opt/devkitpro/portlibs/3ds/lib/libmbedcrypto.a(des.o)
                0x00119160                mbedtls_des3_free
 .text.mbedtls_des_setkey
                0x00119170      0x3b0 /opt/devkitpro/portlibs/3ds/lib/libmbedcrypto.a(des.o)
                0x00119170                mbedtls_des_setkey
 .text.des3_set2key
                0x00119520       0x90 /opt/devkitpro/portlibs/3ds/lib/libmbedcrypto.a(des.o)
 .text.des3_set3key
                0x001195b0       0x90 /opt/devkitpro/portlibs/3ds/lib/libmbedcrypto.a(des.o)
 .text.mbedtls_des_setkey_enc
                0x00119640       0x10 /opt/devkitpro/portlibs/3ds/lib/libmbedcrypto.a(des.o)
                0x00119640                mbedtls_des_setkey_enc
 .text.mbedtls_des_setkey_dec
                0x00119650       0x40 /opt/devkitpro/portlibs/3ds/lib/libmbedcrypto.a(des.o)
                0x00119650                mbedtls_des_setkey_dec
 .text.mbedtls_des3_set2key_enc
                0x00119690       0x2c /opt/devkitpro/portlibs/3ds/lib/libmbedcrypto.a(des.o)
                0x00119690                mbedtls_des3_set2key_enc
 .text.mbedtls_des3_set2key_dec
                0x001196bc       0x34 /opt/devkitpro/portlibs/3ds/lib/libmbedcrypto.a(des.o)
                0x001196bc                mbedtls_des3_set2key_dec
 .text.mbedtls_des3_set3key_enc
                0x001196f0       0x2c /opt/devkitpro/portlibs/3ds/lib/libmbedcrypto.a(des.o)
                0x001196f0                mbedtls_des3_set3key_enc
 .text.mbedtls_des3_set3key_dec
                0x0011971c       0x34 /opt/devkitpro/portlibs/3ds/lib/libmbedcrypto.a(des.o)
                0x0011971c                mbedtls_des3_set3key_dec
 .text.mbedtls_des_crypt_ecb
                0x00119750      0x290 /opt/devkitpro/portlibs/3ds/lib/libmbedcrypto.a(des.o)
                0x00119750                mbedtls_des_crypt_ecb
 .text.mbedtls_des_crypt_cbc
                0x001199e0      0x12c /opt/devkitpro/portlibs/3ds/lib/libmbedcrypto.a(des.o)
                0x001199e0                mbedtls_des_crypt_cbc
 .text.mbedtls_des3_crypt_ecb
                0x00119b0c      0x504 /opt/devkitpro/portlibs/3ds/lib/libmbedcrypto.a(des.o)
                0x00119b0c                mbedtls_des3_crypt_ecb
 .text.mbedtls_des3_crypt_cbc
                0x0011a010      0x12c /opt/devkitpro/portlibs/3ds/lib/libmbedcrypto.a(des.o)
                0x0011a010                mbedtls_des3_crypt_cbc
 .text.ecdh_compute_shared_restartable.constprop.0
                0x0011a13c       0x98 /opt/devkitpro/portlibs/3ds/lib/libmbedcrypto.a(ecdh.o)
 .text.mbedtls_ecdh_compute_shared
                0x0011a1d4        0x4 /opt/devkitpro/portlibs/3ds/lib/libmbedcrypto.a(ecdh.o)
                0x0011a1d4                mbedtls_ecdh_compute_shared
 .text.derive_mpi
                0x0011a1d8       0x9c /opt/devkitpro/portlibs/3ds/lib/libmbedcrypto.a(ecdsa.o)
 .text.ecdsa_sign_restartable.part.0
                0x0011a274      0x258 /opt/devkitpro/portlibs/3ds/lib/libmbedcrypto.a(ecdsa.o)
 .text.ecdsa_verify_restartable.isra.0
                0x0011a4cc      0x200 /opt/devkitpro/portlibs/3ds/lib/libmbedcrypto.a(ecdsa.o)
 .text.ecdsa_sign_det_restartable.isra.0
                0x0011a6cc      0x208 /opt/devkitpro/portlibs/3ds/lib/libmbedcrypto.a(ecdsa.o)
 .text.mbedtls_ecdsa_sign
                0x0011a8d4       0x70 /opt/devkitpro/portlibs/3ds/lib/libmbedcrypto.a(ecdsa.o)
                0x0011a8d4                mbedtls_ecdsa_sign
 .text.mbedtls_ecdsa_verify
                0x0011a944        0x4 /opt/devkitpro/portlibs/3ds/lib/libmbedcrypto.a(ecdsa.o)
                0x0011a944                mbedtls_ecdsa_verify
 .text.mbedtls_ecdsa_write_signature_restartable
                0x0011a948      0x128 /opt/devkitpro/portlibs/3ds/lib/libmbedcrypto.a(ecdsa.o)
                0x0011a948                mbedtls_ecdsa_write_signature_restartable
 .text.mbedtls_ecdsa_write_signature
                0x0011aa70       0x3c /opt/devkitpro/portlibs/3ds/lib/libmbedcrypto.a(ecdsa.o)
                0x0011aa70                mbedtls_ecdsa_write_signature
 .text.mbedtls_ecdsa_read_signature_restartable
                0x0011aaac      0x100 /opt/devkitpro/portlibs/3ds/lib/libmbedcrypto.a(ecdsa.o)
                0x0011aaac                mbedtls_ecdsa_read_signature_restartable
 .text.mbedtls_ecdsa_read_signature
                0x0011abac       0x24 /opt/devkitpro/portlibs/3ds/lib/libmbedcrypto.a(ecdsa.o)
                0x0011abac                mbedtls_ecdsa_read_signature
 .text.mbedtls_ecdsa_genkey
                0x0011abd0       0x40 /opt/devkitpro/portlibs/3ds/lib/libmbedcrypto.a(ecdsa.o)
                0x0011abd0                mbedtls_ecdsa_genkey
 .text.mbedtls_ecdsa_from_keypair
                0x0011ac10       0x5c /opt/devkitpro/portlibs/3ds/lib/libmbedcrypto.a(ecdsa.o)
                0x0011ac10                mbedtls_ecdsa_from_keypair
 .text.mbedtls_ecdsa_init
                0x0011ac6c        0x4 /opt/devkitpro/portlibs/3ds/lib/libmbedcrypto.a(ecdsa.o)
                0x0011ac6c                mbedtls_ecdsa_init
 .text.mbedtls_ecdsa_free
                0x0011ac70        0xc /opt/devkitpro/portlibs/3ds/lib/libmbedcrypto.a(ecdsa.o)
                0x0011ac70                mbedtls_ecdsa_free
 .text.ecp_drbg_random
                0x0011ac7c        0x4 /opt/devkitpro/portlibs/3ds/lib/libmbedcrypto.a(ecp.o)
 .text.ecp_drbg_seed
                0x0011ac80       0x88 /opt/devkitpro/portlibs/3ds/lib/libmbedcrypto.a(ecp.o)
 .text.ecp_modp
                0x0011ad08       0xfc /opt/devkitpro/portlibs/3ds/lib/libmbedcrypto.a(ecp.o)
 .text.mbedtls_mpi_mul_mod
                0x0011ae04       0x34 /opt/devkitpro/portlibs/3ds/lib/libmbedcrypto.a(ecp.o)
 .text.ecp_safe_invert_jac
                0x0011ae38       0x74 /opt/devkitpro/portlibs/3ds/lib/libmbedcrypto.a(ecp.o)
 .text.ecp_select_comb
                0x0011aeac       0x9c /opt/devkitpro/portlibs/3ds/lib/libmbedcrypto.a(ecp.o)
 .text.mbedtls_mpi_sub_mod
                0x0011af48       0x78 /opt/devkitpro/portlibs/3ds/lib/libmbedcrypto.a(ecp.o)
 .text.mbedtls_mpi_shift_l_mod.constprop.0
                0x0011afc0       0x68 /opt/devkitpro/portlibs/3ds/lib/libmbedcrypto.a(ecp.o)
 .text.ecp_randomize_mxz
                0x0011b028       0xbc /opt/devkitpro/portlibs/3ds/lib/libmbedcrypto.a(ecp.o)
 .text.ecp_normalize_jac
                0x0011b0e4      0x140 /opt/devkitpro/portlibs/3ds/lib/libmbedcrypto.a(ecp.o)
 .text.ecp_normalize_jac_many
                0x0011b224      0x304 /opt/devkitpro/portlibs/3ds/lib/libmbedcrypto.a(ecp.o)
 .text.ecp_randomize_jac
                0x0011b528      0x154 /opt/devkitpro/portlibs/3ds/lib/libmbedcrypto.a(ecp.o)
 .text.ecp_double_jac
                0x0011b67c      0x580 /opt/devkitpro/portlibs/3ds/lib/libmbedcrypto.a(ecp.o)
 .text.ecp_add_mixed
                0x0011bbfc      0x50c /opt/devkitpro/portlibs/3ds/lib/libmbedcrypto.a(ecp.o)
 .text.ecp_mul_comb.isra.0
                0x0011c108      0x7a8 /opt/devkitpro/portlibs/3ds/lib/libmbedcrypto.a(ecp.o)
 .text.mbedtls_ecp_grp_id_list
                0x0011c8b0       0x58 /opt/devkitpro/portlibs/3ds/lib/libmbedcrypto.a(ecp.o)
                0x0011c8b0                mbedtls_ecp_grp_id_list
 .text.mbedtls_ecp_point_init
                0x0011c908       0x20 /opt/devkitpro/portlibs/3ds/lib/libmbedcrypto.a(ecp.o)
                0x0011c908                mbedtls_ecp_point_init
 .text.mbedtls_ecp_group_init
                0x0011c928       0x6c /opt/devkitpro/portlibs/3ds/lib/libmbedcrypto.a(ecp.o)
                0x0011c928                mbedtls_ecp_group_init
 .text.mbedtls_ecp_keypair_init
                0x0011c994       0x30 /opt/devkitpro/portlibs/3ds/lib/libmbedcrypto.a(ecp.o)
                0x0011c994                mbedtls_ecp_keypair_init
 .text.mbedtls_ecp_point_free
                0x0011c9c4       0x24 /opt/devkitpro/portlibs/3ds/lib/libmbedcrypto.a(ecp.o)
                0x0011c9c4                mbedtls_ecp_point_free
 .text.mbedtls_ecp_group_free
                0x0011c9e8       0xbc /opt/devkitpro/portlibs/3ds/lib/libmbedcrypto.a(ecp.o)
                0x0011c9e8                mbedtls_ecp_group_free
 .text.mbedtls_ecp_keypair_free
                0x0011caa4       0x34 /opt/devkitpro/portlibs/3ds/lib/libmbedcrypto.a(ecp.o)
                0x0011caa4                mbedtls_ecp_keypair_free
 .text.mbedtls_ecp_copy
                0x0011cad8       0x3c /opt/devkitpro/portlibs/3ds/lib/libmbedcrypto.a(ecp.o)
                0x0011cad8                mbedtls_ecp_copy
 .text.mbedtls_ecp_group_copy
                0x0011cb14        0x8 /opt/devkitpro/portlibs/3ds/lib/libmbedcrypto.a(ecp.o)
                0x0011cb14                mbedtls_ecp_group_copy
 .text.mbedtls_ecp_is_zero
                0x0011cb1c       0x1c /opt/devkitpro/portlibs/3ds/lib/libmbedcrypto.a(ecp.o)
                0x0011cb1c                mbedtls_ecp_is_zero
 .text.mbedtls_ecp_point_write_binary
                0x0011cb38      0x164 /opt/devkitpro/portlibs/3ds/lib/libmbedcrypto.a(ecp.o)
                0x0011cb38                mbedtls_ecp_point_write_binary
 .text.mbedtls_ecp_point_read_binary
                0x0011cc9c      0x18c /opt/devkitpro/portlibs/3ds/lib/libmbedcrypto.a(ecp.o)
                0x0011cc9c                mbedtls_ecp_point_read_binary
 .text.mbedtls_ecp_check_pubkey
                0x0011ce28      0x380 /opt/devkitpro/portlibs/3ds/lib/libmbedcrypto.a(ecp.o)
                0x0011ce28                mbedtls_ecp_check_pubkey
 .text.mbedtls_ecp_check_privkey
                0x0011d1a8       0xc4 /opt/devkitpro/portlibs/3ds/lib/libmbedcrypto.a(ecp.o)
                0x0011d1a8                mbedtls_ecp_check_privkey
 .text.mbedtls_ecp_mul_restartable
                0x0011d26c      0x7a4 /opt/devkitpro/portlibs/3ds/lib/libmbedcrypto.a(ecp.o)
                0x0011d26c                mbedtls_ecp_mul_restartable
 .text.mbedtls_ecp_mul
                0x0011da10       0x2c /opt/devkitpro/portlibs/3ds/lib/libmbedcrypto.a(ecp.o)
                0x0011da10                mbedtls_ecp_mul
 .text.mbedtls_ecp_mul_shortcuts
                0x0011da3c      0x1ac /opt/devkitpro/portlibs/3ds/lib/libmbedcrypto.a(ecp.o)
 .text.mbedtls_ecp_muladd_restartable
                0x0011dbe8       0xf4 /opt/devkitpro/portlibs/3ds/lib/libmbedcrypto.a(ecp.o)
                0x0011dbe8                mbedtls_ecp_muladd_restartable
 .text.mbedtls_ecp_gen_privkey
                0x0011dcdc      0x10c /opt/devkitpro/portlibs/3ds/lib/libmbedcrypto.a(ecp.o)
                0x0011dcdc                mbedtls_ecp_gen_privkey
 .text.mbedtls_ecp_gen_keypair
                0x0011dde8       0x58 /opt/devkitpro/portlibs/3ds/lib/libmbedcrypto.a(ecp.o)
                0x0011dde8                mbedtls_ecp_gen_keypair
 .text.mbedtls_ecp_check_pub_priv
                0x0011de40      0x1a8 /opt/devkitpro/portlibs/3ds/lib/libmbedcrypto.a(ecp.o)
                0x0011de40                mbedtls_ecp_check_pub_priv
 .text.ecp_mod_p448
                0x0011dfe8      0x178 /opt/devkitpro/portlibs/3ds/lib/libmbedcrypto.a(ecp_curves.o)
 .text.ecp_mod_p255
                0x0011e160       0xfc /opt/devkitpro/portlibs/3ds/lib/libmbedcrypto.a(ecp_curves.o)
 .text.ecp_mod_p521
                0x0011e25c       0xb0 /opt/devkitpro/portlibs/3ds/lib/libmbedcrypto.a(ecp_curves.o)
 .text.ecp_mod_p384
                0x0011e30c      0x63c /opt/devkitpro/portlibs/3ds/lib/libmbedcrypto.a(ecp_curves.o)
 .text.ecp_mod_koblitz.constprop.0
                0x0011e948      0x178 /opt/devkitpro/portlibs/3ds/lib/libmbedcrypto.a(ecp_curves.o)
 .text.ecp_mod_p192k1
                0x0011eac0       0x10 /opt/devkitpro/portlibs/3ds/lib/libmbedcrypto.a(ecp_curves.o)
 .text.ecp_mod_p224k1
                0x0011ead0       0x10 /opt/devkitpro/portlibs/3ds/lib/libmbedcrypto.a(ecp_curves.o)
 .text.ecp_mod_p256k1
                0x0011eae0       0x10 /opt/devkitpro/portlibs/3ds/lib/libmbedcrypto.a(ecp_curves.o)
 .text.ecp_mod_p224
                0x0011eaf0      0x334 /opt/devkitpro/portlibs/3ds/lib/libmbedcrypto.a(ecp_curves.o)
 .text.ecp_mod_p192
                0x0011ee24      0x1d4 /opt/devkitpro/portlibs/3ds/lib/libmbedcrypto.a(ecp_curves.o)
 .text.ecp_mod_p256
                0x0011eff8      0x4fc /opt/devkitpro/portlibs/3ds/lib/libmbedcrypto.a(ecp_curves.o)
 .text.mbedtls_ecp_group_load
                0x0011f4f4      0x760 /opt/devkitpro/portlibs/3ds/lib/libmbedcrypto.a(ecp_curves.o)
                0x0011f4f4                mbedtls_ecp_group_load
 .text.mbedtls_hardware_poll
                0x0011fc54       0x28 /opt/devkitpro/portlibs/3ds/lib/libmbedcrypto.a(entropy.o)
                0x0011fc54                mbedtls_hardware_poll
 .text.entropy_update
                0x0011fc7c       0xd0 /opt/devkitpro/portlibs/3ds/lib/libmbedcrypto.a(entropy.o)
 .text.entropy_gather_internal.part.0
                0x0011fd4c       0xe4 /opt/devkitpro/portlibs/3ds/lib/libmbedcrypto.a(entropy.o)
 .text.mbedtls_entropy_func.part.0
                0x0011fe30      0x198 /opt/devkitpro/portlibs/3ds/lib/libmbedcrypto.a(entropy.o)
 .text.mbedtls_entropy_init
                0x0011ffc8       0x68 /opt/devkitpro/portlibs/3ds/lib/libmbedcrypto.a(entropy.o)
                0x0011ffc8                mbedtls_entropy_init
 .text.mbedtls_entropy_free
                0x00120030       0x3c /opt/devkitpro/portlibs/3ds/lib/libmbedcrypto.a(entropy.o)
                0x00120030                mbedtls_entropy_free
 .text.mbedtls_entropy_func
                0x0012006c       0x14 /opt/devkitpro/portlibs/3ds/lib/libmbedcrypto.a(entropy.o)
                0x0012006c                mbedtls_entropy_func
 .text.gcm_mult
                0x00120080      0x198 /opt/devkitpro/portlibs/3ds/lib/libmbedcrypto.a(gcm.o)
 .text.mbedtls_gcm_init
                0x00120218        0xc /opt/devkitpro/portlibs/3ds/lib/libmbedcrypto.a(gcm.o)
                0x00120218                mbedtls_gcm_init
 .text.mbedtls_gcm_setkey
                0x00120224      0x1e0 /opt/devkitpro/portlibs/3ds/lib/libmbedcrypto.a(gcm.o)
                0x00120224                mbedtls_gcm_setkey
 .text.mbedtls_gcm_update
                0x00120404      0x180 /opt/devkitpro/portlibs/3ds/lib/libmbedcrypto.a(gcm.o)
                0x00120404                mbedtls_gcm_update
 .text.mbedtls_gcm_free
                0x00120584       0x20 /opt/devkitpro/portlibs/3ds/lib/libmbedcrypto.a(gcm.o)
                0x00120584                mbedtls_gcm_free
 .text.mbedtls_hmac_drbg_init
                0x001205a4       0x24 /opt/devkitpro/portlibs/3ds/lib/libmbedcrypto.a(hmac_drbg.o)
                0x001205a4                mbedtls_hmac_drbg_init
 .text.mbedtls_hmac_drbg_update_ret
                0x001205c8      0x12c /opt/devkitpro/portlibs/3ds/lib/libmbedcrypto.a(hmac_drbg.o)
                0x001205c8                mbedtls_hmac_drbg_update_ret
 .text.hmac_drbg_reseed_core
                0x001206f4      0x10c /opt/devkitpro/portlibs/3ds/lib/libmbedcrypto.a(hmac_drbg.o)
 .text.mbedtls_hmac_drbg_seed_buf
                0x00120800       0x74 /opt/devkitpro/portlibs/3ds/lib/libmbedcrypto.a(hmac_drbg.o)
                0x00120800                mbedtls_hmac_drbg_seed_buf
 .text.mbedtls_hmac_drbg_random_with_add
                0x00120874      0x148 /opt/devkitpro/portlibs/3ds/lib/libmbedcrypto.a(hmac_drbg.o)
                0x00120874                mbedtls_hmac_drbg_random_with_add
 .text.mbedtls_hmac_drbg_random
                0x001209bc       0x1c /opt/devkitpro/portlibs/3ds/lib/libmbedcrypto.a(hmac_drbg.o)
                0x001209bc                mbedtls_hmac_drbg_random
 .text.mbedtls_hmac_drbg_free
                0x001209d8       0x2c /opt/devkitpro/portlibs/3ds/lib/libmbedcrypto.a(hmac_drbg.o)
                0x001209d8                mbedtls_hmac_drbg_free
 .text.mbedtls_md_list
                0x00120a04        0xc /opt/devkitpro/portlibs/3ds/lib/libmbedcrypto.a(md.o)
                0x00120a04                mbedtls_md_list
 .text.mbedtls_md_info_from_type
                0x00120a10       0x20 /opt/devkitpro/portlibs/3ds/lib/libmbedcrypto.a(md.o)
                0x00120a10                mbedtls_md_info_from_type
 .text.mbedtls_md_init
                0x00120a30       0x14 /opt/devkitpro/portlibs/3ds/lib/libmbedcrypto.a(md.o)
                0x00120a30                mbedtls_md_init
 .text.mbedtls_md_free
                0x00120a44       0xb8 /opt/devkitpro/portlibs/3ds/lib/libmbedcrypto.a(md.o)
                0x00120a44                mbedtls_md_free
 .text.mbedtls_md_setup
                0x00120afc      0x144 /opt/devkitpro/portlibs/3ds/lib/libmbedcrypto.a(md.o)
                0x00120afc                mbedtls_md_setup
 .text.mbedtls_md_starts
                0x00120c40       0x8c /opt/devkitpro/portlibs/3ds/lib/libmbedcrypto.a(md.o)
                0x00120c40                mbedtls_md_starts
 .text.mbedtls_md_update
                0x00120ccc       0x6c /opt/devkitpro/portlibs/3ds/lib/libmbedcrypto.a(md.o)
                0x00120ccc                mbedtls_md_update
 .text.mbedtls_md_finish
                0x00120d38       0x6c /opt/devkitpro/portlibs/3ds/lib/libmbedcrypto.a(md.o)
                0x00120d38                mbedtls_md_finish
 .text.mbedtls_md
                0x00120da4       0x70 /opt/devkitpro/portlibs/3ds/lib/libmbedcrypto.a(md.o)
                0x00120da4                mbedtls_md
 .text.mbedtls_md_hmac_starts
                0x00120e14      0x150 /opt/devkitpro/portlibs/3ds/lib/libmbedcrypto.a(md.o)
                0x00120e14                mbedtls_md_hmac_starts
 .text.mbedtls_md_hmac_update
                0x00120f64       0x30 /opt/devkitpro/portlibs/3ds/lib/libmbedcrypto.a(md.o)
                0x00120f64                mbedtls_md_hmac_update
 .text.mbedtls_md_hmac_finish
                0x00120f94       0xac /opt/devkitpro/portlibs/3ds/lib/libmbedcrypto.a(md.o)
                0x00120f94                mbedtls_md_hmac_finish
 .text.mbedtls_md_hmac_reset
                0x00121040       0x54 /opt/devkitpro/portlibs/3ds/lib/libmbedcrypto.a(md.o)
                0x00121040                mbedtls_md_hmac_reset
 .text.mbedtls_md_get_size
                0x00121094        0xc /opt/devkitpro/portlibs/3ds/lib/libmbedcrypto.a(md.o)
                0x00121094                mbedtls_md_get_size
 .text.mbedtls_md5_init
                0x001210a0        0xc /opt/devkitpro/portlibs/3ds/lib/libmbedcrypto.a(md5.o)
                0x001210a0                mbedtls_md5_init
 .text.mbedtls_md5_free
                0x001210ac       0x10 /opt/devkitpro/portlibs/3ds/lib/libmbedcrypto.a(md5.o)
                0x001210ac                mbedtls_md5_free
 .text.mbedtls_md5_starts_ret
                0x001210bc       0x44 /opt/devkitpro/portlibs/3ds/lib/libmbedcrypto.a(md5.o)
                0x001210bc                mbedtls_md5_starts_ret
 .text.mbedtls_internal_md5_process
                0x00121100      0xb28 /opt/devkitpro/portlibs/3ds/lib/libmbedcrypto.a(md5.o)
                0x00121100                mbedtls_internal_md5_process
 .text.mbedtls_md5_update_ret.part.0
                0x00121c28      0x104 /opt/devkitpro/portlibs/3ds/lib/libmbedcrypto.a(md5.o)
 .text.mbedtls_md5_update_ret
                0x00121d2c       0x20 /opt/devkitpro/portlibs/3ds/lib/libmbedcrypto.a(md5.o)
                0x00121d2c                mbedtls_md5_update_ret
 .text.mbedtls_md5_finish_ret
                0x00121d4c      0x130 /opt/devkitpro/portlibs/3ds/lib/libmbedcrypto.a(md5.o)
                0x00121d4c                mbedtls_md5_finish_ret
 *fill*         0x00121e7c        0x4 
 .text.mbedtls_md5_ret
                0x00121e80       0x88 /opt/devkitpro/portlibs/3ds/lib/libmbedcrypto.a(md5.o)
                0x00121e80                mbedtls_md5_ret
 .text.mbedtls_pk_init
                0x00121f08       0x10 /opt/devkitpro/portlibs/3ds/lib/libmbedcrypto.a(pk.o)
                0x00121f08                mbedtls_pk_init
 .text.mbedtls_pk_free
                0x00121f18       0x34 /opt/devkitpro/portlibs/3ds/lib/libmbedcrypto.a(pk.o)
                0x00121f18                mbedtls_pk_free
 .text.mbedtls_pk_info_from_type
                0x00121f4c       0x20 /opt/devkitpro/portlibs/3ds/lib/libmbedcrypto.a(pk.o)
                0x00121f4c                mbedtls_pk_info_from_type
 .text.mbedtls_pk_setup
                0x00121f6c       0x54 /opt/devkitpro/portlibs/3ds/lib/libmbedcrypto.a(pk.o)
                0x00121f6c                mbedtls_pk_setup
 .text.mbedtls_pk_get_type
                0x00121fc0       0x18 /opt/devkitpro/portlibs/3ds/lib/libmbedcrypto.a(pk.o)
                0x00121fc0                mbedtls_pk_get_type
 .text.rsa_can_do
                0x00121fd8       0x14 /opt/devkitpro/portlibs/3ds/lib/libmbedcrypto.a(pk_wrap.o)
 .text.rsa_debug
                0x00121fec       0x3c /opt/devkitpro/portlibs/3ds/lib/libmbedcrypto.a(pk_wrap.o)
 .text.eckey_can_do
                0x00122028       0x14 /opt/devkitpro/portlibs/3ds/lib/libmbedcrypto.a(pk_wrap.o)
 .text.eckey_get_bitlen
                0x0012203c        0x8 /opt/devkitpro/portlibs/3ds/lib/libmbedcrypto.a(pk_wrap.o)
 .text.eckey_debug
                0x00122044       0x20 /opt/devkitpro/portlibs/3ds/lib/libmbedcrypto.a(pk_wrap.o)
 .text.eckeydh_can_do
                0x00122064       0x14 /opt/devkitpro/portlibs/3ds/lib/libmbedcrypto.a(pk_wrap.o)
 .text.ecdsa_can_do
                0x00122078       0x10 /opt/devkitpro/portlibs/3ds/lib/libmbedcrypto.a(pk_wrap.o)
 .text.rsa_free_wrap
                0x00122088       0x18 /opt/devkitpro/portlibs/3ds/lib/libmbedcrypto.a(pk_wrap.o)
 .text.rsa_alloc_wrap
                0x001220a0       0x2c /opt/devkitpro/portlibs/3ds/lib/libmbedcrypto.a(pk_wrap.o)
 .text.rsa_check_pair_wrap
                0x001220cc        0x4 /opt/devkitpro/portlibs/3ds/lib/libmbedcrypto.a(pk_wrap.o)
 .text.rsa_encrypt_wrap
                0x001220d0       0x70 /opt/devkitpro/portlibs/3ds/lib/libmbedcrypto.a(pk_wrap.o)
 .text.rsa_decrypt_wrap
                0x00122140       0x70 /opt/devkitpro/portlibs/3ds/lib/libmbedcrypto.a(pk_wrap.o)
 .text.rsa_sign_wrap
                0x001221b0       0x54 /opt/devkitpro/portlibs/3ds/lib/libmbedcrypto.a(pk_wrap.o)
 .text.rsa_verify_wrap
                0x00122204       0x80 /opt/devkitpro/portlibs/3ds/lib/libmbedcrypto.a(pk_wrap.o)
 .text.rsa_get_bitlen
                0x00122284       0x68 /opt/devkitpro/portlibs/3ds/lib/libmbedcrypto.a(pk_wrap.o)
 .text.eckey_free_wrap
                0x001222ec       0x18 /opt/devkitpro/portlibs/3ds/lib/libmbedcrypto.a(pk_wrap.o)
 .text.eckey_alloc_wrap
                0x00122304       0x24 /opt/devkitpro/portlibs/3ds/lib/libmbedcrypto.a(pk_wrap.o)
 .text.eckey_check_pair
                0x00122328        0x4 /opt/devkitpro/portlibs/3ds/lib/libmbedcrypto.a(pk_wrap.o)
 .text.ecdsa_alloc_wrap
                0x0012232c       0x24 /opt/devkitpro/portlibs/3ds/lib/libmbedcrypto.a(pk_wrap.o)
 .text.ecdsa_free_wrap
                0x00122350       0x18 /opt/devkitpro/portlibs/3ds/lib/libmbedcrypto.a(pk_wrap.o)
 .text.ecdsa_sign_wrap
                0x00122368        0x4 /opt/devkitpro/portlibs/3ds/lib/libmbedcrypto.a(pk_wrap.o)
 .text.eckey_sign_wrap
                0x0012236c       0x84 /opt/devkitpro/portlibs/3ds/lib/libmbedcrypto.a(pk_wrap.o)
 .text.ecdsa_verify_wrap
                0x001223f0       0x38 /opt/devkitpro/portlibs/3ds/lib/libmbedcrypto.a(pk_wrap.o)
 .text.eckey_verify_wrap
                0x00122428       0x7c /opt/devkitpro/portlibs/3ds/lib/libmbedcrypto.a(pk_wrap.o)
 .text.asn1_get_nonzero_mpi
                0x001224a4       0x38 /opt/devkitpro/portlibs/3ds/lib/libmbedcrypto.a(pkparse.o)
 .text.pk_get_pk_alg
                0x001224dc       0x9c /opt/devkitpro/portlibs/3ds/lib/libmbedcrypto.a(pkparse.o)
 .text.pk_use_ecparams
                0x00122578      0x4ac /opt/devkitpro/portlibs/3ds/lib/libmbedcrypto.a(pkparse.o)
 .text.pk_parse_key_sec1_der
                0x00122a24      0x2b8 /opt/devkitpro/portlibs/3ds/lib/libmbedcrypto.a(pkparse.o)
 .text.pk_parse_key_pkcs1_der
                0x00122cdc      0x324 /opt/devkitpro/portlibs/3ds/lib/libmbedcrypto.a(pkparse.o)
 .text.pk_parse_key_pkcs8_unencrypted_der
                0x00123000      0x1cc /opt/devkitpro/portlibs/3ds/lib/libmbedcrypto.a(pkparse.o)
 .text.pk_parse_key_pkcs8_encrypted_der
                0x001231cc      0x1d4 /opt/devkitpro/portlibs/3ds/lib/libmbedcrypto.a(pkparse.o)
 .text.mbedtls_pk_load_file
                0x001233a0      0x10c /opt/devkitpro/portlibs/3ds/lib/libmbedcrypto.a(pkparse.o)
                0x001233a0                mbedtls_pk_load_file
 .text.mbedtls_pk_parse_key
                0x001234ac      0x408 /opt/devkitpro/portlibs/3ds/lib/libmbedcrypto.a(pkparse.o)
                0x001234ac                mbedtls_pk_parse_key
 .text.mbedtls_pk_parse_keyfile
                0x001238b4       0xa4 /opt/devkitpro/portlibs/3ds/lib/libmbedcrypto.a(pkparse.o)
                0x001238b4                mbedtls_pk_parse_keyfile
 .text.mbedtls_platform_zeroize
                0x00123958       0x1c /opt/devkitpro/portlibs/3ds/lib/libmbedcrypto.a(platform_util.o)
                0x00123958                mbedtls_platform_zeroize
 .text.mbedtls_ripemd160_init
                0x00123974        0xc /opt/devkitpro/portlibs/3ds/lib/libmbedcrypto.a(ripemd160.o)
                0x00123974                mbedtls_ripemd160_init
 .text.mbedtls_ripemd160_free
                0x00123980       0x10 /opt/devkitpro/portlibs/3ds/lib/libmbedcrypto.a(ripemd160.o)
                0x00123980                mbedtls_ripemd160_free
 .text.mbedtls_ripemd160_starts_ret
                0x00123990       0x50 /opt/devkitpro/portlibs/3ds/lib/libmbedcrypto.a(ripemd160.o)
                0x00123990                mbedtls_ripemd160_starts_ret
 .text.mbedtls_internal_ripemd160_process
                0x001239e0     0x1e5c /opt/devkitpro/portlibs/3ds/lib/libmbedcrypto.a(ripemd160.o)
                0x001239e0                mbedtls_internal_ripemd160_process
 .text.mbedtls_ripemd160_update_ret.part.0
                0x0012583c      0x104 /opt/devkitpro/portlibs/3ds/lib/libmbedcrypto.a(ripemd160.o)
 .text.mbedtls_ripemd160_update_ret
                0x00125940       0x20 /opt/devkitpro/portlibs/3ds/lib/libmbedcrypto.a(ripemd160.o)
                0x00125940                mbedtls_ripemd160_update_ret
 .text.mbedtls_ripemd160_finish_ret
                0x00125960      0x114 /opt/devkitpro/portlibs/3ds/lib/libmbedcrypto.a(ripemd160.o)
                0x00125960                mbedtls_ripemd160_finish_ret
 *fill*         0x00125a74        0x4 
 .text.mbedtls_ripemd160_ret
                0x00125a78       0x94 /opt/devkitpro/portlibs/3ds/lib/libmbedcrypto.a(ripemd160.o)
                0x00125a78                mbedtls_ripemd160_ret
 .text.mgf_mask
                0x00125b0c      0x118 /opt/devkitpro/portlibs/3ds/lib/libmbedcrypto.a(rsa.o)
 .text.rsa_rsassa_pkcs1_v15_encode
                0x00125c24      0x1cc /opt/devkitpro/portlibs/3ds/lib/libmbedcrypto.a(rsa.o)
 .text.mbedtls_rsa_free.part.0
                0x00125df0       0x74 /opt/devkitpro/portlibs/3ds/lib/libmbedcrypto.a(rsa.o)
 .text.rsa_check_context.isra.0
                0x00125e64      0x130 /opt/devkitpro/portlibs/3ds/lib/libmbedcrypto.a(rsa.o)
 .text.mbedtls_rsa_import
                0x00125f94       0xc8 /opt/devkitpro/portlibs/3ds/lib/libmbedcrypto.a(rsa.o)
                0x00125f94                mbedtls_rsa_import
 .text.mbedtls_rsa_complete
                0x0012605c      0x28c /opt/devkitpro/portlibs/3ds/lib/libmbedcrypto.a(rsa.o)
                0x0012605c                mbedtls_rsa_complete
 .text.mbedtls_rsa_export
                0x001262e8      0x160 /opt/devkitpro/portlibs/3ds/lib/libmbedcrypto.a(rsa.o)
                0x001262e8                mbedtls_rsa_export
 .text.mbedtls_rsa_init
                0x00126448       0x28 /opt/devkitpro/portlibs/3ds/lib/libmbedcrypto.a(rsa.o)
                0x00126448                mbedtls_rsa_init
 .text.mbedtls_rsa_get_len
                0x00126470        0x8 /opt/devkitpro/portlibs/3ds/lib/libmbedcrypto.a(rsa.o)
                0x00126470                mbedtls_rsa_get_len
 .text.mbedtls_rsa_check_pubkey
                0x00126478       0x7c /opt/devkitpro/portlibs/3ds/lib/libmbedcrypto.a(rsa.o)
                0x00126478                mbedtls_rsa_check_pubkey
 .text.mbedtls_rsa_check_privkey
                0x001264f4       0xa4 /opt/devkitpro/portlibs/3ds/lib/libmbedcrypto.a(rsa.o)
                0x001264f4                mbedtls_rsa_check_privkey
 .text.mbedtls_rsa_check_pub_priv
                0x00126598       0x5c /opt/devkitpro/portlibs/3ds/lib/libmbedcrypto.a(rsa.o)
                0x00126598                mbedtls_rsa_check_pub_priv
 .text.mbedtls_rsa_public
                0x001265f4       0xf4 /opt/devkitpro/portlibs/3ds/lib/libmbedcrypto.a(rsa.o)
                0x001265f4                mbedtls_rsa_public
 .text.mbedtls_rsa_private
                0x001266e8      0x8e0 /opt/devkitpro/portlibs/3ds/lib/libmbedcrypto.a(rsa.o)
                0x001266e8                mbedtls_rsa_private
 .text.rsa_rsassa_pss_sign
                0x00126fc8      0x2b4 /opt/devkitpro/portlibs/3ds/lib/libmbedcrypto.a(rsa.o)
 .text.mbedtls_rsa_rsaes_oaep_encrypt
                0x0012727c      0x238 /opt/devkitpro/portlibs/3ds/lib/libmbedcrypto.a(rsa.o)
                0x0012727c                mbedtls_rsa_rsaes_oaep_encrypt
 .text.mbedtls_rsa_rsaes_pkcs1_v15_encrypt
                0x001274b4      0x1c8 /opt/devkitpro/portlibs/3ds/lib/libmbedcrypto.a(rsa.o)
                0x001274b4                mbedtls_rsa_rsaes_pkcs1_v15_encrypt
 .text.mbedtls_rsa_pkcs1_encrypt
                0x0012767c       0x60 /opt/devkitpro/portlibs/3ds/lib/libmbedcrypto.a(rsa.o)
                0x0012767c                mbedtls_rsa_pkcs1_encrypt
 .text.mbedtls_rsa_rsaes_oaep_decrypt
                0x001276dc      0x260 /opt/devkitpro/portlibs/3ds/lib/libmbedcrypto.a(rsa.o)
                0x001276dc                mbedtls_rsa_rsaes_oaep_decrypt
 .text.mbedtls_rsa_rsaes_pkcs1_v15_decrypt
                0x0012793c       0xd4 /opt/devkitpro/portlibs/3ds/lib/libmbedcrypto.a(rsa.o)
                0x0012793c                mbedtls_rsa_rsaes_pkcs1_v15_decrypt
 .text.mbedtls_rsa_pkcs1_decrypt
                0x00127a10       0x6c /opt/devkitpro/portlibs/3ds/lib/libmbedcrypto.a(rsa.o)
                0x00127a10                mbedtls_rsa_pkcs1_decrypt
 .text.mbedtls_rsa_rsassa_pkcs1_v15_sign
                0x00127a7c      0x1b4 /opt/devkitpro/portlibs/3ds/lib/libmbedcrypto.a(rsa.o)
                0x00127a7c                mbedtls_rsa_rsassa_pkcs1_v15_sign
 .text.mbedtls_rsa_pkcs1_sign
                0x00127c30       0x68 /opt/devkitpro/portlibs/3ds/lib/libmbedcrypto.a(rsa.o)
                0x00127c30                mbedtls_rsa_pkcs1_sign
 .text.mbedtls_rsa_rsassa_pss_verify_ext
                0x00127c98      0x2a8 /opt/devkitpro/portlibs/3ds/lib/libmbedcrypto.a(rsa.o)
                0x00127c98                mbedtls_rsa_rsassa_pss_verify_ext
 .text.mbedtls_rsa_rsassa_pkcs1_v15_verify
                0x00127f40      0x170 /opt/devkitpro/portlibs/3ds/lib/libmbedcrypto.a(rsa.o)
                0x00127f40                mbedtls_rsa_rsassa_pkcs1_v15_verify
 .text.mbedtls_rsa_pkcs1_verify
                0x001280b0       0x80 /opt/devkitpro/portlibs/3ds/lib/libmbedcrypto.a(rsa.o)
                0x001280b0                mbedtls_rsa_pkcs1_verify
 .text.mbedtls_rsa_copy
                0x00128130      0x134 /opt/devkitpro/portlibs/3ds/lib/libmbedcrypto.a(rsa.o)
                0x00128130                mbedtls_rsa_copy
 .text.mbedtls_rsa_free
                0x00128264        0xc /opt/devkitpro/portlibs/3ds/lib/libmbedcrypto.a(rsa.o)
                0x00128264                mbedtls_rsa_free
 .text.mbedtls_rsa_deduce_primes
                0x00128270      0x308 /opt/devkitpro/portlibs/3ds/lib/libmbedcrypto.a(rsa_internal.o)
                0x00128270                mbedtls_rsa_deduce_primes
 .text.mbedtls_rsa_deduce_private_exponent
                0x00128578      0x134 /opt/devkitpro/portlibs/3ds/lib/libmbedcrypto.a(rsa_internal.o)
                0x00128578                mbedtls_rsa_deduce_private_exponent
 .text.mbedtls_rsa_validate_crt
                0x001286ac      0x1c0 /opt/devkitpro/portlibs/3ds/lib/libmbedcrypto.a(rsa_internal.o)
                0x001286ac                mbedtls_rsa_validate_crt
 .text.mbedtls_rsa_validate_params
                0x0012886c      0x2f4 /opt/devkitpro/portlibs/3ds/lib/libmbedcrypto.a(rsa_internal.o)
                0x0012886c                mbedtls_rsa_validate_params
 .text.mbedtls_rsa_deduce_crt
                0x00128b60       0xd0 /opt/devkitpro/portlibs/3ds/lib/libmbedcrypto.a(rsa_internal.o)
                0x00128b60                mbedtls_rsa_deduce_crt
 .text.mbedtls_sha1_init
                0x00128c30        0xc /opt/devkitpro/portlibs/3ds/lib/libmbedcrypto.a(sha1.o)
                0x00128c30                mbedtls_sha1_init
 .text.mbedtls_sha1_free
                0x00128c3c       0x10 /opt/devkitpro/portlibs/3ds/lib/libmbedcrypto.a(sha1.o)
                0x00128c3c                mbedtls_sha1_free
 .text.mbedtls_sha1_starts_ret
                0x00128c4c       0x50 /opt/devkitpro/portlibs/3ds/lib/libmbedcrypto.a(sha1.o)
                0x00128c4c                mbedtls_sha1_starts_ret
 .text.mbedtls_internal_sha1_process
                0x00128c9c     0x1368 /opt/devkitpro/portlibs/3ds/lib/libmbedcrypto.a(sha1.o)
                0x00128c9c                mbedtls_internal_sha1_process
 .text.mbedtls_sha1_update_ret.part.0
                0x0012a004      0x104 /opt/devkitpro/portlibs/3ds/lib/libmbedcrypto.a(sha1.o)
 .text.mbedtls_sha1_update_ret
                0x0012a108       0x20 /opt/devkitpro/portlibs/3ds/lib/libmbedcrypto.a(sha1.o)
                0x0012a108                mbedtls_sha1_update_ret
 .text.mbedtls_sha1_finish_ret
                0x0012a128      0x15c /opt/devkitpro/portlibs/3ds/lib/libmbedcrypto.a(sha1.o)
                0x0012a128                mbedtls_sha1_finish_ret
 *fill*         0x0012a284        0x4 
 .text.mbedtls_sha1_ret
                0x0012a288       0x94 /opt/devkitpro/portlibs/3ds/lib/libmbedcrypto.a(sha1.o)
                0x0012a288                mbedtls_sha1_ret
 .text.mbedtls_sha256_init
                0x0012a31c        0xc /opt/devkitpro/portlibs/3ds/lib/libmbedcrypto.a(sha256.o)
                0x0012a31c                mbedtls_sha256_init
 .text.mbedtls_sha256_free
                0x0012a328       0x10 /opt/devkitpro/portlibs/3ds/lib/libmbedcrypto.a(sha256.o)
                0x0012a328                mbedtls_sha256_free
 .text.mbedtls_sha256_starts_ret
                0x0012a338       0xc8 /opt/devkitpro/portlibs/3ds/lib/libmbedcrypto.a(sha256.o)
                0x0012a338                mbedtls_sha256_starts_ret
 .text.mbedtls_internal_sha256_process
                0x0012a400      0x9c0 /opt/devkitpro/portlibs/3ds/lib/libmbedcrypto.a(sha256.o)
                0x0012a400                mbedtls_internal_sha256_process
 .text.mbedtls_sha256_update_ret.part.0
                0x0012adc0      0x104 /opt/devkitpro/portlibs/3ds/lib/libmbedcrypto.a(sha256.o)
 .text.mbedtls_sha256_update_ret
                0x0012aec4       0x20 /opt/devkitpro/portlibs/3ds/lib/libmbedcrypto.a(sha256.o)
                0x0012aec4                mbedtls_sha256_update_ret
 .text.mbedtls_sha256_finish_ret
                0x0012aee4      0x1d4 /opt/devkitpro/portlibs/3ds/lib/libmbedcrypto.a(sha256.o)
                0x0012aee4                mbedtls_sha256_finish_ret
 .text.mbedtls_sha256_ret
                0x0012b0b8      0x120 /opt/devkitpro/portlibs/3ds/lib/libmbedcrypto.a(sha256.o)
                0x0012b0b8                mbedtls_sha256_ret
 .text.mbedtls_sha512_init
                0x0012b1d8        0xc /opt/devkitpro/portlibs/3ds/lib/libmbedcrypto.a(sha512.o)
                0x0012b1d8                mbedtls_sha512_init
 .text.mbedtls_sha512_free
                0x0012b1e4       0x10 /opt/devkitpro/portlibs/3ds/lib/libmbedcrypto.a(sha512.o)
                0x0012b1e4                mbedtls_sha512_free
 *fill*         0x0012b1f4        0x4 
 .text.mbedtls_sha512_starts_ret
                0x0012b1f8      0x110 /opt/devkitpro/portlibs/3ds/lib/libmbedcrypto.a(sha512.o)
                0x0012b1f8                mbedtls_sha512_starts_ret
 .text.mbedtls_internal_sha512_process
                0x0012b308      0xd08 /opt/devkitpro/portlibs/3ds/lib/libmbedcrypto.a(sha512.o)
                0x0012b308                mbedtls_internal_sha512_process
 .text.mbedtls_sha512_update_ret.part.0
                0x0012c010      0x110 /opt/devkitpro/portlibs/3ds/lib/libmbedcrypto.a(sha512.o)