Archive member included to satisfy reference by file (symbol)

/opt/devkitpro/libctru/lib/libctru.a(console.o)
                              main.o (consoleInit)
/opt/devkitpro/libctru/lib/libctru.a(gfx.o)
                              /opt/devkitpro/libctru/lib/libctru.a(console.o) (gfxIsWide)
/opt/devkitpro/libctru/lib/libctru.a(apt.o)
                              main.o (aptMainLoop)
/opt/devkitpro/libctru/lib/libctru.a(gspgpu.o)
                              /opt/devkitpro/libctru/lib/libctru.a(gfx.o) (gspInit)
/opt/devkitpro/libctru/lib/libctru.a(hid.o)
                              main.o (hidScanInput)
/opt/devkitpro/libctru/lib/libctru.a(irrst.o)
                              /opt/devkitpro/libctru/lib/libctru.a(hid.o) (irrstInit)
/opt/devkitpro/libctru/lib/libctru.a(ctru_init.o)
                              /opt/devkitpro/libctru/lib/libctru.a(apt.o) (__system_retAddr)
/opt/devkitpro/libctru/lib/libctru.a(initArgv.o)
                              /opt/devkitpro/libctru/lib/libctru.a(ctru_init.o) (__system_initArgv)
/opt/devkitpro/libctru/lib/libctru.a(syscalls.o)
                              /opt/devkitpro/libctru/lib/libctru.a(ctru_init.o) (__system_initSyscalls)
/opt/devkitpro/libctru/lib/libctru.a(svc.o)
                              /opt/devkitpro/libctru/lib/libctru.a(apt.o) (svcSleepThread)
/opt/devkitpro/libctru/lib/libctru.a(stack_adjust.o)
                              /opt/devkitpro/devkitARM/bin/../lib/gcc/arm-none-eabi/14.2.0/../../../../arm-none-eabi/lib/armv6k/fpu/3dsx_crt0.o (initSystem)
/opt/devkitpro/libctru/lib/libctru.a(default_font.bin.o)
                              /opt/devkitpro/libctru/lib/libctru.a(console.o) (default_font_bin)
/opt/devkitpro/libctru/lib/libctru.a(linear.o)
                              /opt/devkitpro/libctru/lib/libctru.a(gfx.o) (linearAlloc)
/opt/devkitpro/libctru/lib/libctru.a(mem_pool.o)
                              /opt/devkitpro/libctru/lib/libctru.a(linear.o) (MemPool::Allocate(MemChunk&, unsigned long, int))
/opt/devkitpro/libctru/lib/libctru.a(vram.o)
                              /opt/devkitpro/libctru/lib/libctru.a(gfx.o) (vramAlloc)
/opt/devkitpro/libctru/lib/libctru.a(3dslink.o)
                              /opt/devkitpro/libctru/lib/libctru.a(initArgv.o) (__3dslink_host)
/opt/devkitpro/libctru/lib/libctru.a(env.o)
                              /opt/devkitpro/libctru/lib/libctru.a(irrst.o) (envGetHandle)
/opt/devkitpro/libctru/lib/libctru.a(os.o)
                              /opt/devkitpro/libctru/lib/libctru.a(syscalls.o) (osGetTime)
/opt/devkitpro/libctru/lib/libctru.a(srv.o)
                              /opt/devkitpro/libctru/lib/libctru.a(apt.o) (srvInit)
/opt/devkitpro/libctru/lib/libctru.a(synchronization.o)
                              /opt/devkitpro/libctru/lib/libctru.a(ctru_init.o) (__sync_init)
/opt/devkitpro/libctru/lib/libctru.a(thread.o)
                              /opt/devkitpro/libctru/lib/libctru.a(apt.o) (threadCreate)
/opt/devkitpro/libctru/lib/libctru.a(mappable.o)
                              /opt/devkitpro/libctru/lib/libctru.a(apt.o) (mappableAlloc)
/opt/devkitpro/libctru/lib/libctru.a(ptmsysm.o)
                              /opt/devkitpro/libctru/lib/libctru.a(os.o) (ptmSysmInit)
/opt/devkitpro/libctru/lib/libctru.a(srvpm.o)
                              /opt/devkitpro/libctru/lib/libctru.a(srv.o) (srvPmGetSessionHandle)
/opt/devkitpro/libctru/lib/libctru.a(soc_connect.o)
                              /opt/devkitpro/libctru/lib/libctru.a(3dslink.o) (connect)
/opt/devkitpro/libctru/lib/libctru.a(soc_socket.o)
                              /opt/devkitpro/libctru/lib/libctru.a(3dslink.o) (socket)
/opt/devkitpro/libctru/lib/libctru.a(rbtree_find.o)
                              /opt/devkitpro/libctru/lib/libctru.a(linear.o) (rbtree_find)
/opt/devkitpro/libctru/lib/libctru.a(rbtree_init.o)
                              /opt/devkitpro/libctru/lib/libctru.a(linear.o) (rbtree_init)
/opt/devkitpro/libctru/lib/libctru.a(rbtree_insert.o)
                              /opt/devkitpro/libctru/lib/libctru.a(linear.o) (rbtree_insert)
/opt/devkitpro/libctru/lib/libctru.a(rbtree_remove.o)
                              /opt/devkitpro/libctru/lib/libctru.a(linear.o) (rbtree_remove)
/opt/devkitpro/libctru/lib/libctru.a(rbtree_rotate.o)
                              /opt/devkitpro/libctru/lib/libctru.a(rbtree_insert.o) (rbtree_rotate)
/opt/devkitpro/libctru/lib/libctru.a(allocateHeaps.o)
                              /opt/devkitpro/libctru/lib/libctru.a(ctru_init.o) (__system_allocateHeaps)
/opt/devkitpro/libctru/lib/libctru.a(appExit.o)
                              /opt/devkitpro/libctru/lib/libctru.a(stack_adjust.o) (__appExit)
/opt/devkitpro/libctru/lib/libctru.a(appInit.o)
                              /opt/devkitpro/libctru/lib/libctru.a(stack_adjust.o) (__appInit)
/opt/devkitpro/libctru/lib/libctru.a(ctru_exit.o)
                              /opt/devkitpro/libctru/lib/libctru.a(stack_adjust.o) (__libctru_exit)
[...]
Memory Configuration

Name             Origin             Length             Attributes
*default*        0x00000000         0xffffffff

Linker script and memory map

                0x00000000                        __sync_synchronize = __sync_synchronize_dmb
                0x00100000                        PROVIDE (__start__ = 0x100000)
                0x00100000                        . = __start__

.text           0x00100000     0xdd5c
 *(.crt0)
 .crt0          0x00100000       0x94 /opt/devkitpro/devkitARM/bin/../lib/gcc/arm-none-eabi/14.2.0/../../../../arm-none-eabi/lib/armv6k/fpu/3dsx_crt0.o
                0x00100000                _start
                0x00100008                __service_ptr
                0x0010000c                __apt_appid
                0x00100010                __heap_size
                0x00100014                __linear_heap_size
                0x00100018                __system_arglist
                0x0010001c                __system_runflags
 *(.init)
 .init          0x00100094        0xc /opt/devkitpro/devkitARM/bin/../lib/gcc/arm-none-eabi/14.2.0/armv6k/fpu/crti.o
                0x00100094                _init
 .init          0x001000a0        0xc /opt/devkitpro/devkitARM/bin/../lib/gcc/arm-none-eabi/14.2.0/armv6k/fpu/crtn.o
                0x001000ac                        . = ALIGN (0x4)
 *(.text)
 .text          0x001000ac      0x240 /opt/devkitpro/devkitARM/bin/../lib/gcc/arm-none-eabi/14.2.0/armv6k/fpu/libgcc.a(_divsi3.o)
                0x001000ac                __aeabi_idiv
                0x001000ac                __divsi3
                0x001002cc                __aeabi_idivmod
 .text          0x001002ec        0x4 /opt/devkitpro/devkitARM/bin/../lib/gcc/arm-none-eabi/14.2.0/armv6k/fpu/libgcc.a(_dvmd_tls.o)
                0x001002ec                __aeabi_ldiv0
                0x001002ec                __aeabi_idiv0
 *fill*         0x001002f0       0x10 
 .text          0x00100300      0x390 /opt/devkitpro/devkitARM/bin/../lib/gcc/arm-none-eabi/14.2.0/../../../../arm-none-eabi/lib/armv6k/fpu/libg.a(libc_a-strcmp.o)
                0x00100308                strcmp
 .text          0x00100690      0x20c /opt/devkitpro/devkitARM/bin/../lib/gcc/arm-none-eabi/14.2.0/armv6k/fpu/libgcc.a(_udivsi3.o)
                0x00100690                __udivsi3
                0x00100690                __aeabi_uidiv
                0x0010087c                __aeabi_uidivmod
 *(.text.*)
 .text.__do_global_dtors_aux
                0x0010089c       0x40 /opt/devkitpro/devkitARM/bin/../lib/gcc/arm-none-eabi/14.2.0/armv6k/fpu/crtbegin.o
 .text.frame_dummy
                0x001008dc       0x2c /opt/devkitpro/devkitARM/bin/../lib/gcc/arm-none-eabi/14.2.0/armv6k/fpu/crtbegin.o
 .text.startup.main
                0x00100908       0x5c main.o
                0x00100908                main
 .text.consoleHandleColorEsc
                0x00100964      0x45c /opt/devkitpro/libctru/lib/libctru.a(console.o)
 .text.consoleColorStateShift
                0x00100dc0       0xb8 /opt/devkitpro/libctru/lib/libctru.a(console.o)
 .text.consoleDrawChar
                0x00100e78      0x1ac /opt/devkitpro/libctru/lib/libctru.a(console.o)
                0x00100e78                consoleDrawChar
 .text.consolePrintChar
                0x00101024      0x11c /opt/devkitpro/libctru/lib/libctru.a(console.o)
                0x00101024                consolePrintChar
 .text.con_write
                0x00101140      0x5ec /opt/devkitpro/libctru/lib/libctru.a(console.o)
                0x00101140                con_write
 .text.newRow   0x0010172c      0x124 /opt/devkitpro/libctru/lib/libctru.a(console.o)
 .text.consoleInit
                0x00101850      0x18c /opt/devkitpro/libctru/lib/libctru.a(console.o)
                0x00101850                consoleInit
 .text.gfxPresentFramebuffer
                0x001019dc       0xd0 /opt/devkitpro/libctru/lib/libctru.a(gfx.o)
 .text.gfxIsWide
                0x00101aac       0x1c /opt/devkitpro/libctru/lib/libctru.a(gfx.o)
                0x00101aac                gfxIsWide
 .text.gfxSetScreenFormat
                0x00101ac8       0xec /opt/devkitpro/libctru/lib/libctru.a(gfx.o)
                0x00101ac8                gfxSetScreenFormat
 .text.gfxSetDoubleBuffering
                0x00101bb4       0x10 /opt/devkitpro/libctru/lib/libctru.a(gfx.o)
                0x00101bb4                gfxSetDoubleBuffering
 .text.gfxInit  0x00101bc4       0xd8 /opt/devkitpro/libctru/lib/libctru.a(gfx.o)
                0x00101bc4                gfxInit
 .text.gfxInitDefault
                0x00101c9c       0x10 /opt/devkitpro/libctru/lib/libctru.a(gfx.o)
                0x00101c9c                gfxInitDefault
 .text.gfxExit  0x00101cac       0xb4 /opt/devkitpro/libctru/lib/libctru.a(gfx.o)
                0x00101cac                gfxExit
 .text.gfxGetFramebuffer
                0x00101d60       0xa0 /opt/devkitpro/libctru/lib/libctru.a(gfx.o)
                0x00101d60                gfxGetFramebuffer
 .text.gfxFlushBuffers
                0x00101e00      0x100 /opt/devkitpro/libctru/lib/libctru.a(gfx.o)
                0x00101e00                gfxFlushBuffers
 .text.gfxSwapBuffers
                0x00101f00       0x50 /opt/devkitpro/libctru/lib/libctru.a(gfx.o)
                0x00101f00                gfxSwapBuffers
 .text.gfxSwapBuffersGpu
                0x00101f50       0x50 /opt/devkitpro/libctru/lib/libctru.a(gfx.o)
                0x00101f50                gfxSwapBuffersGpu
 .text.aptConvertScreenForCapture
                0x00101fa0      0x1b0 /opt/devkitpro/libctru/lib/libctru.a(apt.o)
 .text.aptDspSleep
                0x00102150        0x8 /opt/devkitpro/libctru/lib/libctru.a(apt.o)
                0x00102150                aptDspSleep
 .text.aptDspWakeup
                0x00102158        0x4 /opt/devkitpro/libctru/lib/libctru.a(apt.o)
                0x00102158                aptDspWakeup
 .text.aptDspCancel
                0x0010215c        0x4 /opt/devkitpro/libctru/lib/libctru.a(apt.o)
                0x0010215c                aptDspCancel
 .text.aptSendCommand
                0x00102160      0x158 /opt/devkitpro/libctru/lib/libctru.a(apt.o)
                0x00102160                aptSendCommand
 .text.aptExitProcess
                0x001022b8       0x44 /opt/devkitpro/libctru/lib/libctru.a(apt.o)
 .text.aptExit  0x001022fc      0x380 /opt/devkitpro/libctru/lib/libctru.a(apt.o)
                0x001022fc                aptExit
 .text.aptHandleSleep
                0x0010267c       0xd8 /opt/devkitpro/libctru/lib/libctru.a(apt.o)
                0x0010267c                aptHandleSleep
 .text.APT_SleepIfShellClosed
                0x00102754       0x84 /opt/devkitpro/libctru/lib/libctru.a(apt.o)
                0x00102754                APT_SleepIfShellClosed
 .text.aptSetSleepAllowed
                0x001027d8       0x78 /opt/devkitpro/libctru/lib/libctru.a(apt.o)
                0x001027d8                aptSetSleepAllowed
 .text.APT_UnlockTransition
                0x00102850       0x84 /opt/devkitpro/libctru/lib/libctru.a(apt.o)
                0x00102850                APT_UnlockTransition
 *fill*         0x001028d4        0x4 
 .text.aptEventHandler
                0x001028d8      0x478 /opt/devkitpro/libctru/lib/libctru.a(apt.o)
 .text.APT_ReceiveParameter
                0x00102d50       0xb0 /opt/devkitpro/libctru/lib/libctru.a(apt.o)
                0x00102d50                APT_ReceiveParameter
 .text.aptReceiveParameter.constprop.0
                0x00102e00       0xac /opt/devkitpro/libctru/lib/libctru.a(apt.o)
 *fill*         0x00102eac        0x4 
 .text.aptScreenTransfer
                0x00102eb0      0x294 /opt/devkitpro/libctru/lib/libctru.a(apt.o)
 .text.aptWaitForWakeUp.isra.0
                0x00103144      0x2c8 /opt/devkitpro/libctru/lib/libctru.a(apt.o)
 .text.aptJumpToHomeMenu
                0x0010340c       0xf4 /opt/devkitpro/libctru/lib/libctru.a(apt.o)
                0x0010340c                aptJumpToHomeMenu
 .text.aptMainLoop
                0x00103500       0x48 /opt/devkitpro/libctru/lib/libctru.a(apt.o)
                0x00103500                aptMainLoop
 .text.aptInit  0x00103548      0x22c /opt/devkitpro/libctru/lib/libctru.a(apt.o)
                0x00103548                aptInit
 .text.APT_CheckNew3DS
                0x00103774       0x7c /opt/devkitpro/libctru/lib/libctru.a(apt.o)
                0x00103774                APT_CheckNew3DS
 .text.gspHardwareInit
                0x001037f0      0xc70 /opt/devkitpro/libctru/lib/libctru.a(gspgpu.o)
 .text.gspInit  0x00104460      0x248 /opt/devkitpro/libctru/lib/libctru.a(gspgpu.o)
                0x00104460                gspInit
 .text.gspExit  0x001046a8       0xe4 /opt/devkitpro/libctru/lib/libctru.a(gspgpu.o)
                0x001046a8                gspExit
 .text.gspHasGpuRight
                0x0010478c       0x10 /opt/devkitpro/libctru/lib/libctru.a(gspgpu.o)
                0x0010478c                gspHasGpuRight
 .text.gspPresentBuffer
                0x0010479c       0xa0 /opt/devkitpro/libctru/lib/libctru.a(gspgpu.o)
                0x0010479c                gspPresentBuffer
 .text.gspWaitForEvent
                0x0010483c       0x44 /opt/devkitpro/libctru/lib/libctru.a(gspgpu.o)
                0x0010483c                gspWaitForEvent
 .text.gxCmdQueueInterrupt
                0x00104880        0x4 /opt/devkitpro/libctru/lib/libctru.a(gspgpu.o)
                0x00104880                gxCmdQueueInterrupt
 .text.gspEventThreadMain
                0x00104884      0x160 /opt/devkitpro/libctru/lib/libctru.a(gspgpu.o)
 .text.GSPGPU_FlushDataCache
                0x001049e4       0x50 /opt/devkitpro/libctru/lib/libctru.a(gspgpu.o)
                0x001049e4                GSPGPU_FlushDataCache
 .text.GSPGPU_SetLcdForceBlack
                0x00104a34       0x34 /opt/devkitpro/libctru/lib/libctru.a(gspgpu.o)
                0x00104a34                GSPGPU_SetLcdForceBlack
 .text.GSPGPU_AcquireRight
                0x00104a68       0x68 /opt/devkitpro/libctru/lib/libctru.a(gspgpu.o)
                0x00104a68                GSPGPU_AcquireRight
 .text.GSPGPU_ReleaseRight
                0x00104ad0       0x48 /opt/devkitpro/libctru/lib/libctru.a(gspgpu.o)
                0x00104ad0                GSPGPU_ReleaseRight
 .text.GSPGPU_ImportDisplayCaptureInfo
                0x00104b18       0x7c /opt/devkitpro/libctru/lib/libctru.a(gspgpu.o)
                0x00104b18                GSPGPU_ImportDisplayCaptureInfo
 .text.GSPGPU_SaveVramSysArea
                0x00104b94       0x2c /opt/devkitpro/libctru/lib/libctru.a(gspgpu.o)
                0x00104b94                GSPGPU_SaveVramSysArea
 .text.GSPGPU_RestoreVramSysArea
                0x00104bc0       0x2c /opt/devkitpro/libctru/lib/libctru.a(gspgpu.o)
                0x00104bc0                GSPGPU_RestoreVramSysArea
 .text.hidShouldUseIrrst
                0x00104bec       0x24 /opt/devkitpro/libctru/lib/libctru.a(hid.o)
                0x00104bec                hidShouldUseIrrst
 .text.hidInit  0x00104c10      0x18c /opt/devkitpro/libctru/lib/libctru.a(hid.o)
                0x00104c10                hidInit
 .text.hidExit  0x00104d9c       0xe8 /opt/devkitpro/libctru/lib/libctru.a(hid.o)
                0x00104d9c                hidExit
 .text.hidScanInput
                0x00104e84      0x2a4 /opt/devkitpro/libctru/lib/libctru.a(hid.o)
                0x00104e84                hidScanInput
 .text.hidKeysDown
                0x00105128       0x10 /opt/devkitpro/libctru/lib/libctru.a(hid.o)
                0x00105128                hidKeysDown
 .text.irrstInit
                0x00105138      0x160 /opt/devkitpro/libctru/lib/libctru.a(irrst.o)
                0x00105138                irrstInit
 .text.irrstExit
                0x00105298       0xcc /opt/devkitpro/libctru/lib/libctru.a(irrst.o)
                0x00105298                irrstExit
 .text.irrstScanInput
                0x00105364       0xb4 /opt/devkitpro/libctru/lib/libctru.a(irrst.o)
                0x00105364                irrstScanInput
 .text.irrstKeysHeld
                0x00105418       0x24 /opt/devkitpro/libctru/lib/libctru.a(irrst.o)
                0x00105418                irrstKeysHeld
 .text.__libctru_init
                0x0010543c       0x38 /opt/devkitpro/libctru/lib/libctru.a(ctru_init.o)
                0x0010543c                __libctru_init
 .text.__system_initArgv
                0x00105474      0x160 /opt/devkitpro/libctru/lib/libctru.a(initArgv.o)
                0x00105474                __system_initArgv
 .text.__syscall_getreent
                0x001055d4       0x30 /opt/devkitpro/libctru/lib/libctru.a(syscalls.o)
                0x001055d4                __syscall_getreent
 .text.__syscall_lock_acquire
                0x00105604        0x4 /opt/devkitpro/libctru/lib/libctru.a(syscalls.o)
                0x00105604                __syscall_lock_acquire
 .text.__syscall_lock_release
                0x00105608        0x4 /opt/devkitpro/libctru/lib/libctru.a(syscalls.o)
                0x00105608                __syscall_lock_release
 .text.__syscall_lock_acquire_recursive
                0x0010560c        0x4 /opt/devkitpro/libctru/lib/libctru.a(syscalls.o)
                0x0010560c                __syscall_lock_acquire_recursive
 .text.__syscall_lock_release_recursive
                0x00105610        0x4 /opt/devkitpro/libctru/lib/libctru.a(syscalls.o)
                0x00105610                __syscall_lock_release_recursive
 .text.__syscall_exit
                0x00105614        0x4 /opt/devkitpro/libctru/lib/libctru.a(syscalls.o)
                0x00105614                __syscall_exit
 .text.initThreadVars
                0x00105618       0x50 /opt/devkitpro/libctru/lib/libctru.a(syscalls.o)
                0x00105618                initThreadVars
 .text.__system_initSyscalls
                0x00105668       0x80 /opt/devkitpro/libctru/lib/libctru.a(syscalls.o)
                0x00105668                __system_initSyscalls
 .text.svcControlMemory
                0x001056e8       0x20 /opt/devkitpro/libctru/lib/libctru.a(svc.o)
                0x001056e8                svcControlMemory
 .text.svcQueryMemory
                0x00105708       0x30 /opt/devkitpro/libctru/lib/libctru.a(svc.o)
                0x00105708                svcQueryMemory
 .text.svcExitProcess
                0x00105738        0x8 /opt/devkitpro/libctru/lib/libctru.a(svc.o)
                0x00105738                svcExitProcess
 .text.svcCreateThread
                0x00105740       0x20 /opt/devkitpro/libctru/lib/libctru.a(svc.o)
                0x00105740                svcCreateThread
 .text.svcExitThread
                0x00105760        0x8 /opt/devkitpro/libctru/lib/libctru.a(svc.o)
                0x00105760                svcExitThread
 .text.svcSleepThread
                0x00105768        0x8 /opt/devkitpro/libctru/lib/libctru.a(svc.o)
                0x00105768                svcSleepThread
 .text.svcReleaseMutex
                0x00105770        0x8 /opt/devkitpro/libctru/lib/libctru.a(svc.o)
                0x00105770                svcReleaseMutex
 .text.svcCreateEvent
                0x00105778       0x14 /opt/devkitpro/libctru/lib/libctru.a(svc.o)
                0x00105778                svcCreateEvent
 .text.svcSignalEvent
                0x0010578c        0x8 /opt/devkitpro/libctru/lib/libctru.a(svc.o)
                0x0010578c                svcSignalEvent
 .text.svcClearEvent
                0x00105794        0x8 /opt/devkitpro/libctru/lib/libctru.a(svc.o)
                0x00105794                svcClearEvent
 .text.svcMapMemoryBlock
                0x0010579c        0x8 /opt/devkitpro/libctru/lib/libctru.a(svc.o)
                0x0010579c                svcMapMemoryBlock
 .text.svcUnmapMemoryBlock
                0x001057a4        0x8 /opt/devkitpro/libctru/lib/libctru.a(svc.o)
                0x001057a4                svcUnmapMemoryBlock
 .text.svcCreateAddressArbiter
                0x001057ac       0x14 /opt/devkitpro/libctru/lib/libctru.a(svc.o)
                0x001057ac                svcCreateAddressArbiter
 .text.svcArbitrateAddressNoTimeout
                0x001057c0        0x8 /opt/devkitpro/libctru/lib/libctru.a(svc.o)
                0x001057c0                svcArbitrateAddressNoTimeout
 .text.svcCloseHandle
                0x001057c8        0x8 /opt/devkitpro/libctru/lib/libctru.a(svc.o)
                0x001057c8                svcCloseHandle
 .text.svcWaitSynchronization
                0x001057d0        0x8 /opt/devkitpro/libctru/lib/libctru.a(svc.o)
                0x001057d0                svcWaitSynchronization
 .text.svcWaitSynchronizationN
                0x001057d8       0x28 /opt/devkitpro/libctru/lib/libctru.a(svc.o)
                0x001057d8                svcWaitSynchronizationN
 .text.svcDuplicateHandle
                0x00105800       0x14 /opt/devkitpro/libctru/lib/libctru.a(svc.o)
                0x00105800                svcDuplicateHandle
 .text.svcConnectToPort
                0x00105814       0x14 /opt/devkitpro/libctru/lib/libctru.a(svc.o)
                0x00105814                svcConnectToPort
 .text.svcSendSyncRequest
                0x00105828        0x8 /opt/devkitpro/libctru/lib/libctru.a(svc.o)
                0x00105828                svcSendSyncRequest
 .text.svcGetResourceLimit
                0x00105830       0x14 /opt/devkitpro/libctru/lib/libctru.a(svc.o)
                0x00105830                svcGetResourceLimit
 .text.svcGetResourceLimitLimitValues
                0x00105844        0x8 /opt/devkitpro/libctru/lib/libctru.a(svc.o)
                0x00105844                svcGetResourceLimitLimitValues
 .text.svcGetResourceLimitCurrentValues
                0x0010584c        0x8 /opt/devkitpro/libctru/lib/libctru.a(svc.o)
                0x0010584c                svcGetResourceLimitCurrentValues
 .text.svcBreak
                0x00105854        0x8 /opt/devkitpro/libctru/lib/libctru.a(svc.o)
                0x00105854                svcBreak
 .text.initSystem
                0x0010585c       0x50 /opt/devkitpro/libctru/lib/libctru.a(stack_adjust.o)
                0x0010585c                initSystem
 .text.__ctru_exit
                0x001058ac       0x14 /opt/devkitpro/libctru/lib/libctru.a(stack_adjust.o)
                0x001058ac                __ctru_exit
 .text._ZL21addrMapNodeComparatorPK11rbtree_nodeS1_
                0x001058c0       0x24 /opt/devkitpro/libctru/lib/libctru.a(linear.o)
 .text._ZL21addrMapNodeDestructorP11rbtree_node
                0x001058e4        0x4 /opt/devkitpro/libctru/lib/libctru.a(linear.o)
 .text.linearMemAlign
                0x001058e8      0x120 /opt/devkitpro/libctru/lib/libctru.a(linear.o)
                0x001058e8                linearMemAlign
 .text.linearAlloc
                0x00105a08        0x8 /opt/devkitpro/libctru/lib/libctru.a(linear.o)
                0x00105a08                linearAlloc
 .text.linearFree
                0x00105a10       0x5c /opt/devkitpro/libctru/lib/libctru.a(linear.o)
                0x00105a10                linearFree
 .text._ZN7MemPool13CoalesceRightEP8MemBlock
                0x00105a6c       0x84 /opt/devkitpro/libctru/lib/libctru.a(mem_pool.o)
                0x00105a6c                MemPool::CoalesceRight(MemBlock*)
 .text._ZN7MemPool8AllocateER8MemChunkmi
                0x00105af0      0x150 /opt/devkitpro/libctru/lib/libctru.a(mem_pool.o)
                0x00105af0                MemPool::Allocate(MemChunk&, unsigned long, int)
 .text._ZN7MemPool10DeallocateERK8MemChunk
                0x00105c40       0xfc /opt/devkitpro/libctru/lib/libctru.a(mem_pool.o)
                0x00105c40                MemPool::Deallocate(MemChunk const&)
 .text._ZN7MemPool12GetFreeSpaceEv
                0x00105d3c       0x30 /opt/devkitpro/libctru/lib/libctru.a(mem_pool.o)
                0x00105d3c                MemPool::GetFreeSpace()
 .text._ZL21addrMapNodeComparatorPK11rbtree_nodeS1_
                0x00105d6c       0x24 /opt/devkitpro/libctru/lib/libctru.a(vram.o)
 .text._ZL21addrMapNodeDestructorP11rbtree_node
                0x00105d90        0x4 /opt/devkitpro/libctru/lib/libctru.a(vram.o)
 .text.vramMemAlignAt
                0x00105d94      0x244 /opt/devkitpro/libctru/lib/libctru.a(vram.o)
                0x00105d94                vramMemAlignAt
 .text.vramAlloc
                0x00105fd8        0xc /opt/devkitpro/libctru/lib/libctru.a(vram.o)
                0x00105fd8                vramAlloc
 .text.vramFree
                0x00105fe4       0x90 /opt/devkitpro/libctru/lib/libctru.a(vram.o)
                0x00105fe4                vramFree
 .text.envGetHandle
                0x00106074       0x84 /opt/devkitpro/libctru/lib/libctru.a(env.o)
                0x00106074                envGetHandle
 .text.envDestroyHandles
                0x001060f8       0x50 /opt/devkitpro/libctru/lib/libctru.a(env.o)
                0x001060f8                envDestroyHandles
 .text.__ctru_speedup_config
                0x00106148       0x34 /opt/devkitpro/libctru/lib/libctru.a(os.o)
                0x00106148                __ctru_speedup_config
 .text.srvInit  0x0010617c      0x12c /opt/devkitpro/libctru/lib/libctru.a(srv.o)
                0x0010617c                srvInit
 .text.srvExit  0x001062a8       0x58 /opt/devkitpro/libctru/lib/libctru.a(srv.o)
                0x001062a8                srvExit
 .text.srvEnableNotification
                0x00106300       0x60 /opt/devkitpro/libctru/lib/libctru.a(srv.o)
                0x00106300                srvEnableNotification
 .text.srvGetServiceHandleDirect
                0x00106360       0xa0 /opt/devkitpro/libctru/lib/libctru.a(srv.o)
                0x00106360                srvGetServiceHandleDirect
 .text.srvGetServiceHandle
                0x00106400       0x38 /opt/devkitpro/libctru/lib/libctru.a(srv.o)
                0x00106400                srvGetServiceHandle
 .text.srvSubscribe
                0x00106438       0x34 /opt/devkitpro/libctru/lib/libctru.a(srv.o)
                0x00106438                srvSubscribe
 .text.srvReceiveNotification
                0x0010646c       0x60 /opt/devkitpro/libctru/lib/libctru.a(srv.o)
                0x0010646c                srvReceiveNotification
 .text.srvPublishToSubscriber
                0x001064cc       0x38 /opt/devkitpro/libctru/lib/libctru.a(srv.o)
                0x001064cc                srvPublishToSubscriber
 .text.__sync_init
                0x00106504        0xc /opt/devkitpro/libctru/lib/libctru.a(synchronization.o)
                0x00106504                __sync_init
 .text.__sync_fini
                0x00106510       0x18 /opt/devkitpro/libctru/lib/libctru.a(synchronization.o)
                0x00106510                __sync_fini
 .text.syncArbitrateAddress
                0x00106528       0x2c /opt/devkitpro/libctru/lib/libctru.a(synchronization.o)
                0x00106528                syncArbitrateAddress
 .text.LightLock_Lock
                0x00106554       0xb0 /opt/devkitpro/libctru/lib/libctru.a(synchronization.o)
                0x00106554                LightLock_Lock
 .text.LightLock_Unlock
                0x00106604       0x40 /opt/devkitpro/libctru/lib/libctru.a(synchronization.o)
                0x00106604                LightLock_Unlock
 .text.RecursiveLock_Lock
                0x00106644       0x30 /opt/devkitpro/libctru/lib/libctru.a(synchronization.o)
                0x00106644                RecursiveLock_Lock
 .text.RecursiveLock_Unlock
                0x00106674       0x54 /opt/devkitpro/libctru/lib/libctru.a(synchronization.o)
                0x00106674                RecursiveLock_Unlock
 .text.LightEvent_Init
                0x001066c8       0x40 /opt/devkitpro/libctru/lib/libctru.a(synchronization.o)
                0x001066c8                LightEvent_Init
 .text.LightEvent_Clear
                0x00106708       0xa4 /opt/devkitpro/libctru/lib/libctru.a(synchronization.o)
                0x00106708                LightEvent_Clear
 .text.LightEvent_Signal
                0x001067ac       0xc8 /opt/devkitpro/libctru/lib/libctru.a(synchronization.o)
                0x001067ac                LightEvent_Signal
 .text.LightEvent_TryWait
                0x00106874       0x50 /opt/devkitpro/libctru/lib/libctru.a(synchronization.o)
                0x00106874                LightEvent_TryWait
 .text.LightEvent_Wait
                0x001068c4       0xa0 /opt/devkitpro/libctru/lib/libctru.a(synchronization.o)
                0x001068c4                LightEvent_Wait
 .text.threadCreate
                0x00106964      0x1d4 /opt/devkitpro/libctru/lib/libctru.a(thread.o)
                0x00106964                threadCreate
 .text.threadFree
                0x00106b38       0x2c /opt/devkitpro/libctru/lib/libctru.a(thread.o)
                0x00106b38                threadFree
 .text.threadJoin
                0x00106b64       0x24 /opt/devkitpro/libctru/lib/libctru.a(thread.o)
                0x00106b64                threadJoin
 .text.threadGetCurrent
                0x00106b88       0x30 /opt/devkitpro/libctru/lib/libctru.a(thread.o)
                0x00106b88                threadGetCurrent
 .text.threadExit
                0x00106bb8       0x40 /opt/devkitpro/libctru/lib/libctru.a(thread.o)
                0x00106bb8                threadExit
 .text._thread_begin
                0x00106bf8       0x20 /opt/devkitpro/libctru/lib/libctru.a(thread.o)
 .text.mappableFindAddressWithin
                0x00106c18       0x90 /opt/devkitpro/libctru/lib/libctru.a(mappable.o)
 .text.mappableInit
                0x00106ca8       0x28 /opt/devkitpro/libctru/lib/libctru.a(mappable.o)
                0x00106ca8                mappableInit
 .text.mappableAlloc
                0x00106cd0       0x80 /opt/devkitpro/libctru/lib/libctru.a(mappable.o)
                0x00106cd0                mappableAlloc
 .text.mappableFree
                0x00106d50        0x4 /opt/devkitpro/libctru/lib/libctru.a(mappable.o)
                0x00106d50                mappableFree
 .text.ptmSysmInit
                0x00106d54       0x74 /opt/devkitpro/libctru/lib/libctru.a(ptmsysm.o)
                0x00106d54                ptmSysmInit
 .text.ptmSysmExit
                0x00106dc8       0x3c /opt/devkitpro/libctru/lib/libctru.a(ptmsysm.o)
                0x00106dc8                ptmSysmExit
 .text.PTMSYSM_ConfigureNew3DSCPU
                0x00106e04       0x34 /opt/devkitpro/libctru/lib/libctru.a(ptmsysm.o)
                0x00106e04                PTMSYSM_ConfigureNew3DSCPU
 .text.srvPmGetSessionHandle
                0x00106e38        0xc /opt/devkitpro/libctru/lib/libctru.a(srvpm.o)
                0x00106e38                srvPmGetSessionHandle
 .text.rbtree_find
                0x00106e44       0x74 /opt/devkitpro/libctru/lib/libctru.a(rbtree_find.o)
                0x00106e44                rbtree_find
 .text.rbtree_init
                0x00106eb8       0x10 /opt/devkitpro/libctru/lib/libctru.a(rbtree_init.o)
                0x00106eb8                rbtree_init
 .text.do_insert
                0x00106ec8      0x19c /opt/devkitpro/libctru/lib/libctru.a(rbtree_insert.o)
 .text.rbtree_insert
                0x00107064        0x8 /opt/devkitpro/libctru/lib/libctru.a(rbtree_insert.o)
                0x00107064                rbtree_insert
 .text.rbtree_remove
                0x0010706c      0x310 /opt/devkitpro/libctru/lib/libctru.a(rbtree_remove.o)
                0x0010706c                rbtree_remove
 .text.rbtree_rotate
                0x0010737c       0x90 /opt/devkitpro/libctru/lib/libctru.a(rbtree_rotate.o)
                0x0010737c                rbtree_rotate
 *fill*         0x0010740c        0x4 
 .text.__system_allocateHeaps
                0x00107410      0x1e0 /opt/devkitpro/libctru/lib/libctru.a(allocateHeaps.o)
                0x00107410                __system_allocateHeaps
 .text.__appExit
                0x001075f0       0x30 /opt/devkitpro/libctru/lib/libctru.a(appExit.o)
                0x001075f0                __appExit
 .text.__appInit
                0x00107620       0x30 /opt/devkitpro/libctru/lib/libctru.a(appInit.o)
                0x00107620                __appInit
 .text.__libctru_exit
                0x00107650       0x90 /opt/devkitpro/libctru/lib/libctru.a(ctru_exit.o)
                0x00107650                __libctru_exit
 .text.archive_link
                0x001076e0       0x14 /opt/devkitpro/libctru/lib/libctru.a(archive_dev.o)
 .text.archive_dirreset
                0x001076f4       0x14 /opt/devkitpro/libctru/lib/libctru.a(archive_dev.o)
 .text.archive_chmod
                0x00107708       0x14 /opt/devkitpro/libctru/lib/libctru.a(archive_dev.o)
 .text.error_cmp
                0x0010771c       0x24 /opt/devkitpro/libctru/lib/libctru.a(archive_dev.o)
 .text.archive_translate_error
                0x00107740       0x50 /opt/devkitpro/libctru/lib/libctru.a(archive_dev.o)
 .text.archive_seek
                0x00107790       0xc4 /opt/devkitpro/libctru/lib/libctru.a(archive_dev.o)
 .text._archiveInit.part.0
                0x00107854       0x78 /opt/devkitpro/libctru/lib/libctru.a(archive_dev.o)
 .text.archiveFindDevice.part.0
                0x001078cc       0xc4 /opt/devkitpro/libctru/lib/libctru.a(archive_dev.o)
 .text.archive_utf16path
                0x00107990      0x290 /opt/devkitpro/libctru/lib/libctru.a(archive_dev.o)
 .text._archiveUnmountDeviceStruct.part.0
                0x00107c20       0x9c /opt/devkitpro/libctru/lib/libctru.a(archive_dev.o)
 .text.archive_statvfs
                0x00107cbc       0x14 /opt/devkitpro/libctru/lib/libctru.a(archive_dev.o)
 .text.archive_fchmod
                0x00107cd0       0x14 /opt/devkitpro/libctru/lib/libctru.a(archive_dev.o)
 .text._archiveMountDevice
                0x00107ce4      0x168 /opt/devkitpro/libctru/lib/libctru.a(archive_dev.o)
 .text.archive_diropen
                0x00107e4c       0xe8 /opt/devkitpro/libctru/lib/libctru.a(archive_dev.o)
 .text.archive_fstat
                0x00107f34       0xa4 /opt/devkitpro/libctru/lib/libctru.a(archive_dev.o)
 .text.archive_fsync
                0x00107fd8       0x6c /opt/devkitpro/libctru/lib/libctru.a(archive_dev.o)
 .text.archive_close
                0x00108044       0x6c /opt/devkitpro/libctru/lib/libctru.a(archive_dev.o)
 .text.archive_dirclose
                0x001080b0       0x70 /opt/devkitpro/libctru/lib/libctru.a(archive_dev.o)
 .text.sdmc_statvfs
                0x00108120       0xe4 /opt/devkitpro/libctru/lib/libctru.a(archive_dev.o)
 .text.archive_chdir
                0x00108204       0xec /opt/devkitpro/libctru/lib/libctru.a(archive_dev.o)
 .text.archive_ftruncate
                0x001082f0       0x7c /opt/devkitpro/libctru/lib/libctru.a(archive_dev.o)
 .text.archive_read
                0x0010836c       0xac /opt/devkitpro/libctru/lib/libctru.a(archive_dev.o)
 .text.archive_unlink
                0x00108418       0xa4 /opt/devkitpro/libctru/lib/libctru.a(archive_dev.o)
 .text.archive_rmdir
                0x001084bc       0xbc /opt/devkitpro/libctru/lib/libctru.a(archive_dev.o)
 .text.archive_mkdir
                0x00108578       0xdc /opt/devkitpro/libctru/lib/libctru.a(archive_dev.o)
 .text.archive_stat
                0x00108654      0x194 /opt/devkitpro/libctru/lib/libctru.a(archive_dev.o)
 .text.archive_dirnext
                0x001087e8      0x15c /opt/devkitpro/libctru/lib/libctru.a(archive_dev.o)
 .text.archive_write
                0x00108944      0x124 /opt/devkitpro/libctru/lib/libctru.a(archive_dev.o)
 .text.archive_open
                0x00108a68      0x210 /opt/devkitpro/libctru/lib/libctru.a(archive_dev.o)
 .text.archive_rename
                0x00108c78      0x268 /opt/devkitpro/libctru/lib/libctru.a(archive_dev.o)
 .text.archiveMountSdmc
                0x00108ee0      0x19c /opt/devkitpro/libctru/lib/libctru.a(archive_dev.o)
                0x00108ee0                archiveMountSdmc
 .text.archiveUnmountAll
                0x0010907c       0x54 /opt/devkitpro/libctru/lib/libctru.a(archive_dev.o)
                0x0010907c                archiveUnmountAll
 .text.fsInit   0x001090d0       0xd0 /opt/devkitpro/libctru/lib/libctru.a(fs.o)
                0x001090d0                fsInit
 .text.fsExit   0x001091a0       0x3c /opt/devkitpro/libctru/lib/libctru.a(fs.o)
                0x001091a0                fsExit
 .text.fsExemptFromSession
                0x001091dc       0x60 /opt/devkitpro/libctru/lib/libctru.a(fs.o)
                0x001091dc                fsExemptFromSession
 .text.fsUnexemptFromSession
                0x0010923c       0x50 /opt/devkitpro/libctru/lib/libctru.a(fs.o)
                0x0010923c                fsUnexemptFromSession
 .text.FSUSER_OpenFile
                0x0010928c       0xcc /opt/devkitpro/libctru/lib/libctru.a(fs.o)
                0x0010928c                FSUSER_OpenFile
 .text.FSUSER_DeleteFile
                0x00109358       0xbc /opt/devkitpro/libctru/lib/libctru.a(fs.o)
                0x00109358                FSUSER_DeleteFile
 .text.FSUSER_RenameFile
                0x00109414       0xf8 /opt/devkitpro/libctru/lib/libctru.a(fs.o)
                0x00109414                FSUSER_RenameFile
 .text.FSUSER_DeleteDirectory
                0x0010950c       0xbc /opt/devkitpro/libctru/lib/libctru.a(fs.o)
                0x0010950c                FSUSER_DeleteDirectory
 .text.FSUSER_CreateFile
                0x001095c8       0xd4 /opt/devkitpro/libctru/lib/libctru.a(fs.o)
                0x001095c8                FSUSER_CreateFile
 .text.FSUSER_CreateDirectory
                0x0010969c       0xc4 /opt/devkitpro/libctru/lib/libctru.a(fs.o)
                0x0010969c                FSUSER_CreateDirectory
 .text.FSUSER_RenameDirectory
                0x00109760       0xf8 /opt/devkitpro/libctru/lib/libctru.a(fs.o)
                0x00109760                FSUSER_RenameDirectory
 .text.FSUSER_OpenDirectory
                0x00109858       0xb4 /opt/devkitpro/libctru/lib/libctru.a(fs.o)
                0x00109858                FSUSER_OpenDirectory
 .text.FSUSER_OpenArchive
                0x0010990c       0x94 /opt/devkitpro/libctru/lib/libctru.a(fs.o)
                0x0010990c                FSUSER_OpenArchive
 .text.FSUSER_CloseArchive
                0x001099a0       0x8c /opt/devkitpro/libctru/lib/libctru.a(fs.o)
                0x001099a0                FSUSER_CloseArchive
 .text.FSUSER_GetSdmcArchiveResource
                0x00109a2c       0x74 /opt/devkitpro/libctru/lib/libctru.a(fs.o)
                0x00109a2c                FSUSER_GetSdmcArchiveResource
 .text.FSUSER_IsSdmcWritable
                0x00109aa0       0x64 /opt/devkitpro/libctru/lib/libctru.a(fs.o)
                0x00109aa0                FSUSER_IsSdmcWritable
 .text.FSFILE_Read
                0x00109b04       0x58 /opt/devkitpro/libctru/lib/libctru.a(fs.o)
                0x00109b04                FSFILE_Read
 .text.FSFILE_Write
                0x00109b5c       0x60 /opt/devkitpro/libctru/lib/libctru.a(fs.o)
                0x00109b5c                FSFILE_Write
 .text.FSFILE_GetSize
                0x00109bbc       0x38 /opt/devkitpro/libctru/lib/libctru.a(fs.o)
                0x00109bbc                FSFILE_GetSize
 .text.FSFILE_SetSize
                0x00109bf4       0x28 /opt/devkitpro/libctru/lib/libctru.a(fs.o)
                0x00109bf4                FSFILE_SetSize
 .text.FSFILE_Close
                0x00109c1c       0x3c /opt/devkitpro/libctru/lib/libctru.a(fs.o)
                0x00109c1c                FSFILE_Close
 .text.FSFILE_Flush
                0x00109c58       0x24 /opt/devkitpro/libctru/lib/libctru.a(fs.o)
                0x00109c58                FSFILE_Flush
 .text.FSDIR_Read
                0x00109c7c       0x50 /opt/devkitpro/libctru/lib/libctru.a(fs.o)
                0x00109c7c                FSDIR_Read
 .text.FSDIR_Close
                0x00109ccc       0x3c /opt/devkitpro/libctru/lib/libctru.a(fs.o)
                0x00109ccc                FSDIR_Close
 .text.rbtree_node_next
                0x00109d08       0x5c /opt/devkitpro/libctru/lib/libctru.a(rbtree_iterator.o)
                0x00109d08                rbtree_node_next
 .text.decode_utf8
                0x00109d64      0x13c /opt/devkitpro/libctru/lib/libctru.a(decode_utf8.o)
                0x00109d64                decode_utf8
 .text.utf16_to_utf8
                0x00109ea0       0xe8 /opt/devkitpro/libctru/lib/libctru.a(utf16_to_utf8.o)
                0x00109ea0                utf16_to_utf8
 .text.utf8_to_utf16
                0x00109f88       0xc0 /opt/devkitpro/libctru/lib/libctru.a(utf8_to_utf16.o)
                0x00109f88                utf8_to_utf16
 .text.__aeabi_read_tp
                0x0010a048        0xc /opt/devkitpro/libctru/lib/libctru.a(readtp.o)
                0x0010a048                __aeabi_read_tp
 .text.decode_utf16
                0x0010a054       0x64 /opt/devkitpro/libctru/lib/libctru.a(decode_utf16.o)
                0x0010a054                decode_utf16
 .text.encode_utf16
                0x0010a0b8       0x54 /opt/devkitpro/libctru/lib/libctru.a(encode_utf16.o)
                0x0010a0b8                encode_utf16
 .text.encode_utf8
                0x0010a10c       0xe0 /opt/devkitpro/libctru/lib/libctru.a(encode_utf8.o)
                0x0010a10c                encode_utf8
 .text.strncmp  0x0010a1ec       0xd8 /opt/devkitpro/devkitARM/bin/../lib/gcc/arm-none-eabi/14.2.0/../../../../arm-none-eabi/lib/armv6k/fpu/libg.a(libc_a-strncmp.o)
                0x0010a1ec                strncmp
 .text.strlen   0x0010a2c4       0x5c /opt/devkitpro/devkitARM/bin/../lib/gcc/arm-none-eabi/14.2.0/../../../../arm-none-eabi/lib/armv6k/fpu/libg.a(libc_a-strlen-stub.o)
                0x0010a2c4                strlen
 .text._strtoul_l.isra.0
                0x0010a320      0x1e4 /opt/devkitpro/devkitARM/bin/../lib/gcc/arm-none-eabi/14.2.0/../../../../arm-none-eabi/lib/armv6k/fpu/libg.a(libc_a-strtoul.o)
 .text.strtoul  0x0010a504       0x34 /opt/devkitpro/devkitARM/bin/../lib/gcc/arm-none-eabi/14.2.0/../../../../arm-none-eabi/lib/armv6k/fpu/libg.a(libc_a-strtoul.o)
                0x0010a504                strtoul
 .text.strncat  0x0010a538       0xe4 /opt/devkitpro/devkitARM/bin/../lib/gcc/arm-none-eabi/14.2.0/../../../../arm-none-eabi/lib/armv6k/fpu/libg.a(libc_a-strncat.o)
                0x0010a538                strncat
 .text.bsearch  0x0010a61c       0x78 /opt/devkitpro/devkitARM/bin/../lib/gcc/arm-none-eabi/14.2.0/../../../../arm-none-eabi/lib/armv6k/fpu/libg.a(libc_a-bsearch.o)
                0x0010a61c                bsearch
 .text.memalign
                0x0010a694       0x20 /opt/devkitpro/devkitARM/bin/../lib/gcc/arm-none-eabi/14.2.0/../../../../arm-none-eabi/lib/armv6k/fpu/libg.a(libc_a-malign.o)
                0x0010a694                memalign
 .text.stdio_exit_handler
                0x0010a6b4       0x1c /opt/devkitpro/devkitARM/bin/../lib/gcc/arm-none-eabi/14.2.0/../../../../arm-none-eabi/lib/armv6k/fpu/libg.a(libc_a-findfp.o)
 .text.cleanup_stdio
                0x0010a6d0       0x5c /opt/devkitpro/devkitARM/bin/../lib/gcc/arm-none-eabi/14.2.0/../../../../arm-none-eabi/lib/armv6k/fpu/libg.a(libc_a-findfp.o)
 .text.global_stdio_init.part.0
                0x0010a72c      0x154 /opt/devkitpro/devkitARM/bin/../lib/gcc/arm-none-eabi/14.2.0/../../../../arm-none-eabi/lib/armv6k/fpu/libg.a(libc_a-findfp.o)
 .text.__sinit  0x0010a880       0x5c /opt/devkitpro/devkitARM/bin/../lib/gcc/arm-none-eabi/14.2.0/../../../../arm-none-eabi/lib/armv6k/fpu/libg.a(libc_a-findfp.o)
                0x0010a880                __sinit
 .text.__sfp_lock_acquire
                0x0010a8dc        0xc /opt/devkitpro/devkitARM/bin/../lib/gcc/arm-none-eabi/14.2.0/../../../../arm-none-eabi/lib/armv6k/fpu/libg.a(libc_a-findfp.o)
                0x0010a8dc                __sfp_lock_acquire
 .text.__sfp_lock_release
                0x0010a8e8        0xc /opt/devkitpro/devkitARM/bin/../lib/gcc/arm-none-eabi/14.2.0/../../../../arm-none-eabi/lib/armv6k/fpu/libg.a(libc_a-findfp.o)
                0x0010a8e8                __sfp_lock_release
 .text._malloc_r
                0x0010a8f4      0x7e8 /opt/devkitpro/devkitARM/bin/../lib/gcc/arm-none-eabi/14.2.0/../../../../arm-none-eabi/lib/armv6k/fpu/libg.a(libc_a-mallocr.o)
                0x0010a8f4                _malloc_r
 .text._malloc_trim_r
                0x0010b0dc       0xf8 /opt/devkitpro/devkitARM/bin/../lib/gcc/arm-none-eabi/14.2.0/../../../../arm-none-eabi/lib/armv6k/fpu/libg.a(libc_a-freer.o)
                0x0010b0dc                _malloc_trim_r
 .text._free_r  0x0010b1d4      0x300 /opt/devkitpro/devkitARM/bin/../lib/gcc/arm-none-eabi/14.2.0/../../../../arm-none-eabi/lib/armv6k/fpu/libg.a(libc_a-freer.o)
                0x0010b1d4                _free_r
 .text.setvbuf  0x0010b4d4      0x294 /opt/devkitpro/devkitARM/bin/../lib/gcc/arm-none-eabi/14.2.0/../../../../arm-none-eabi/lib/armv6k/fpu/libg.a(libc_a-setvbuf.o)
                0x0010b4d4                setvbuf
 .text.strnlen  0x0010b768       0x4c /opt/devkitpro/devkitARM/bin/../lib/gcc/arm-none-eabi/14.2.0/../../../../arm-none-eabi/lib/armv6k/fpu/libg.a(libc_a-strnlen.o)
                0x0010b768                strnlen
 .text.__errno  0x0010b7b4        0xc /opt/devkitpro/devkitARM/bin/../lib/gcc/arm-none-eabi/14.2.0/../../../../arm-none-eabi/lib/armv6k/fpu/libg.a(libc_a-errno.o)
                0x0010b7b4                __errno
 .text.malloc   0x0010b7c0       0x34 /opt/devkitpro/devkitARM/bin/../lib/gcc/arm-none-eabi/14.2.0/../../../../arm-none-eabi/lib/armv6k/fpu/libg.a(libc_a-malloc.o)
                0x0010b7c0                malloc
 .text.free     0x0010b7f4       0x18 /opt/devkitpro/devkitARM/bin/../lib/gcc/arm-none-eabi/14.2.0/../../../../arm-none-eabi/lib/armv6k/fpu/libg.a(libc_a-malloc.o)
                0x0010b7f4                free
 .text.memcpy   0x0010b80c      0x130 /opt/devkitpro/devkitARM/bin/../lib/gcc/arm-none-eabi/14.2.0/../../../../arm-none-eabi/lib/armv6k/fpu/libg.a(libc_a-memcpy-stub.o)
                0x0010b80c                memcpy
 .text._puts_r  0x0010b93c       0xe0 /opt/devkitpro/devkitARM/bin/../lib/gcc/arm-none-eabi/14.2.0/../../../../arm-none-eabi/lib/armv6k/fpu/libg.a(libc_a-puts.o)
                0x0010b93c                _puts_r
 .text.puts     0x0010ba1c       0x18 /opt/devkitpro/devkitARM/bin/../lib/gcc/arm-none-eabi/14.2.0/../../../../arm-none-eabi/lib/armv6k/fpu/libg.a(libc_a-puts.o)
                0x0010ba1c                puts
 .text.memset   0x0010ba34       0xe8 /opt/devkitpro/devkitARM/bin/../lib/gcc/arm-none-eabi/14.2.0/../../../../arm-none-eabi/lib/armv6k/fpu/libg.a(libc_a-memset.o)
                0x0010ba34                memset
 .text._fwalk_sglue
                0x0010bb1c       0x70 /opt/devkitpro/devkitARM/bin/../lib/gcc/arm-none-eabi/14.2.0/../../../../arm-none-eabi/lib/armv6k/fpu/libg.a(libc_a-fwalk.o)
                0x0010bb1c                _fwalk_sglue
 .text.__malloc_lock
                0x0010bb8c        0xc /opt/devkitpro/devkitARM/bin/../lib/gcc/arm-none-eabi/14.2.0/../../../../arm-none-eabi/lib/armv6k/fpu/libg.a(libc_a-mlock.o)
                0x0010bb8c                __malloc_lock
 .text.__malloc_unlock
                0x0010bb98        0xc /opt/devkitpro/devkitARM/bin/../lib/gcc/arm-none-eabi/14.2.0/../../../../arm-none-eabi/lib/armv6k/fpu/libg.a(libc_a-mlock.o)
                0x0010bb98                __malloc_unlock
 .text.__call_exitprocs
                0x0010bba4        0x4 /opt/devkitpro/devkitARM/bin/../lib/gcc/arm-none-eabi/14.2.0/../../../../arm-none-eabi/lib/armv6k/fpu/libg.a(libc_a-exit.o)
                0x0010bba4                __call_exitprocs
 .text.exit     0x0010bba8       0x30 /opt/devkitpro/devkitARM/bin/../lib/gcc/arm-none-eabi/14.2.0/../../../../arm-none-eabi/lib/armv6k/fpu/libg.a(libc_a-exit.o)
                0x0010bba8                exit
 .text.strncpy  0x0010bbd8       0xc4 /opt/devkitpro/devkitARM/bin/../lib/gcc/arm-none-eabi/14.2.0/../../../../arm-none-eabi/lib/armv6k/fpu/libg.a(libc_a-strncpy.o)
                0x0010bbd8                strncpy
 .text.__libc_init_array
                0x0010bc9c       0x84 /opt/devkitpro/devkitARM/bin/../lib/gcc/arm-none-eabi/14.2.0/../../../../arm-none-eabi/lib/armv6k/fpu/libg.a(libc_a-init.o)
                0x0010bc9c                __libc_init_array
 .text.__sflush_r
                0x0010bd20      0x228 /opt/devkitpro/devkitARM/bin/../lib/gcc/arm-none-eabi/14.2.0/../../../../arm-none-eabi/lib/armv6k/fpu/libg.a(libc_a-fflush.o)
                0x0010bd20                __sflush_r
 .text._fflush_r
                0x0010bf48       0x94 /opt/devkitpro/devkitARM/bin/../lib/gcc/arm-none-eabi/14.2.0/../../../../arm-none-eabi/lib/armv6k/fpu/libg.a(libc_a-fflush.o)
                0x0010bf48                _fflush_r
 .text.__sfvwrite_r
                0x0010bfdc      0x480 /opt/devkitpro/devkitARM/bin/../lib/gcc/arm-none-eabi/14.2.0/../../../../arm-none-eabi/lib/armv6k/fpu/libg.a(libc_a-fvwrite.o)
                0x0010bfdc                __sfvwrite_r
 .text._memalign_r
                0x0010c45c      0x150 /opt/devkitpro/devkitARM/bin/../lib/gcc/arm-none-eabi/14.2.0/../../../../arm-none-eabi/lib/armv6k/fpu/libg.a(libc_a-malignr.o)
                0x0010c45c                _memalign_r
 .text.memchr   0x0010c5ac       0xe0 /opt/devkitpro/devkitARM/bin/../lib/gcc/arm-none-eabi/14.2.0/../../../../arm-none-eabi/lib/armv6k/fpu/libg.a(libc_a-memchr-stub.o)
                0x0010c5ac                memchr
 .text.__libc_fini_array
                0x0010c68c       0x3c /opt/devkitpro/devkitARM/bin/../lib/gcc/arm-none-eabi/14.2.0/../../../../arm-none-eabi/lib/armv6k/fpu/libg.a(libc_a-fini.o)
                0x0010c68c                __libc_fini_array
 .text.__sread  0x0010c6c8       0x44 /opt/devkitpro/devkitARM/bin/../lib/gcc/arm-none-eabi/14.2.0/../../../../arm-none-eabi/lib/armv6k/fpu/libg.a(libc_a-stdio.o)
                0x0010c6c8                __sread
 .text.__swrite
                0x0010c70c       0x68 /opt/devkitpro/devkitARM/bin/../lib/gcc/arm-none-eabi/14.2.0/../../../../arm-none-eabi/lib/armv6k/fpu/libg.a(libc_a-stdio.o)
                0x0010c70c                __swrite
 .text.__sseek  0x0010c774       0x40 /opt/devkitpro/devkitARM/bin/../lib/gcc/arm-none-eabi/14.2.0/../../../../arm-none-eabi/lib/armv6k/fpu/libg.a(libc_a-stdio.o)
                0x0010c774                __sseek
 .text.__sclose
                0x0010c7b4        0x8 /opt/devkitpro/devkitARM/bin/../lib/gcc/arm-none-eabi/14.2.0/../../../../arm-none-eabi/lib/armv6k/fpu/libg.a(libc_a-stdio.o)
                0x0010c7b4                __sclose
 .text._fclose_r
                0x0010c7bc      0x148 /opt/devkitpro/devkitARM/bin/../lib/gcc/arm-none-eabi/14.2.0/../../../../arm-none-eabi/lib/armv6k/fpu/libg.a(libc_a-fclose.o)
                0x0010c7bc                _fclose_r
 .text.__smakebuf_r
                0x0010c904      0x144 /opt/devkitpro/devkitARM/bin/../lib/gcc/arm-none-eabi/14.2.0/../../../../arm-none-eabi/lib/armv6k/fpu/libg.a(libc_a-makebuf.o)
                0x0010c904                __smakebuf_r
 .text.__swhatbuf_r
                0x0010ca48       0x8c /opt/devkitpro/devkitARM/bin/../lib/gcc/arm-none-eabi/14.2.0/../../../../arm-none-eabi/lib/armv6k/fpu/libg.a(libc_a-makebuf.o)
                0x0010ca48                __swhatbuf_r
 .text._realloc_r
                0x0010cad4      0x4a4 /opt/devkitpro/devkitARM/bin/../lib/gcc/arm-none-eabi/14.2.0/../../../../arm-none-eabi/lib/armv6k/fpu/libg.a(libc_a-reallocr.o)
                0x0010cad4                _realloc_r
 .text.__swsetup_r
                0x0010cf78      0x194 /opt/devkitpro/devkitARM/bin/../lib/gcc/arm-none-eabi/14.2.0/../../../../arm-none-eabi/lib/armv6k/fpu/libg.a(libc_a-wsetup.o)
                0x0010cf78                __swsetup_r
 .text.memmove  0x0010d10c      0x160 /opt/devkitpro/devkitARM/bin/../lib/gcc/arm-none-eabi/14.2.0/../../../../arm-none-eabi/lib/armv6k/fpu/libg.a(libc_a-memmove.o)
                0x0010d10c                memmove
 .text._exit    0x0010d26c       0x20 /opt/devkitpro/devkitARM/bin/../lib/gcc/arm-none-eabi/14.2.0/../../../../arm-none-eabi/lib/armv6k/fpu/libsysbase.a(libsysbase_libsysbase_a-_exit.o)
                0x0010d26c                _exit
 .text.chdir    0x0010d28c      0x13c /opt/devkitpro/devkitARM/bin/../lib/gcc/arm-none-eabi/14.2.0/../../../../arm-none-eabi/lib/armv6k/fpu/libsysbase.a(libsysbase_libsysbase_a-chdir.o)
                0x0010d28c                chdir
 .text._concatenate_path
                0x0010d3c8      0x1cc /opt/devkitpro/devkitARM/bin/../lib/gcc/arm-none-eabi/14.2.0/../../../../arm-none-eabi/lib/armv6k/fpu/libsysbase.a(libsysbase_libsysbase_a-concatenate.o)
                0x0010d3c8                _concatenate_path
 .text._fstat_r
                0x0010d594       0x88 /opt/devkitpro/devkitARM/bin/../lib/gcc/arm-none-eabi/14.2.0/../../../../arm-none-eabi/lib/armv6k/fpu/libsysbase.a(libsysbase_libsysbase_a-fstat.o)
                0x0010d594                _fstat_r
 .text.__getreent
                0x0010d61c       0x2c /opt/devkitpro/devkitARM/bin/../lib/gcc/arm-none-eabi/14.2.0/../../../../arm-none-eabi/lib/armv6k/fpu/libsysbase.a(libsysbase_libsysbase_a-getreent.o)
                0x0010d61c                __getreent
 .text.__get_handle
                0x0010d648       0x3c /opt/devkitpro/devkitARM/bin/../lib/gcc/arm-none-eabi/14.2.0/../../../../arm-none-eabi/lib/armv6k/fpu/libsysbase.a(libsysbase_libsysbase_a-handle_manager.o)
                0x0010d648                __get_handle
 .text._close_r
                0x0010d684       0xf4 /opt/devkitpro/devkitARM/bin/../lib/gcc/arm-none-eabi/14.2.0/../../../../arm-none-eabi/lib/armv6k/fpu/libsysbase.a(libsysbase_libsysbase_a-handle_manager.o)
                0x0010d684                _close_r
 .text.null_write
                0x0010d778        0x8 /opt/devkitpro/devkitARM/bin/../lib/gcc/arm-none-eabi/14.2.0/../../../../arm-none-eabi/lib/armv6k/fpu/libsysbase.a(libsysbase_libsysbase_a-iosupport.o)
 .text.setDefaultDevice
                0x0010d780       0x18 /opt/devkitpro/devkitARM/bin/../lib/gcc/arm-none-eabi/14.2.0/../../../../arm-none-eabi/lib/armv6k/fpu/libsysbase.a(libsysbase_libsysbase_a-iosupport.o)
                0x0010d780                setDefaultDevice
 .text.FindDevice
                0x0010d798       0xc8 /opt/devkitpro/devkitARM/bin/../lib/gcc/arm-none-eabi/14.2.0/../../../../arm-none-eabi/lib/armv6k/fpu/libsysbase.a(libsysbase_libsysbase_a-iosupport.o)
                0x0010d798                FindDevice
 .text.RemoveDevice
                0x0010d860       0x28 /opt/devkitpro/devkitARM/bin/../lib/gcc/arm-none-eabi/14.2.0/../../../../arm-none-eabi/lib/armv6k/fpu/libsysbase.a(libsysbase_libsysbase_a-iosupport.o)
                0x0010d860                RemoveDevice
 .text.AddDevice
                0x0010d888       0x98 /opt/devkitpro/devkitARM/bin/../lib/gcc/arm-none-eabi/14.2.0/../../../../arm-none-eabi/lib/armv6k/fpu/libsysbase.a(libsysbase_libsysbase_a-iosupport.o)
                0x0010d888                AddDevice
 .text.GetDeviceOpTab
                0x0010d920       0x20 /opt/devkitpro/devkitARM/bin/../lib/gcc/arm-none-eabi/14.2.0/../../../../arm-none-eabi/lib/armv6k/fpu/libsysbase.a(libsysbase_libsysbase_a-iosupport.o)
                0x0010d920                GetDeviceOpTab
 .text._isatty_r
                0x0010d940        0x8 /opt/devkitpro/devkitARM/bin/../lib/gcc/arm-none-eabi/14.2.0/../../../../arm-none-eabi/lib/armv6k/fpu/libsysbase.a(libsysbase_libsysbase_a-isatty.o)
                0x0010d940                _isatty_r
 .text._lseek_r
                0x0010d948       0x8c /opt/devkitpro/devkitARM/bin/../lib/gcc/arm-none-eabi/14.2.0/../../../../arm-none-eabi/lib/armv6k/fpu/libsysbase.a(libsysbase_libsysbase_a-lseek.o)
                0x0010d948                _lseek_r
 .text._read_r  0x0010d9d4       0x88 /opt/devkitpro/devkitARM/bin/../lib/gcc/arm-none-eabi/14.2.0/../../../../arm-none-eabi/lib/armv6k/fpu/libsysbase.a(libsysbase_libsysbase_a-read.o)
                0x0010d9d4                _read_r
 .text._sbrk_r  0x0010da5c       0x78 /opt/devkitpro/devkitARM/bin/../lib/gcc/arm-none-eabi/14.2.0/../../../../arm-none-eabi/lib/armv6k/fpu/libsysbase.a(libsysbase_libsysbase_a-sbrk.o)
                0x0010da5c                _sbrk_r
 .text.__libc_lock_acquire
                0x0010dad4       0x1c /opt/devkitpro/devkitARM/bin/../lib/gcc/arm-none-eabi/14.2.0/../../../../arm-none-eabi/lib/armv6k/fpu/libsysbase.a(libsysbase_libsysbase_a-syscall_support.o)
                0x0010dad4                __libc_lock_acquire
 .text.__libc_lock_release
                0x0010daf0       0x1c /opt/devkitpro/devkitARM/bin/../lib/gcc/arm-none-eabi/14.2.0/../../../../arm-none-eabi/lib/armv6k/fpu/libsysbase.a(libsysbase_libsysbase_a-syscall_support.o)
                0x0010daf0                __libc_lock_release
 .text.__libc_lock_acquire_recursive
                0x0010db0c       0x1c /opt/devkitpro/devkitARM/bin/../lib/gcc/arm-none-eabi/14.2.0/../../../../arm-none-eabi/lib/armv6k/fpu/libsysbase.a(libsysbase_libsysbase_a-syscall_support.o)
                0x0010db0c                __libc_lock_acquire_recursive
 .text.__libc_lock_release_recursive
                0x0010db28       0x1c /opt/devkitpro/devkitARM/bin/../lib/gcc/arm-none-eabi/14.2.0/../../../../arm-none-eabi/lib/armv6k/fpu/libsysbase.a(libsysbase_libsysbase_a-syscall_support.o)
                0x0010db28                __libc_lock_release_recursive
 .text._write_r
                0x0010db44       0x88 /opt/devkitpro/devkitARM/bin/../lib/gcc/arm-none-eabi/14.2.0/../../../../arm-none-eabi/lib/armv6k/fpu/libsysbase.a(libsysbase_libsysbase_a-write.o)
                0x0010db44                _write_r
 .text.strchr   0x0010dbcc      0x130 /opt/devkitpro/devkitARM/bin/../lib/gcc/arm-none-eabi/14.2.0/../../../../arm-none-eabi/lib/armv6k/fpu/libg.a(libc_a-strchr.o)
                0x0010dbcc                strchr
 .text.strrchr  0x0010dcfc       0x48 /opt/devkitpro/devkitARM/bin/../lib/gcc/arm-none-eabi/14.2.0/../../../../arm-none-eabi/lib/armv6k/fpu/libg.a(libc_a-strrchr.o)
                0x0010dcfc                strrchr
 *(.glue_7)
 .glue_7        0x0010dd44        0x0 linker stubs
 *(.glue_7t)
 .glue_7t       0x0010dd44        0x0 linker stubs
 *(.stub)
 *(.gnu.warning)
 *(.gnu.linkonce.t*)
                0x0010dd44                        . = ALIGN (0x4)
 *(.fini)
 .fini          0x0010dd44        0xc /opt/devkitpro/devkitARM/bin/../lib/gcc/arm-none-eabi/14.2.0/armv6k/fpu/crti.o
                0x0010dd44                _fini
 .fini          0x0010dd50        0xc /opt/devkitpro/devkitARM/bin/../lib/gcc/arm-none-eabi/14.2.0/armv6k/fpu/crtn.o
                0x0010dd5c                        . = ALIGN (0x4)

.vfp11_veneer   0x0010dd5c        0x0
 .vfp11_veneer  0x0010dd5c        0x0 linker stubs

.v4_bx          0x0010dd5c        0x0
 .v4_bx         0x0010dd5c        0x0 linker stubs

.iplt           0x0010dd5c        0x0
 .iplt          0x0010dd5c        0x0 /opt/devkitpro/devkitARM/bin/../lib/gcc/arm-none-eabi/14.2.0/../../../../arm-none-eabi/lib/armv6k/fpu/3dsx_crt0.o
                0x0010e000                        . = ALIGN (0x1000)

.rodata         0x0010e000      0xcb0
 *(.rodata)
 .rodata        0x0010e000        0xc /opt/devkitpro/libctru/lib/libctru.a(archive_dev.o)
 *(.roda)
 *(.rodata.*)
 .rodata.str1.4
                0x0010e00c       0xae main.o
                                  0xe (size before relaxing)
 .rodata.consoleHandleColorEsc
                0x0010e0ba       0x6c /opt/devkitpro/libctru/lib/libctru.a(console.o)
 .rodata.consolePrintChar
                0x0010e126        0x6 /opt/devkitpro/libctru/lib/libctru.a(console.o)
 .rodata.con_write
                0x0010e12c       0x46 /opt/devkitpro/libctru/lib/libctru.a(console.o)
 .rodata.str1.4
                0x0010e172       0x10 /opt/devkitpro/libctru/lib/libctru.a(console.o)
 *fill*         0x0010e172        0x2 
 .rodata.dotab_stdout
                0x0010e174       0x80 /opt/devkitpro/libctru/lib/libctru.a(console.o)
 .rodata.grayScale
                0x0010e1f4       0x18 /opt/devkitpro/libctru/lib/libctru.a(console.o)
 .rodata.colorCube
                0x0010e20c        0x6 /opt/devkitpro/libctru/lib/libctru.a(console.o)
 *fill*         0x0010e212        0x2 
 .rodata.colorTable
                0x0010e214       0x30 /opt/devkitpro/libctru/lib/libctru.a(console.o)
 .rodata.aptSendCommand.str1.4
                0x0010e244       0x16 /opt/devkitpro/libctru/lib/libctru.a(apt.o)
 .rodata.aptEventHandler
                0x0010e244        0xb /opt/devkitpro/libctru/lib/libctru.a(apt.o)
 .rodata.aptWaitForWakeUp.isra.0
                0x0010e24f       0x11 /opt/devkitpro/libctru/lib/libctru.a(apt.o)
 .rodata.morton_y.2
                0x0010e260        0x8 /opt/devkitpro/libctru/lib/libctru.a(apt.o)
 .rodata.morton_x.3
                0x0010e268        0x8 /opt/devkitpro/libctru/lib/libctru.a(apt.o)
 .rodata.s_sleepWakeEvents.4
                0x0010e270        0x8 /opt/devkitpro/libctru/lib/libctru.a(apt.o)
 .rodata.gspInit.str1.4
                0x0010e278        0x9 /opt/devkitpro/libctru/lib/libctru.a(gspgpu.o)
 .rodata.hidInit.str1.4
                0x0010e278       0x15 /opt/devkitpro/libctru/lib/libctru.a(hid.o)
 .rodata.irrstInit.str1.4
                0x0010e278        0x7 /opt/devkitpro/libctru/lib/libctru.a(irrst.o)
 .rodata.__system_initArgv.str1.4
                0x0010e278        0xa /opt/devkitpro/libctru/lib/libctru.a(initArgv.o)
 .rodata.default_font_bin
                0x0010e278      0x800 /opt/devkitpro/libctru/lib/libctru.a(default_font.bin.o)
                0x0010e278                default_font_bin
                0x0010ea78                default_font_bin_end
 .rodata.srvInit.str1.4
                0x0010ea78        0x5 /opt/devkitpro/libctru/lib/libctru.a(srv.o)
 .rodata.ptmSysmInit.str1.4
                0x0010ea78        0x9 /opt/devkitpro/libctru/lib/libctru.a(ptmsysm.o)
 .rodata.archive_utf16path.str1.4
                0x0010ea78        0x2 /opt/devkitpro/libctru/lib/libctru.a(archive_dev.o)
 .rodata._archiveUnmountDeviceStruct.part.0.str1.4
                0x0010ea78        0x2 /opt/devkitpro/libctru/lib/libctru.a(archive_dev.o)
 .rodata._archiveMountDevice.str1.4
                0x0010ea78        0xc /opt/devkitpro/libctru/lib/libctru.a(archive_dev.o)
 .rodata.archiveMountSdmc.str1.4
                0x0010ea78        0x5 /opt/devkitpro/libctru/lib/libctru.a(archive_dev.o)
 .rodata.error_table
                0x0010ea78       0x30 /opt/devkitpro/libctru/lib/libctru.a(archive_dev.o)
 .rodata.str1.4
                0x0010eaa8        0x8 /opt/devkitpro/libctru/lib/libctru.a(archive_dev.o)
 .rodata.archive_devoptab
                0x0010eaa8       0x80 /opt/devkitpro/libctru/lib/libctru.a(archive_dev.o)
 .rodata.fsInit.str1.4
                0x0010eb28        0x8 /opt/devkitpro/libctru/lib/libctru.a(fs.o)
 .rodata._ctype_
                0x0010eb28      0x101 /opt/devkitpro/devkitARM/bin/../lib/gcc/arm-none-eabi/14.2.0/../../../../arm-none-eabi/lib/armv6k/fpu/libg.a(libc_a-ctype_.o)
                0x0010eb28                _ctype_
 .rodata._puts_r.str1.4
                0x0010ec29        0x2 /opt/devkitpro/devkitARM/bin/../lib/gcc/arm-none-eabi/14.2.0/../../../../arm-none-eabi/lib/armv6k/fpu/libg.a(libc_a-puts.o)
 .rodata.AddDevice.str1.4
                0x0010ec29        0x8 /opt/devkitpro/devkitARM/bin/../lib/gcc/arm-none-eabi/14.2.0/../../../../arm-none-eabi/lib/armv6k/fpu/libsysbase.a(libsysbase_libsysbase_a-iosupport.o)
 *fill*         0x0010ec29        0x3 
 .rodata.dotab_stdnull
                0x0010ec2c       0x80 /opt/devkitpro/devkitARM/bin/../lib/gcc/arm-none-eabi/14.2.0/../../../../arm-none-eabi/lib/armv6k/fpu/libsysbase.a(libsysbase_libsysbase_a-iosupport.o)
                0x0010ec2c                dotab_stdnull
 *all.rodata*(*)
 *(.gnu.linkonce.r*)
                0x0010ecac                        . = ALIGN (0x4)
                0x0010ecac                        __tdata_align = .
                0x0010ecac        0x4 LONG 0x4 ALIGNOF (.tdata)
                0x0010ecb0                        . = ALIGN (0x4)

.eh_frame       0x0010ecb0        0x0
 .eh_frame      0x0010ecb0        0x0 /opt/devkitpro/devkitARM/bin/../lib/gcc/arm-none-eabi/14.2.0/armv6k/fpu/crtbegin.o

.rel.dyn        0x0010ecb0        0x0
 .rel.iplt      0x0010ecb0        0x0 /opt/devkitpro/devkitARM/bin/../lib/gcc/arm-none-eabi/14.2.0/../../../../arm-none-eabi/lib/armv6k/fpu/3dsx_crt0.o
 .rel.got       0x0010ecb0        0x0 /opt/devkitpro/devkitARM/bin/../lib/gcc/arm-none-eabi/14.2.0/../../../../arm-none-eabi/lib/armv6k/fpu/3dsx_crt0.o

.ARM.extab
 *(.ARM.extab* .gnu.linkonce.armextab.*)
                0x0010ecb0                        __exidx_start = .

.ARM.exidx
 *(.ARM.exidx* .gnu.linkonce.armexidx.*)
                0x0010ecb0                        __exidx_end = .
                0x0010f000                        . = ALIGN (0x1000)

.data           0x0010f000     0x1a5c
 *(.data)
 *(.data.*)
 .data.firstConsoleInit.0
                0x0010f000        0x1 /opt/devkitpro/libctru/lib/libctru.a(console.o)
 *fill*         0x0010f001        0x3 
 .data.currentConsole
                0x0010f004        0x4 /opt/devkitpro/libctru/lib/libctru.a(console.o)
                0x0010f004                currentConsole
 .data.defaultConsole
                0x0010f008       0x48 /opt/devkitpro/libctru/lib/libctru.a(console.o)
                0x0010f008                defaultConsole
 .data.aptChainloadDeliverArgSize
                0x0010f050        0x4 /opt/devkitpro/libctru/lib/libctru.a(apt.o)
 .data.kCount   0x0010f054        0x4 /opt/devkitpro/libctru/lib/libctru.a(hid.o)
 .data.kInterval
                0x0010f058        0x4 /opt/devkitpro/libctru/lib/libctru.a(hid.o)
 .data.kDelay   0x0010f05c        0x4 /opt/devkitpro/libctru/lib/libctru.a(hid.o)
 .data.__stacksize__
                0x0010f060        0x4 /opt/devkitpro/libctru/lib/libctru.a(stack_adjust.o)
                0x0010f060                __stacksize__
 .data._impure_ptr
                0x0010f064        0x4 /opt/devkitpro/devkitARM/bin/../lib/gcc/arm-none-eabi/14.2.0/../../../../arm-none-eabi/lib/armv6k/fpu/libg.a(libc_a-impure.o)
                0x0010f064                _impure_ptr
 .data._impure_data
                0x0010f068      0x120 /opt/devkitpro/devkitARM/bin/../lib/gcc/arm-none-eabi/14.2.0/../../../../arm-none-eabi/lib/armv6k/fpu/libg.a(libc_a-impure.o)
                0x0010f068                _impure_data
 .data.__sglue  0x0010f188        0xc /opt/devkitpro/devkitARM/bin/../lib/gcc/arm-none-eabi/14.2.0/../../../../arm-none-eabi/lib/armv6k/fpu/libg.a(libc_a-findfp.o)
                0x0010f188                __sglue
 .data.__malloc_sbrk_base
                0x0010f194        0x4 /opt/devkitpro/devkitARM/bin/../lib/gcc/arm-none-eabi/14.2.0/../../../../arm-none-eabi/lib/armv6k/fpu/libg.a(libc_a-mallocr.o)
                0x0010f194                __malloc_sbrk_base
 .data.__malloc_trim_threshold
                0x0010f198        0x4 /opt/devkitpro/devkitARM/bin/../lib/gcc/arm-none-eabi/14.2.0/../../../../arm-none-eabi/lib/armv6k/fpu/libg.a(libc_a-mallocr.o)
                0x0010f198                __malloc_trim_threshold
 *fill*         0x0010f19c        0x4 
 .data.__malloc_av_
                0x0010f1a0      0x408 /opt/devkitpro/devkitARM/bin/../lib/gcc/arm-none-eabi/14.2.0/../../../../arm-none-eabi/lib/armv6k/fpu/libg.a(libc_a-mallocr.o)
                0x0010f1a0                __malloc_av_
 .data._current_working_directory
                0x0010f5a8      0x400 /opt/devkitpro/devkitARM/bin/../lib/gcc/arm-none-eabi/14.2.0/../../../../arm-none-eabi/lib/armv6k/fpu/libsysbase.a(libsysbase_libsysbase_a-chdir.o)
 .data.handles  0x0010f9a8     0x1000 /opt/devkitpro/devkitARM/bin/../lib/gcc/arm-none-eabi/14.2.0/../../../../arm-none-eabi/lib/armv6k/fpu/libsysbase.a(libsysbase_libsysbase_a-handle_manager.o)
 .data.__stderr_handle
                0x001109a8        0xc /opt/devkitpro/devkitARM/bin/../lib/gcc/arm-none-eabi/14.2.0/../../../../arm-none-eabi/lib/armv6k/fpu/libsysbase.a(libsysbase_libsysbase_a-handle_manager.o)
 .data.__stdout_handle
                0x001109b4        0xc /opt/devkitpro/devkitARM/bin/../lib/gcc/arm-none-eabi/14.2.0/../../../../arm-none-eabi/lib/armv6k/fpu/libsysbase.a(libsysbase_libsysbase_a-handle_manager.o)
 .data.__stdin_handle
                0x001109c0        0xc /opt/devkitpro/devkitARM/bin/../lib/gcc/arm-none-eabi/14.2.0/../../../../arm-none-eabi/lib/armv6k/fpu/libsysbase.a(libsysbase_libsysbase_a-handle_manager.o)
 .data.devoptab_list
                0x001109cc       0x8c /opt/devkitpro/devkitARM/bin/../lib/gcc/arm-none-eabi/14.2.0/../../../../arm-none-eabi/lib/armv6k/fpu/libsysbase.a(libsysbase_libsysbase_a-iosupport.o)
                0x001109cc                devoptab_list
 .data.defaultDevice
                0x00110a58        0x4 /opt/devkitpro/devkitARM/bin/../lib/gcc/arm-none-eabi/14.2.0/../../../../arm-none-eabi/lib/armv6k/fpu/libsysbase.a(libsysbase_libsysbase_a-iosupport.o)
 *(.gnu.linkonce.d*)
                0x00110a5c                        . = ALIGN (0x4)

.igot.plt       0x00110a5c        0x0
 .igot.plt      0x00110a5c        0x0 /opt/devkitpro/devkitARM/bin/../lib/gcc/arm-none-eabi/14.2.0/../../../../arm-none-eabi/lib/armv6k/fpu/3dsx_crt0.o

.got            0x00110a5c        0x8
 .got           0x00110a5c        0x8 /opt/devkitpro/devkitARM/bin/../lib/gcc/arm-none-eabi/14.2.0/../../../../arm-none-eabi/lib/armv6k/fpu/3dsx_crt0.o

.got.plt        0x00110a64        0xc
 .got.plt       0x00110a64        0xc /opt/devkitpro/devkitARM/bin/../lib/gcc/arm-none-eabi/14.2.0/../../../../arm-none-eabi/lib/armv6k/fpu/3dsx_crt0.o
                0x00110a64                _GLOBAL_OFFSET_TABLE_

.tdata          0x00110a70        0x0
                0x00110a70                        __tdata_lma = .
 *(.tdata)
 *(.tdata.*)
 *(.gnu.linkonce.td.*)
                0x00110a70                        . = ALIGN (0x4)
                0x00110a70                        __tdata_lma_end = .

.tbss           0x00110a70      0xc08
 *(.tbss)
 *(.tbss.*)
 .tbss.__ctru_dev_utf16_buf
                0x00110a70      0x802 /opt/devkitpro/libctru/lib/libctru.a(path_buf.o)
                0x00110a70                __ctru_dev_utf16_buf
 *fill*         0x00111272        0x2 
 .tbss.__ctru_dev_path_buf
                0x00111274      0x401 /opt/devkitpro/libctru/lib/libctru.a(path_buf.o)
                0x00111274                __ctru_dev_path_buf
 *(.gnu.linkonce.tb.*)
 *(.tcommon)
                0x00111678                        . = ALIGN (0x4)
 *fill*         0x00111675        0x3 

.preinit_array  0x00110a70        0x0
                0x00110a70                        PROVIDE (__preinit_array_start = .)
 *(.preinit_array)
                0x00110a70                        PROVIDE (__preinit_array_end = .)

.init_array     0x00110a70        0x4
                0x00110a70                        PROVIDE (__init_array_start = .)
 *(SORT_BY_NAME(.init_array.*))
 *(.init_array)
 .init_array    0x00110a70        0x4 /opt/devkitpro/devkitARM/bin/../lib/gcc/arm-none-eabi/14.2.0/armv6k/fpu/crtbegin.o
                0x00110a74                        PROVIDE (__init_array_end = .)

.fini_array     0x00110a74        0x4
                0x00110a74                        PROVIDE (__fini_array_start = .)
 *(.fini_array)
 .fini_array    0x00110a74        0x4 /opt/devkitpro/devkitARM/bin/../lib/gcc/arm-none-eabi/14.2.0/armv6k/fpu/crtbegin.o
 *(SORT_BY_NAME(.fini_array.*))
                0x00110a78                        PROVIDE (__fini_array_end = .)

.ctors
 *crtbegin.o(.ctors)
 *(EXCLUDE_FILE(*crtend.o) .ctors)
 *(SORT_BY_NAME(.ctors.*))
 *(.ctors)

.dtors
 *crtbegin.o(.dtors)
 *(EXCLUDE_FILE(*crtend.o) .dtors)
 *(SORT_BY_NAME(.dtors.*))
 *(.dtors)
                0x00110a78                        __bss_start__ = .

.bss            0x00110a78     0x2de4
 *(.dynbss)
 *(.bss)
 *(.bss.*)
 .bss.completed.1
                0x00110a78        0x1 /opt/devkitpro/devkitARM/bin/../lib/gcc/arm-none-eabi/14.2.0/armv6k/fpu/crtbegin.o
 *fill*         0x00110a79        0x3 
 .bss.object.0  0x00110a7c       0x18 /opt/devkitpro/devkitARM/bin/../lib/gcc/arm-none-eabi/14.2.0/armv6k/fpu/crtbegin.o
 .bss.escapeSeq
                0x00110a94       0x1c /opt/devkitpro/libctru/lib/libctru.a(console.o)
 .bss.currentCopy
                0x00110ab0       0x48 /opt/devkitpro/libctru/lib/libctru.a(console.o)
                0x00110ab0                currentCopy
 .bss.screenAlloc
                0x00110af8        0x4 /opt/devkitpro/libctru/lib/libctru.a(gfx.o)
 .bss.screenFree
                0x00110afc        0x4 /opt/devkitpro/libctru/lib/libctru.a(gfx.o)
 .bss.gfxIsDoubleBuf
                0x00110b00        0x2 /opt/devkitpro/libctru/lib/libctru.a(gfx.o)
 *fill*         0x00110b02        0x2 
 .bss.gfxCurBuf
                0x00110b04        0x2 /opt/devkitpro/libctru/lib/libctru.a(gfx.o)
 .bss.gfxIsVram
                0x00110b06        0x1 /opt/devkitpro/libctru/lib/libctru.a(gfx.o)
 .bss.gfxTopMode
                0x00110b07        0x1 /opt/devkitpro/libctru/lib/libctru.a(gfx.o)
 .bss.gfxFramebufferFormats
                0x00110b08        0x2 /opt/devkitpro/libctru/lib/libctru.a(gfx.o)
 *fill*         0x00110b0a        0x2 
 .bss.gfxBottomFramebufferMaxSize
                0x00110b0c        0x4 /opt/devkitpro/libctru/lib/libctru.a(gfx.o)
 .bss.gfxTopFramebufferMaxSize
                0x00110b10        0x4 /opt/devkitpro/libctru/lib/libctru.a(gfx.o)
 *fill*         0x00110b14        0x4 
 .bss.gfxBottomFramebuffers
                0x00110b18        0x8 /opt/devkitpro/libctru/lib/libctru.a(gfx.o)
 .bss.gfxTopFramebuffers
                0x00110b20        0x8 /opt/devkitpro/libctru/lib/libctru.a(gfx.o)
 .bss.flagValue.0
                0x00110b28        0x1 /opt/devkitpro/libctru/lib/libctru.a(apt.o)
 .bss.flagInit.1
                0x00110b29        0x1 /opt/devkitpro/libctru/lib/libctru.a(apt.o)
 *fill*         0x00110b2a        0x2 
 .bss.serviceName.6
                0x00110b2c        0x4 /opt/devkitpro/libctru/lib/libctru.a(apt.o)
 .bss.aptChainloadFlags
                0x00110b30        0x1 /opt/devkitpro/libctru/lib/libctru.a(apt.o)
 .bss.aptChainloadMediatype
                0x00110b31        0x1 /opt/devkitpro/libctru/lib/libctru.a(apt.o)
 *fill*         0x00110b32        0x2 
 .bss.aptChainloadHmac
                0x00110b34       0x20 /opt/devkitpro/libctru/lib/libctru.a(apt.o)
 .bss.aptChainloadDeliverArg
                0x00110b54      0x300 /opt/devkitpro/libctru/lib/libctru.a(apt.o)
 *fill*         0x00110e54        0x4 
 .bss.aptChainloadTid
                0x00110e58        0x8 /opt/devkitpro/libctru/lib/libctru.a(apt.o)
 .bss.aptParameters
                0x00110e60     0x1000 /opt/devkitpro/libctru/lib/libctru.a(apt.o)
 .bss.aptFlags  0x00111e60        0x4 /opt/devkitpro/libctru/lib/libctru.a(apt.o)
 .bss.aptHomeButtonState
                0x00111e64        0x1 /opt/devkitpro/libctru/lib/libctru.a(apt.o)
 *fill*         0x00111e65        0x3 
 .bss.aptMessageFuncData
                0x00111e68        0x4 /opt/devkitpro/libctru/lib/libctru.a(apt.o)
 .bss.aptMessageFunc
                0x00111e6c        0x4 /opt/devkitpro/libctru/lib/libctru.a(apt.o)
 .bss.aptFirstHook
                0x00111e70        0xc /opt/devkitpro/libctru/lib/libctru.a(apt.o)
 .bss.aptEventHandlerThreadQuit
                0x00111e7c        0x1 /opt/devkitpro/libctru/lib/libctru.a(apt.o)
 *fill*         0x00111e7d        0x3 
 .bss.aptEventHandlerThread
                0x00111e80        0x4 /opt/devkitpro/libctru/lib/libctru.a(apt.o)
 .bss.aptSleepEvent
                0x00111e84        0x8 /opt/devkitpro/libctru/lib/libctru.a(apt.o)
 .bss.aptReceiveEvent
                0x00111e8c        0x8 /opt/devkitpro/libctru/lib/libctru.a(apt.o)
 .bss.aptEvents
                0x00111e94        0x8 /opt/devkitpro/libctru/lib/libctru.a(apt.o)
 .bss.aptLockHandle
                0x00111e9c        0x4 /opt/devkitpro/libctru/lib/libctru.a(apt.o)
 .bss.aptRefCount
                0x00111ea0        0x4 /opt/devkitpro/libctru/lib/libctru.a(apt.o)
 .bss.gspEventCbOneShot
                0x00111ea4        0x7 /opt/devkitpro/libctru/lib/libctru.a(gspgpu.o)
 *fill*         0x00111eab        0x1 
 .bss.gspEventCbData
                0x00111eac       0x1c /opt/devkitpro/libctru/lib/libctru.a(gspgpu.o)
 .bss.gspEventCb
                0x00111ec8       0x1c /opt/devkitpro/libctru/lib/libctru.a(gspgpu.o)
 .bss.gspEvents
                0x00111ee4       0x38 /opt/devkitpro/libctru/lib/libctru.a(gspgpu.o)
 .bss.gspLastEvent
                0x00111f1c        0x4 /opt/devkitpro/libctru/lib/libctru.a(gspgpu.o)
 .bss.gspRunEvents
                0x00111f20        0x1 /opt/devkitpro/libctru/lib/libctru.a(gspgpu.o)
 *fill*         0x00111f21        0x3 
 .bss.gspEventThread
                0x00111f24        0x4 /opt/devkitpro/libctru/lib/libctru.a(gspgpu.o)
 .bss.gspEvent  0x00111f28        0x4 /opt/devkitpro/libctru/lib/libctru.a(gspgpu.o)
 .bss.gspGpuRight
                0x00111f2c        0x1 /opt/devkitpro/libctru/lib/libctru.a(gspgpu.o)
 .bss.gspThreadId
                0x00111f2d        0x1 /opt/devkitpro/libctru/lib/libctru.a(gspgpu.o)
 *fill*         0x00111f2e        0x2 
 .bss.gspSharedMem
                0x00111f30        0x4 /opt/devkitpro/libctru/lib/libctru.a(gspgpu.o)
 .bss.gspSharedMemHandle
                0x00111f34        0x4 /opt/devkitpro/libctru/lib/libctru.a(gspgpu.o)
 .bss.gspRefCount
                0x00111f38        0x4 /opt/devkitpro/libctru/lib/libctru.a(gspgpu.o)
 .bss.gspGpuHandle
                0x00111f3c        0x4 /opt/devkitpro/libctru/lib/libctru.a(gspgpu.o)
 .bss.usingIrrst
                0x00111f40        0x1 /opt/devkitpro/libctru/lib/libctru.a(hid.o)
 *fill*         0x00111f41        0x3 
 .bss.hidRefCount
                0x00111f44        0x4 /opt/devkitpro/libctru/lib/libctru.a(hid.o)
 .bss.gRate     0x00111f48        0x6 /opt/devkitpro/libctru/lib/libctru.a(hid.o)
 *fill*         0x00111f4e        0x2 
 .bss.aVec      0x00111f50        0x6 /opt/devkitpro/libctru/lib/libctru.a(hid.o)
 *fill*         0x00111f56        0x2 
 .bss.cPos      0x00111f58        0x4 /opt/devkitpro/libctru/lib/libctru.a(hid.o)
 .bss.tPos      0x00111f5c        0x4 /opt/devkitpro/libctru/lib/libctru.a(hid.o)
 .bss.kRepeat   0x00111f60        0x4 /opt/devkitpro/libctru/lib/libctru.a(hid.o)
 .bss.kUp       0x00111f64        0x4 /opt/devkitpro/libctru/lib/libctru.a(hid.o)
 .bss.kDown     0x00111f68        0x4 /opt/devkitpro/libctru/lib/libctru.a(hid.o)
 .bss.kHeld     0x00111f6c        0x4 /opt/devkitpro/libctru/lib/libctru.a(hid.o)
 .bss.kOld      0x00111f70        0x4 /opt/devkitpro/libctru/lib/libctru.a(hid.o)
 .bss.hidSharedMem
                0x00111f74        0x4 /opt/devkitpro/libctru/lib/libctru.a(hid.o)
                0x00111f74                hidSharedMem
 .bss.hidEvents
                0x00111f78       0x14 /opt/devkitpro/libctru/lib/libctru.a(hid.o)
                0x00111f78                hidEvents
 .bss.hidMemHandle
                0x00111f8c        0x4 /opt/devkitpro/libctru/lib/libctru.a(hid.o)
                0x00111f8c                hidMemHandle
 .bss.hidHandle
                0x00111f90        0x4 /opt/devkitpro/libctru/lib/libctru.a(hid.o)
                0x00111f90                hidHandle
 .bss.irrstRefCount
                0x00111f94        0x4 /opt/devkitpro/libctru/lib/libctru.a(irrst.o)
 .bss.csPos     0x00111f98        0x4 /opt/devkitpro/libctru/lib/libctru.a(irrst.o)
 .bss.kHeld     0x00111f9c        0x4 /opt/devkitpro/libctru/lib/libctru.a(irrst.o)
 .bss.irrstSharedMem
                0x00111fa0        0x4 /opt/devkitpro/libctru/lib/libctru.a(irrst.o)
                0x00111fa0                irrstSharedMem
 .bss.irrstEvent
                0x00111fa4        0x4 /opt/devkitpro/libctru/lib/libctru.a(irrst.o)
                0x00111fa4                irrstEvent
 .bss.irrstMemHandle
                0x00111fa8        0x4 /opt/devkitpro/libctru/lib/libctru.a(irrst.o)
                0x00111fa8                irrstMemHandle
 .bss.irrstHandle
                0x00111fac        0x4 /opt/devkitpro/libctru/lib/libctru.a(irrst.o)
                0x00111fac                irrstHandle
 .bss.__system_retAddr
                0x00111fb0        0x4 /opt/devkitpro/libctru/lib/libctru.a(ctru_init.o)
                0x00111fb0                __system_retAddr
 .bss.__system_argv
                0x00111fb4        0x4 /opt/devkitpro/libctru/lib/libctru.a(initArgv.o)
                0x00111fb4                __system_argv
 .bss.__system_argc
                0x00111fb8        0x4 /opt/devkitpro/libctru/lib/libctru.a(initArgv.o)
                0x00111fb8                __system_argc
 .bss.saved_stack.42
                0x00111fbc        0x8 /opt/devkitpro/libctru/lib/libctru.a(stack_adjust.o)
 *fill*         0x00111fc4        0x4 
 .bss._ZL11sLinearPool
                0x00111fc8        0x8 /opt/devkitpro/libctru/lib/libctru.a(linear.o)
 .bss._ZL8sAddrMap
                0x00111fd0        0xc /opt/devkitpro/libctru/lib/libctru.a(linear.o)
 *fill*         0x00111fdc        0x4 
 .bss._ZL10sVramPoolB
                0x00111fe0        0x8 /opt/devkitpro/libctru/lib/libctru.a(vram.o)
 .bss._ZL10sVramPoolA
                0x00111fe8        0x8 /opt/devkitpro/libctru/lib/libctru.a(vram.o)
 .bss._ZL8sAddrMap
                0x00111ff0        0xc /opt/devkitpro/libctru/lib/libctru.a(vram.o)
 .bss.__3dslink_host
                0x00111ffc        0x4 /opt/devkitpro/libctru/lib/libctru.a(3dslink.o)
                0x00111ffc                __3dslink_host
 .bss.__ctru_speedup
                0x00112000        0x1 /opt/devkitpro/libctru/lib/libctru.a(os.o)
                0x00112000                __ctru_speedup
 *fill*         0x00112001        0x3 
 .bss.srvRefCount
                0x00112004        0x4 /opt/devkitpro/libctru/lib/libctru.a(srv.o)
 .bss.srvHandle
                0x00112008        0x4 /opt/devkitpro/libctru/lib/libctru.a(srv.o)
 .bss.arbiter   0x0011200c        0x4 /opt/devkitpro/libctru/lib/libctru.a(synchronization.o)
 .bss.currentAddr
                0x00112010        0x4 /opt/devkitpro/libctru/lib/libctru.a(mappable.o)
 .bss.maxAddr   0x00112014        0x4 /opt/devkitpro/libctru/lib/libctru.a(mappable.o)
 .bss.minAddr   0x00112018        0x4 /opt/devkitpro/libctru/lib/libctru.a(mappable.o)
 .bss.ptmSysmRefCount
                0x0011201c        0x4 /opt/devkitpro/libctru/lib/libctru.a(ptmsysm.o)
 .bss.ptmSysmHandle
                0x00112020        0x4 /opt/devkitpro/libctru/lib/libctru.a(ptmsysm.o)
 .bss.srvPmHandle
                0x00112024        0x4 /opt/devkitpro/libctru/lib/libctru.a(srvpm.o)
 .bss.__ctru_linear_heap_size
                0x00112028        0x4 /opt/devkitpro/libctru/lib/libctru.a(allocateHeaps.o)
                0x00112028                __ctru_linear_heap_size
 .bss.__ctru_heap_size
                0x0011202c        0x4 /opt/devkitpro/libctru/lib/libctru.a(allocateHeaps.o)
                0x0011202c                __ctru_heap_size
 .bss.__ctru_linear_heap
                0x00112030        0x4 /opt/devkitpro/libctru/lib/libctru.a(allocateHeaps.o)
                0x00112030                __ctru_linear_heap
 .bss.__ctru_heap
                0x00112034        0x4 /opt/devkitpro/libctru/lib/libctru.a(allocateHeaps.o)
                0x00112034                __ctru_heap
 .bss.archive_devices
                0x00112038      0x5c0 /opt/devkitpro/libctru/lib/libctru.a(archive_dev.o)
 .bss.archive_device_cwd
                0x001125f8        0x4 /opt/devkitpro/libctru/lib/libctru.a(archive_dev.o)
 .bss.archive_initialized
                0x001125fc        0x1 /opt/devkitpro/libctru/lib/libctru.a(archive_dev.o)
 *fill*         0x001125fd        0x3 
 .bss.fsExemptArchives
                0x00112600       0x80 /opt/devkitpro/libctru/lib/libctru.a(fs.o)
 .bss.fsuRefCount
                0x00112680        0x4 /opt/devkitpro/libctru/lib/libctru.a(fs.o)
 .bss.fsuHandle
                0x00112684        0x4 /opt/devkitpro/libctru/lib/libctru.a(fs.o)
 .bss.__sfp_recursive_mutex
                0x00112688        0xc /opt/devkitpro/devkitARM/bin/../lib/gcc/arm-none-eabi/14.2.0/../../../../arm-none-eabi/lib/armv6k/fpu/libg.a(libc_a-findfp.o)
 *fill*         0x00112694        0x4 
 .bss.__sf      0x00112698      0x168 /opt/devkitpro/devkitARM/bin/../lib/gcc/arm-none-eabi/14.2.0/../../../../arm-none-eabi/lib/armv6k/fpu/libg.a(libc_a-findfp.o)
                0x00112698                __sf
 .bss.__stdio_exit_handler
                0x00112800        0x4 /opt/devkitpro/devkitARM/bin/../lib/gcc/arm-none-eabi/14.2.0/../../../../arm-none-eabi/lib/armv6k/fpu/libg.a(libc_a-findfp.o)
                0x00112800                __stdio_exit_handler
 .bss.__malloc_current_mallinfo
                0x00112804       0x28 /opt/devkitpro/devkitARM/bin/../lib/gcc/arm-none-eabi/14.2.0/../../../../arm-none-eabi/lib/armv6k/fpu/libg.a(libc_a-mallocr.o)
                0x00112804                __malloc_current_mallinfo
 .bss.__malloc_max_total_mem
                0x0011282c        0x4 /opt/devkitpro/devkitARM/bin/../lib/gcc/arm-none-eabi/14.2.0/../../../../arm-none-eabi/lib/armv6k/fpu/libg.a(libc_a-mallocr.o)
                0x0011282c                __malloc_max_total_mem
 .bss.__malloc_max_sbrked_mem
                0x00112830        0x4 /opt/devkitpro/devkitARM/bin/../lib/gcc/arm-none-eabi/14.2.0/../../../../arm-none-eabi/lib/armv6k/fpu/libg.a(libc_a-mallocr.o)
                0x00112830                __malloc_max_sbrked_mem
 .bss.__malloc_top_pad
                0x00112834        0x4 /opt/devkitpro/devkitARM/bin/../lib/gcc/arm-none-eabi/14.2.0/../../../../arm-none-eabi/lib/armv6k/fpu/libg.a(libc_a-mallocr.o)
                0x00112834                __malloc_top_pad
 .bss.__malloc_recursive_mutex
                0x00112838        0xc /opt/devkitpro/devkitARM/bin/../lib/gcc/arm-none-eabi/14.2.0/../../../../arm-none-eabi/lib/armv6k/fpu/libg.a(libc_a-mlock.o)
 .bss.temp_cwd  0x00112844      0x400 /opt/devkitpro/devkitARM/bin/../lib/gcc/arm-none-eabi/14.2.0/../../../../arm-none-eabi/lib/armv6k/fpu/libsysbase.a(libsysbase_libsysbase_a-chdir.o)
 .bss.__hndl_lock
                0x00112c44        0x4 /opt/devkitpro/devkitARM/bin/../lib/gcc/arm-none-eabi/14.2.0/../../../../arm-none-eabi/lib/armv6k/fpu/libsysbase.a(libsysbase_libsysbase_a-handle_manager.o)
 .bss.fake_heap_start
                0x00112c48        0x4 /opt/devkitpro/devkitARM/bin/../lib/gcc/arm-none-eabi/14.2.0/../../../../arm-none-eabi/lib/armv6k/fpu/libsysbase.a(libsysbase_libsysbase_a-malloc_vars.o)
                0x00112c48                fake_heap_start
 .bss.fake_heap_end
                0x00112c4c        0x4 /opt/devkitpro/devkitARM/bin/../lib/gcc/arm-none-eabi/14.2.0/../../../../arm-none-eabi/lib/armv6k/fpu/libsysbase.a(libsysbase_libsysbase_a-malloc_vars.o)
                0x00112c4c                fake_heap_end
 .bss.heap_start.0
                0x00112c50        0x4 /opt/devkitpro/devkitARM/bin/../lib/gcc/arm-none-eabi/14.2.0/../../../../arm-none-eabi/lib/armv6k/fpu/libsysbase.a(libsysbase_libsysbase_a-sbrk.o)
 *(.gnu.linkonce.b*)
 *(COMMON)
                0x00112c54                        . = (0x8 + ABSOLUTE (ALIGN (ABSOLUTE ((. - 0x8)), MAX (ALIGNOF (.tdata), ALIGNOF (.tbss)))))
                0x00112c54                        __tls_start = .
                0x00112c54                        . = (. + SIZEOF (.tdata))
                0x00112c54                        . = ALIGN (ALIGNOF (.tbss))
                0x0011385c                        . = (. + SIZEOF (.tbss))
 *fill*         0x00112c54      0xc08 
                0x0011385c                        __tls_end = .
                0x0011385c                        __bss_end__ = .
                0x0011385c                        __end__ = ABSOLUTE (.)

/DISCARD/
 *(.group .comment .note)

.stab
 *(.stab)

.stabstr
 *(.stabstr)

.stab.excl
 *(.stab.excl)

.stab.exclstr
 *(.stab.exclstr)

.stab.index
 *(.stab.index)

.stab.indexstr
 *(.stab.indexstr)

.debug
 *(.debug)

.line
 *(.line)

.debug_srcinfo
 *(.debug_srcinfo)

.debug_sfnames
 *(.debug_sfnames)

.debug_aranges  0x00000000     0x1680
 *(.debug_aranges)
 .debug_aranges
                0x00000000       0x20 main.o
 .debug_aranges
                0x00000020       0x88 /opt/devkitpro/libctru/lib/libctru.a(console.o)
 .debug_aranges
                0x000000a8       0xa0 /opt/devkitpro/libctru/lib/libctru.a(gfx.o)
 .debug_aranges
                0x00000148      0x268 /opt/devkitpro/libctru/lib/libctru.a(apt.o)
 .debug_aranges
                0x000003b0      0x108 /opt/devkitpro/libctru/lib/libctru.a(gspgpu.o)
 .debug_aranges
                0x000004b8       0xd0 /opt/devkitpro/libctru/lib/libctru.a(hid.o)
 .debug_aranges
                0x00000588       0x68 /opt/devkitpro/libctru/lib/libctru.a(irrst.o)
 .debug_aranges
                0x000005f0       0x20 /opt/devkitpro/libctru/lib/libctru.a(ctru_init.o)
 .debug_aranges
                0x00000610       0x20 /opt/devkitpro/libctru/lib/libctru.a(initArgv.o)
 .debug_aranges
                0x00000630       0xe0 /opt/devkitpro/libctru/lib/libctru.a(syscalls.o)
 .debug_aranges
                0x00000710      0x330 /opt/devkitpro/libctru/lib/libctru.a(svc.o)
 .debug_aranges
                0x00000a40       0x28 /opt/devkitpro/libctru/lib/libctru.a(stack_adjust.o)
 .debug_aranges
                0x00000a68       0x58 /opt/devkitpro/libctru/lib/libctru.a(linear.o)
 .debug_aranges
                0x00000ac0       0x38 /opt/devkitpro/libctru/lib/libctru.a(mem_pool.o)
 .debug_aranges
                0x00000af8       0x68 /opt/devkitpro/libctru/lib/libctru.a(vram.o)
 .debug_aranges
                0x00000b60       0x20 /opt/devkitpro/libctru/lib/libctru.a(3dslink.o)
 .debug_aranges
                0x00000b80       0x28 /opt/devkitpro/libctru/lib/libctru.a(env.o)
 .debug_aranges
                0x00000ba8       0x58 /opt/devkitpro/libctru/lib/libctru.a(os.o)
 .debug_aranges
                0x00000c00       0xc0 /opt/devkitpro/libctru/lib/libctru.a(srv.o)
 .debug_aranges
                0x00000cc0       0xf0 /opt/devkitpro/libctru/lib/libctru.a(synchronization.o)
 .debug_aranges
                0x00000db0       0x60 /opt/devkitpro/libctru/lib/libctru.a(thread.o)
 .debug_aranges
                0x00000e10       0x38 /opt/devkitpro/libctru/lib/libctru.a(mappable.o)
 .debug_aranges
                0x00000e48       0xa0 /opt/devkitpro/libctru/lib/libctru.a(ptmsysm.o)
 .debug_aranges
                0x00000ee8       0x50 /opt/devkitpro/libctru/lib/libctru.a(srvpm.o)
 .debug_aranges
                0x00000f38       0x20 /opt/devkitpro/libctru/lib/libctru.a(rbtree_find.o)
 .debug_aranges
                0x00000f58       0x20 /opt/devkitpro/libctru/lib/libctru.a(rbtree_init.o)
 .debug_aranges
                0x00000f78       0x30 /opt/devkitpro/libctru/lib/libctru.a(rbtree_insert.o)
 .debug_aranges
                0x00000fa8       0x20 /opt/devkitpro/libctru/lib/libctru.a(rbtree_remove.o)
 .debug_aranges
                0x00000fc8       0x20 /opt/devkitpro/libctru/lib/libctru.a(rbtree_rotate.o)
 .debug_aranges
                0x00000fe8       0x20 /opt/devkitpro/libctru/lib/libctru.a(allocateHeaps.o)
 .debug_aranges
                0x00001008       0x20 /opt/devkitpro/libctru/lib/libctru.a(appExit.o)
 .debug_aranges
                0x00001028       0x20 /opt/devkitpro/libctru/lib/libctru.a(appInit.o)
 .debug_aranges
                0x00001048       0x20 /opt/devkitpro/libctru/lib/libctru.a(ctru_exit.o)
 .debug_aranges
                0x00001068      0x140 /opt/devkitpro/libctru/lib/libctru.a(archive_dev.o)
 .debug_aranges
                0x000011a8       0x18 /opt/devkitpro/libctru/lib/libctru.a(path_buf.o)
 .debug_aranges
                0x000011c0      0x3b8 /opt/devkitpro/libctru/lib/libctru.a(fs.o)
 .debug_aranges
                0x00001578       0x28 /opt/devkitpro/libctru/lib/libctru.a(rbtree_iterator.o)
 .debug_aranges
                0x000015a0       0x20 /opt/devkitpro/libctru/lib/libctru.a(decode_utf8.o)
 .debug_aranges
                0x000015c0       0x20 /opt/devkitpro/libctru/lib/libctru.a(utf16_to_utf8.o)
 .debug_aranges
                0x000015e0       0x20 /opt/devkitpro/libctru/lib/libctru.a(utf8_to_utf16.o)
 .debug_aranges
                0x00001600       0x20 /opt/devkitpro/libctru/lib/libctru.a(readtp.o)
 .debug_aranges
                0x00001620       0x20 /opt/devkitpro/libctru/lib/libctru.a(decode_utf16.o)
 .debug_aranges
                0x00001640       0x20 /opt/devkitpro/libctru/lib/libctru.a(encode_utf16.o)
 .debug_aranges
                0x00001660       0x20 /opt/devkitpro/libctru/lib/libctru.a(encode_utf8.o)

.debug_pubnames
 *(.debug_pubnames)

.debug_info     0x00000000    0x2d8d0
 *(.debug_info)
 .debug_info    0x00000000      0x4f7 main.o
 .debug_info    0x000004f7     0x21f3 /opt/devkitpro/libctru/lib/libctru.a(console.o)
 .debug_info    0x000026ea      0xd02 /opt/devkitpro/libctru/lib/libctru.a(gfx.o)
 .debug_info    0x000033ec     0x55ab /opt/devkitpro/libctru/lib/libctru.a(apt.o)
 .debug_info    0x00008997     0x5bfc /opt/devkitpro/libctru/lib/libctru.a(gspgpu.o)
 .debug_info    0x0000e593     0x13d9 /opt/devkitpro/libctru/lib/libctru.a(hid.o)
 .debug_info    0x0000f96c      0xafc /opt/devkitpro/libctru/lib/libctru.a(irrst.o)
 .debug_info    0x00010468      0x185 /opt/devkitpro/libctru/lib/libctru.a(ctru_init.o)
 .debug_info    0x000105ed      0x2bc /opt/devkitpro/libctru/lib/libctru.a(initArgv.o)
 .debug_info    0x000108a9     0x1765 /opt/devkitpro/libctru/lib/libctru.a(syscalls.o)
 .debug_info    0x0001200e       0x23 /opt/devkitpro/libctru/lib/libctru.a(svc.o)
 .debug_info    0x00012031       0x23 /opt/devkitpro/libctru/lib/libctru.a(stack_adjust.o)
 .debug_info    0x00012054     0x114a /opt/devkitpro/libctru/lib/libctru.a(linear.o)
 .debug_info    0x0001319e      0xffc /opt/devkitpro/libctru/lib/libctru.a(mem_pool.o)
 .debug_info    0x0001419a     0x1739 /opt/devkitpro/libctru/lib/libctru.a(vram.o)
 .debug_info    0x000158d3      0xa42 /opt/devkitpro/libctru/lib/libctru.a(3dslink.o)
 .debug_info    0x00016315      0x2a9 /opt/devkitpro/libctru/lib/libctru.a(env.o)
 .debug_info    0x000165be      0x6cc /opt/devkitpro/libctru/lib/libctru.a(os.o)
 .debug_info    0x00016c8a     0x1af2 /opt/devkitpro/libctru/lib/libctru.a(srv.o)
 .debug_info    0x0001877c     0x2956 /opt/devkitpro/libctru/lib/libctru.a(synchronization.o)
 .debug_info    0x0001b0d2     0x1152 /opt/devkitpro/libctru/lib/libctru.a(thread.o)
 .debug_info    0x0001c224      0x36d /opt/devkitpro/libctru/lib/libctru.a(mappable.o)
 .debug_info    0x0001c591      0xb13 /opt/devkitpro/libctru/lib/libctru.a(ptmsysm.o)
 .debug_info    0x0001d0a4      0x872 /opt/devkitpro/libctru/lib/libctru.a(srvpm.o)
 .debug_info    0x0001d916      0x1e0 /opt/devkitpro/libctru/lib/libctru.a(rbtree_find.o)
 .debug_info    0x0001daf6      0x17c /opt/devkitpro/libctru/lib/libctru.a(rbtree_init.o)
 .debug_info    0x0001dc72      0x661 /opt/devkitpro/libctru/lib/libctru.a(rbtree_insert.o)
 .debug_info    0x0001e2d3      0x992 /opt/devkitpro/libctru/lib/libctru.a(rbtree_remove.o)
 .debug_info    0x0001ec65      0x358 /opt/devkitpro/libctru/lib/libctru.a(rbtree_rotate.o)
 .debug_info    0x0001efbd      0x529 /opt/devkitpro/libctru/lib/libctru.a(allocateHeaps.o)
 .debug_info    0x0001f4e6      0x13d /opt/devkitpro/libctru/lib/libctru.a(appExit.o)
 .debug_info    0x0001f623      0x148 /opt/devkitpro/libctru/lib/libctru.a(appInit.o)
 .debug_info    0x0001f76b      0x2b7 /opt/devkitpro/libctru/lib/libctru.a(ctru_exit.o)
 .debug_info    0x0001fa22     0x4272 /opt/devkitpro/libctru/lib/libctru.a(archive_dev.o)
 .debug_info    0x00023c94       0xd7 /opt/devkitpro/libctru/lib/libctru.a(path_buf.o)
 .debug_info    0x00023d6b     0x8f48 /opt/devkitpro/libctru/lib/libctru.a(fs.o)
 .debug_info    0x0002ccb3      0x351 /opt/devkitpro/libctru/lib/libctru.a(rbtree_iterator.o)
 .debug_info    0x0002d004      0x158 /opt/devkitpro/libctru/lib/libctru.a(decode_utf8.o)
 .debug_info    0x0002d15c      0x205 /opt/devkitpro/libctru/lib/libctru.a(utf16_to_utf8.o)
 .debug_info    0x0002d361      0x205 /opt/devkitpro/libctru/lib/libctru.a(utf8_to_utf16.o)
 .debug_info    0x0002d566       0x24 /opt/devkitpro/libctru/lib/libctru.a(readtp.o)
 .debug_info    0x0002d58a      0x134 /opt/devkitpro/libctru/lib/libctru.a(decode_utf16.o)
 .debug_info    0x0002d6be      0x109 /opt/devkitpro/libctru/lib/libctru.a(encode_utf16.o)
 .debug_info    0x0002d7c7      0x109 /opt/devkitpro/libctru/lib/libctru.a(encode_utf8.o)

.debug_abbrev   0x00000000     0x711d
 *(.debug_abbrev)
 .debug_abbrev  0x00000000      0x1a6 main.o
 .debug_abbrev  0x000001a6      0x5f1 /opt/devkitpro/libctru/lib/libctru.a(console.o)
 .debug_abbrev  0x00000797      0x389 /opt/devkitpro/libctru/lib/libctru.a(gfx.o)
 .debug_abbrev  0x00000b20      0x763 /opt/devkitpro/libctru/lib/libctru.a(apt.o)
 .debug_abbrev  0x00001283      0x640 /opt/devkitpro/libctru/lib/libctru.a(gspgpu.o)
 .debug_abbrev  0x000018c3      0x516 /opt/devkitpro/libctru/lib/libctru.a(hid.o)
 .debug_abbrev  0x00001dd9      0x38b /opt/devkitpro/libctru/lib/libctru.a(irrst.o)
 .debug_abbrev  0x00002164      0x129 /opt/devkitpro/libctru/lib/libctru.a(ctru_init.o)
 .debug_abbrev  0x0000228d      0x198 /opt/devkitpro/libctru/lib/libctru.a(initArgv.o)
 .debug_abbrev  0x00002425      0x4f5 /opt/devkitpro/libctru/lib/libctru.a(syscalls.o)
 .debug_abbrev  0x0000291a       0x12 /opt/devkitpro/libctru/lib/libctru.a(svc.o)
 .debug_abbrev  0x0000292c       0x12 /opt/devkitpro/libctru/lib/libctru.a(stack_adjust.o)
 .debug_abbrev  0x0000293e      0x438 /opt/devkitpro/libctru/lib/libctru.a(linear.o)
 .debug_abbrev  0x00002d76      0x39e /opt/devkitpro/libctru/lib/libctru.a(mem_pool.o)
 .debug_abbrev  0x00003114      0x484 /opt/devkitpro/libctru/lib/libctru.a(vram.o)
 .debug_abbrev  0x00003598      0x259 /opt/devkitpro/libctru/lib/libctru.a(3dslink.o)
 .debug_abbrev  0x000037f1      0x1bf /opt/devkitpro/libctru/lib/libctru.a(env.o)
 .debug_abbrev  0x000039b0      0x2b2 /opt/devkitpro/libctru/lib/libctru.a(os.o)
 .debug_abbrev  0x00003c62      0x514 /opt/devkitpro/libctru/lib/libctru.a(srv.o)
 .debug_abbrev  0x00004176      0x4f2 /opt/devkitpro/libctru/lib/libctru.a(synchronization.o)
 .debug_abbrev  0x00004668      0x495 /opt/devkitpro/libctru/lib/libctru.a(thread.o)
 .debug_abbrev  0x00004afd      0x1d3 /opt/devkitpro/libctru/lib/libctru.a(mappable.o)
 .debug_abbrev  0x00004cd0      0x263 /opt/devkitpro/libctru/lib/libctru.a(ptmsysm.o)